[2022-02-10T20:38:10.296+0530][gc,heap] Heap region size: 1M
[2022-02-10T20:38:10.307+0530][gc     ] Using G1
[2022-02-10T20:38:10.307+0530][gc,heap,coops] Heap address: 0x00000007c0000000, size: 1024 MB, Compressed Oops mode: Zero based, Oop shift amount: 3
[2022-02-10T20:38:11.474+0530][gc,start     ] GC(0) Pause Young (Concurrent Start) (Metadata GC Threshold)
[2022-02-10T20:38:11.474+0530][gc,task      ] GC(0) Using 10 workers of 10 for evacuation
[2022-02-10T20:38:11.482+0530][gc,phases    ] GC(0)   Pre Evacuate Collection Set: 0.0ms
[2022-02-10T20:38:11.482+0530][gc,phases    ] GC(0)   Evacuate Collection Set: 7.3ms
[2022-02-10T20:38:11.482+0530][gc,phases    ] GC(0)   Post Evacuate Collection Set: 0.4ms
[2022-02-10T20:38:11.482+0530][gc,phases    ] GC(0)   Other: 0.9ms
[2022-02-10T20:38:11.482+0530][gc,heap      ] GC(0) Eden regions: 41->0(44)
[2022-02-10T20:38:11.482+0530][gc,heap      ] GC(0) Survivor regions: 0->7(7)
[2022-02-10T20:38:11.482+0530][gc,heap      ] GC(0) Old regions: 0->1
[2022-02-10T20:38:11.482+0530][gc,heap      ] GC(0) Humongous regions: 0->0
[2022-02-10T20:38:11.482+0530][gc,metaspace ] GC(0) Metaspace: 20513K->20513K(1069056K)
[2022-02-10T20:38:11.482+0530][gc           ] GC(0) Pause Young (Concurrent Start) (Metadata GC Threshold) 41M->7M(1024M) 8.757ms
[2022-02-10T20:38:11.482+0530][gc,cpu       ] GC(0) User=0.02s Sys=0.01s Real=0.01s
[2022-02-10T20:38:11.482+0530][gc           ] GC(1) Concurrent Cycle
[2022-02-10T20:38:11.482+0530][gc,marking   ] GC(1) Concurrent Clear Claimed Marks
[2022-02-10T20:38:11.482+0530][gc,marking   ] GC(1) Concurrent Clear Claimed Marks 0.021ms
[2022-02-10T20:38:11.483+0530][gc,marking   ] GC(1) Concurrent Scan Root Regions
[2022-02-10T20:38:11.484+0530][gc,marking   ] GC(1) Concurrent Scan Root Regions 1.524ms
[2022-02-10T20:38:11.484+0530][gc,marking   ] GC(1) Concurrent Mark (1.198s)
[2022-02-10T20:38:11.484+0530][gc,marking   ] GC(1) Concurrent Mark From Roots
[2022-02-10T20:38:11.484+0530][gc,task      ] GC(1) Using 3 workers of 3 for marking
[2022-02-10T20:38:11.484+0530][gc,marking   ] GC(1) Concurrent Mark From Roots 0.198ms
[2022-02-10T20:38:11.484+0530][gc,marking   ] GC(1) Concurrent Preclean
[2022-02-10T20:38:11.484+0530][gc,marking   ] GC(1) Concurrent Preclean 0.038ms
[2022-02-10T20:38:11.484+0530][gc,marking   ] GC(1) Concurrent Mark (1.198s, 1.199s) 0.296ms
[2022-02-10T20:38:11.484+0530][gc,start     ] GC(1) Pause Remark
[2022-02-10T20:38:11.486+0530][gc,stringtable] GC(1) Cleaned string and symbol table, strings: 7227 processed, 0 removed, symbols: 63513 processed, 43 removed
[2022-02-10T20:38:11.486+0530][gc            ] GC(1) Pause Remark 7M->7M(1024M) 1.371ms
[2022-02-10T20:38:11.486+0530][gc,cpu        ] GC(1) User=0.01s Sys=0.00s Real=0.00s
[2022-02-10T20:38:11.486+0530][gc,marking    ] GC(1) Concurrent Rebuild Remembered Sets
[2022-02-10T20:38:11.486+0530][gc,marking    ] GC(1) Concurrent Rebuild Remembered Sets 0.083ms
[2022-02-10T20:38:11.486+0530][gc,start      ] GC(1) Pause Cleanup
[2022-02-10T20:38:11.486+0530][gc            ] GC(1) Pause Cleanup 7M->7M(1024M) 0.149ms
[2022-02-10T20:38:11.486+0530][gc,cpu        ] GC(1) User=0.00s Sys=0.00s Real=0.00s
[2022-02-10T20:38:11.486+0530][gc,marking    ] GC(1) Concurrent Cleanup for Next Mark
[2022-02-10T20:38:11.492+0530][gc,marking    ] GC(1) Concurrent Cleanup for Next Mark 6.028ms
[2022-02-10T20:38:11.492+0530][gc            ] GC(1) Concurrent Cycle 10.021ms
[2022-02-10T20:38:12.669+0530][gc,start      ] GC(2) Pause Young (Normal) (G1 Evacuation Pause)
[2022-02-10T20:38:12.670+0530][gc,task       ] GC(2) Using 10 workers of 10 for evacuation
[2022-02-10T20:38:12.676+0530][gc,phases     ] GC(2)   Pre Evacuate Collection Set: 0.0ms
[2022-02-10T20:38:12.676+0530][gc,phases     ] GC(2)   Evacuate Collection Set: 6.2ms
[2022-02-10T20:38:12.676+0530][gc,phases     ] GC(2)   Post Evacuate Collection Set: 0.5ms
[2022-02-10T20:38:12.676+0530][gc,phases     ] GC(2)   Other: 0.1ms
[2022-02-10T20:38:12.676+0530][gc,heap       ] GC(2) Eden regions: 44->0(48)
[2022-02-10T20:38:12.676+0530][gc,heap       ] GC(2) Survivor regions: 7->3(7)
[2022-02-10T20:38:12.676+0530][gc,heap       ] GC(2) Old regions: 1->7
[2022-02-10T20:38:12.676+0530][gc,heap       ] GC(2) Humongous regions: 129->129
[2022-02-10T20:38:12.676+0530][gc,metaspace  ] GC(2) Metaspace: 30131K->30131K(1077248K)
[2022-02-10T20:38:12.676+0530][gc            ] GC(2) Pause Young (Normal) (G1 Evacuation Pause) 180M->137M(1024M) 6.989ms
[2022-02-10T20:38:12.676+0530][gc,cpu        ] GC(2) User=0.04s Sys=0.01s Real=0.01s
[2022-02-10T20:38:12.923+0530][gc,start      ] GC(3) Pause Young (Concurrent Start) (Metadata GC Threshold)
[2022-02-10T20:38:12.923+0530][gc,task       ] GC(3) Using 10 workers of 10 for evacuation
[2022-02-10T20:38:12.925+0530][gc,phases     ] GC(3)   Pre Evacuate Collection Set: 0.1ms
[2022-02-10T20:38:12.925+0530][gc,phases     ] GC(3)   Evacuate Collection Set: 1.6ms
[2022-02-10T20:38:12.925+0530][gc,phases     ] GC(3)   Post Evacuate Collection Set: 0.2ms
[2022-02-10T20:38:12.925+0530][gc,phases     ] GC(3)   Other: 0.2ms
[2022-02-10T20:38:12.925+0530][gc,heap       ] GC(3) Eden regions: 21->0(48)
[2022-02-10T20:38:12.925+0530][gc,heap       ] GC(3) Survivor regions: 3->3(7)
[2022-02-10T20:38:12.925+0530][gc,heap       ] GC(3) Old regions: 7->7
[2022-02-10T20:38:12.925+0530][gc,heap       ] GC(3) Humongous regions: 129->129
[2022-02-10T20:38:12.925+0530][gc,metaspace  ] GC(3) Metaspace: 34629K->34629K(1081344K)
[2022-02-10T20:38:12.925+0530][gc            ] GC(3) Pause Young (Concurrent Start) (Metadata GC Threshold) 158M->138M(1024M) 2.051ms
[2022-02-10T20:38:12.925+0530][gc,cpu        ] GC(3) User=0.01s Sys=0.00s Real=0.00s
[2022-02-10T20:38:12.925+0530][gc            ] GC(4) Concurrent Cycle
[2022-02-10T20:38:12.925+0530][gc,marking    ] GC(4) Concurrent Clear Claimed Marks
[2022-02-10T20:38:12.925+0530][gc,marking    ] GC(4) Concurrent Clear Claimed Marks 0.028ms
[2022-02-10T20:38:12.925+0530][gc,marking    ] GC(4) Concurrent Scan Root Regions
[2022-02-10T20:38:12.926+0530][gc,marking    ] GC(4) Concurrent Scan Root Regions 1.004ms
[2022-02-10T20:38:12.926+0530][gc,marking    ] GC(4) Concurrent Mark (2.640s)
[2022-02-10T20:38:12.926+0530][gc,marking    ] GC(4) Concurrent Mark From Roots
[2022-02-10T20:38:12.926+0530][gc,task       ] GC(4) Using 3 workers of 3 for marking
[2022-02-10T20:38:12.930+0530][gc,marking    ] GC(4) Concurrent Mark From Roots 3.505ms
[2022-02-10T20:38:12.930+0530][gc,marking    ] GC(4) Concurrent Preclean
[2022-02-10T20:38:12.930+0530][gc,marking    ] GC(4) Concurrent Preclean 0.063ms
[2022-02-10T20:38:12.930+0530][gc,marking    ] GC(4) Concurrent Mark (2.640s, 2.644s) 3.620ms
[2022-02-10T20:38:12.930+0530][gc,start      ] GC(4) Pause Remark
[2022-02-10T20:38:12.931+0530][gc,stringtable] GC(4) Cleaned string and symbol table, strings: 10638 processed, 9 removed, symbols: 95222 processed, 31 removed
[2022-02-10T20:38:12.931+0530][gc            ] GC(4) Pause Remark 139M->139M(1024M) 1.446ms
[2022-02-10T20:38:12.931+0530][gc,cpu        ] GC(4) User=0.01s Sys=0.00s Real=0.00s
[2022-02-10T20:38:12.931+0530][gc,marking    ] GC(4) Concurrent Rebuild Remembered Sets
[2022-02-10T20:38:12.934+0530][gc,marking    ] GC(4) Concurrent Rebuild Remembered Sets 2.417ms
[2022-02-10T20:38:12.934+0530][gc,start      ] GC(4) Pause Cleanup
[2022-02-10T20:38:12.934+0530][gc            ] GC(4) Pause Cleanup 139M->139M(1024M) 0.144ms
[2022-02-10T20:38:12.934+0530][gc,cpu        ] GC(4) User=0.00s Sys=0.00s Real=0.00s
[2022-02-10T20:38:12.934+0530][gc,marking    ] GC(4) Concurrent Cleanup for Next Mark
[2022-02-10T20:38:12.940+0530][gc,marking    ] GC(4) Concurrent Cleanup for Next Mark 6.350ms
[2022-02-10T20:38:12.941+0530][gc            ] GC(4) Concurrent Cycle 15.554ms
[2022-02-10T20:38:13.600+0530][gc,start      ] GC(5) Pause Young (Normal) (G1 Evacuation Pause)
[2022-02-10T20:38:13.600+0530][gc,task       ] GC(5) Using 10 workers of 10 for evacuation
[2022-02-10T20:38:13.606+0530][gc,phases     ] GC(5)   Pre Evacuate Collection Set: 0.0ms
[2022-02-10T20:38:13.606+0530][gc,phases     ] GC(5)   Evacuate Collection Set: 5.3ms
[2022-02-10T20:38:13.606+0530][gc,phases     ] GC(5)   Post Evacuate Collection Set: 0.7ms
[2022-02-10T20:38:13.606+0530][gc,phases     ] GC(5)   Other: 0.2ms
[2022-02-10T20:38:13.606+0530][gc,heap       ] GC(5) Eden regions: 48->0(44)
[2022-02-10T20:38:13.606+0530][gc,heap       ] GC(5) Survivor regions: 3->7(7)
[2022-02-10T20:38:13.606+0530][gc,heap       ] GC(5) Old regions: 7->7
[2022-02-10T20:38:13.606+0530][gc,heap       ] GC(5) Humongous regions: 129->129
[2022-02-10T20:38:13.606+0530][gc,metaspace  ] GC(5) Metaspace: 42977K->42977K(1087488K)
[2022-02-10T20:38:13.606+0530][gc            ] GC(5) Pause Young (Normal) (G1 Evacuation Pause) 186M->141M(1024M) 6.317ms
[2022-02-10T20:38:13.607+0530][gc,cpu        ] GC(5) User=0.04s Sys=0.00s Real=0.00s
[2022-02-10T20:38:45.599+0530][gc,heap,exit  ] Heap
[2022-02-10T20:38:45.599+0530][gc,heap,exit  ]  garbage-first heap   total 1048576K, used 162572K [0x00000007c0000000, 0x0000000800000000)
[2022-02-10T20:38:45.599+0530][gc,heap,exit  ]   region size 1024K, 25 young (25600K), 7 survivors (7168K)
[2022-02-10T20:38:45.599+0530][gc,heap,exit  ]  Metaspace       used 45185K, capacity 46807K, committed 47148K, reserved 1089536K
[2022-02-10T20:38:45.599+0530][gc,heap,exit  ]   class space    used 5655K, capacity 6434K, committed 6528K, reserved 1048576K
