[2022-02-11T19:24:54.916+0530][gc,heap] Heap region size: 1M
[2022-02-11T19:24:54.931+0530][gc     ] Using G1
[2022-02-11T19:24:54.931+0530][gc,heap,coops] Heap address: 0x00000007c0000000, size: 1024 MB, Compressed Oops mode: Zero based, Oop shift amount: 3
[2022-02-11T19:24:56.694+0530][gc,start     ] GC(0) Pause Young (Concurrent Start) (Metadata GC Threshold)
[2022-02-11T19:24:56.695+0530][gc,task      ] GC(0) Using 10 workers of 10 for evacuation
[2022-02-11T19:24:56.708+0530][gc,phases    ] GC(0)   Pre Evacuate Collection Set: 0.0ms
[2022-02-11T19:24:56.708+0530][gc,phases    ] GC(0)   Evacuate Collection Set: 11.8ms
[2022-02-11T19:24:56.708+0530][gc,phases    ] GC(0)   Post Evacuate Collection Set: 0.6ms
[2022-02-11T19:24:56.708+0530][gc,phases    ] GC(0)   Other: 1.5ms
[2022-02-11T19:24:56.708+0530][gc,heap      ] GC(0) Eden regions: 42->0(44)
[2022-02-11T19:24:56.708+0530][gc,heap      ] GC(0) Survivor regions: 0->7(7)
[2022-02-11T19:24:56.708+0530][gc,heap      ] GC(0) Old regions: 0->1
[2022-02-11T19:24:56.708+0530][gc,heap      ] GC(0) Humongous regions: 0->0
[2022-02-11T19:24:56.708+0530][gc,metaspace ] GC(0) Metaspace: 20743K->20743K(1069056K)
[2022-02-11T19:24:56.708+0530][gc           ] GC(0) Pause Young (Concurrent Start) (Metadata GC Threshold) 42M->7M(1024M) 14.096ms
[2022-02-11T19:24:56.708+0530][gc,cpu       ] GC(0) User=0.02s Sys=0.00s Real=0.01s
[2022-02-11T19:24:56.708+0530][gc           ] GC(1) Concurrent Cycle
[2022-02-11T19:24:56.708+0530][gc,marking   ] GC(1) Concurrent Clear Claimed Marks
[2022-02-11T19:24:56.708+0530][gc,marking   ] GC(1) Concurrent Clear Claimed Marks 0.073ms
[2022-02-11T19:24:56.708+0530][gc,marking   ] GC(1) Concurrent Scan Root Regions
[2022-02-11T19:24:56.711+0530][gc,marking   ] GC(1) Concurrent Scan Root Regions 2.707ms
[2022-02-11T19:24:56.711+0530][gc,marking   ] GC(1) Concurrent Mark (1.816s)
[2022-02-11T19:24:56.711+0530][gc,marking   ] GC(1) Concurrent Mark From Roots
[2022-02-11T19:24:56.711+0530][gc,task      ] GC(1) Using 3 workers of 3 for marking
[2022-02-11T19:24:56.711+0530][gc,marking   ] GC(1) Concurrent Mark From Roots 0.300ms
[2022-02-11T19:24:56.711+0530][gc,marking   ] GC(1) Concurrent Preclean
[2022-02-11T19:24:56.711+0530][gc,marking   ] GC(1) Concurrent Preclean 0.074ms
[2022-02-11T19:24:56.711+0530][gc,marking   ] GC(1) Concurrent Mark (1.816s, 1.816s) 0.489ms
[2022-02-11T19:24:56.712+0530][gc,start     ] GC(1) Pause Remark
[2022-02-11T19:24:56.714+0530][gc,stringtable] GC(1) Cleaned string and symbol table, strings: 7241 processed, 0 removed, symbols: 63686 processed, 42 removed
[2022-02-11T19:24:56.714+0530][gc            ] GC(1) Pause Remark 7M->7M(1024M) 2.836ms
[2022-02-11T19:24:56.715+0530][gc,cpu        ] GC(1) User=0.02s Sys=0.01s Real=0.00s
[2022-02-11T19:24:56.715+0530][gc,marking    ] GC(1) Concurrent Rebuild Remembered Sets
[2022-02-11T19:24:56.715+0530][gc,marking    ] GC(1) Concurrent Rebuild Remembered Sets 0.122ms
[2022-02-11T19:24:56.715+0530][gc,start      ] GC(1) Pause Cleanup
[2022-02-11T19:24:56.715+0530][gc            ] GC(1) Pause Cleanup 7M->7M(1024M) 0.242ms
[2022-02-11T19:24:56.715+0530][gc,cpu        ] GC(1) User=0.00s Sys=0.00s Real=0.00s
[2022-02-11T19:24:56.715+0530][gc,marking    ] GC(1) Concurrent Cleanup for Next Mark
[2022-02-11T19:24:56.724+0530][gc,marking    ] GC(1) Concurrent Cleanup for Next Mark 9.257ms
[2022-02-11T19:24:56.725+0530][gc            ] GC(1) Concurrent Cycle 16.698ms
[2022-02-11T19:24:59.092+0530][gc,start      ] GC(2) Pause Young (Normal) (G1 Evacuation Pause)
[2022-02-11T19:24:59.092+0530][gc,task       ] GC(2) Using 10 workers of 10 for evacuation
[2022-02-11T19:24:59.104+0530][gc,phases     ] GC(2)   Pre Evacuate Collection Set: 0.0ms
[2022-02-11T19:24:59.104+0530][gc,phases     ] GC(2)   Evacuate Collection Set: 11.7ms
[2022-02-11T19:24:59.104+0530][gc,phases     ] GC(2)   Post Evacuate Collection Set: 0.6ms
[2022-02-11T19:24:59.104+0530][gc,phases     ] GC(2)   Other: 0.2ms
[2022-02-11T19:24:59.104+0530][gc,heap       ] GC(2) Eden regions: 44->0(48)
[2022-02-11T19:24:59.104+0530][gc,heap       ] GC(2) Survivor regions: 7->3(7)
[2022-02-11T19:24:59.110+0530][gc,heap       ] GC(2) Old regions: 1->7
[2022-02-11T19:24:59.110+0530][gc,heap       ] GC(2) Humongous regions: 129->129
[2022-02-11T19:24:59.110+0530][gc,metaspace  ] GC(2) Metaspace: 30461K->30461K(1077248K)
[2022-02-11T19:24:59.110+0530][gc            ] GC(2) Pause Young (Normal) (G1 Evacuation Pause) 180M->137M(1024M) 18.140ms
[2022-02-11T19:24:59.110+0530][gc,cpu        ] GC(2) User=0.06s Sys=0.01s Real=0.02s
[2022-02-11T19:24:59.386+0530][gc,start      ] GC(3) Pause Young (Concurrent Start) (Metadata GC Threshold)
[2022-02-11T19:24:59.386+0530][gc,task       ] GC(3) Using 10 workers of 10 for evacuation
[2022-02-11T19:24:59.389+0530][gc,phases     ] GC(3)   Pre Evacuate Collection Set: 0.1ms
[2022-02-11T19:24:59.389+0530][gc,phases     ] GC(3)   Evacuate Collection Set: 2.5ms
[2022-02-11T19:24:59.389+0530][gc,phases     ] GC(3)   Post Evacuate Collection Set: 0.3ms
[2022-02-11T19:24:59.389+0530][gc,phases     ] GC(3)   Other: 0.2ms
[2022-02-11T19:24:59.389+0530][gc,heap       ] GC(3) Eden regions: 20->0(48)
[2022-02-11T19:24:59.389+0530][gc,heap       ] GC(3) Survivor regions: 3->3(7)
[2022-02-11T19:24:59.389+0530][gc,heap       ] GC(3) Old regions: 7->7
[2022-02-11T19:24:59.389+0530][gc,heap       ] GC(3) Humongous regions: 129->129
[2022-02-11T19:24:59.389+0530][gc,metaspace  ] GC(3) Metaspace: 34738K->34738K(1081344K)
[2022-02-11T19:24:59.389+0530][gc            ] GC(3) Pause Young (Concurrent Start) (Metadata GC Threshold) 157M->138M(1024M) 3.224ms
[2022-02-11T19:24:59.389+0530][gc,cpu        ] GC(3) User=0.02s Sys=0.00s Real=0.00s
[2022-02-11T19:24:59.390+0530][gc            ] GC(4) Concurrent Cycle
[2022-02-11T19:24:59.390+0530][gc,marking    ] GC(4) Concurrent Clear Claimed Marks
[2022-02-11T19:24:59.390+0530][gc,marking    ] GC(4) Concurrent Clear Claimed Marks 0.049ms
[2022-02-11T19:24:59.390+0530][gc,marking    ] GC(4) Concurrent Scan Root Regions
[2022-02-11T19:24:59.391+0530][gc,marking    ] GC(4) Concurrent Scan Root Regions 1.368ms
[2022-02-11T19:24:59.391+0530][gc,marking    ] GC(4) Concurrent Mark (4.496s)
[2022-02-11T19:24:59.391+0530][gc,marking    ] GC(4) Concurrent Mark From Roots
[2022-02-11T19:24:59.391+0530][gc,task       ] GC(4) Using 3 workers of 3 for marking
[2022-02-11T19:24:59.395+0530][gc,marking    ] GC(4) Concurrent Mark From Roots 4.067ms
[2022-02-11T19:24:59.395+0530][gc,marking    ] GC(4) Concurrent Preclean
[2022-02-11T19:24:59.395+0530][gc,marking    ] GC(4) Concurrent Preclean 0.093ms
[2022-02-11T19:24:59.395+0530][gc,marking    ] GC(4) Concurrent Mark (4.496s, 4.500s) 4.250ms
[2022-02-11T19:24:59.396+0530][gc,start      ] GC(4) Pause Remark
[2022-02-11T19:24:59.397+0530][gc,stringtable] GC(4) Cleaned string and symbol table, strings: 10679 processed, 10 removed, symbols: 95331 processed, 33 removed
[2022-02-11T19:24:59.398+0530][gc            ] GC(4) Pause Remark 139M->139M(1024M) 2.031ms
[2022-02-11T19:24:59.398+0530][gc,cpu        ] GC(4) User=0.01s Sys=0.00s Real=0.00s
[2022-02-11T19:24:59.398+0530][gc,marking    ] GC(4) Concurrent Rebuild Remembered Sets
[2022-02-11T19:24:59.401+0530][gc,marking    ] GC(4) Concurrent Rebuild Remembered Sets 3.207ms
[2022-02-11T19:24:59.401+0530][gc,start      ] GC(4) Pause Cleanup
[2022-02-11T19:24:59.401+0530][gc            ] GC(4) Pause Cleanup 139M->139M(1024M) 0.186ms
[2022-02-11T19:24:59.401+0530][gc,cpu        ] GC(4) User=0.00s Sys=0.00s Real=0.00s
[2022-02-11T19:24:59.401+0530][gc,marking    ] GC(4) Concurrent Cleanup for Next Mark
[2022-02-11T19:24:59.410+0530][gc,marking    ] GC(4) Concurrent Cleanup for Next Mark 8.790ms
[2022-02-11T19:24:59.410+0530][gc            ] GC(4) Concurrent Cycle 20.682ms
[2022-02-11T19:25:00.683+0530][gc,start      ] GC(5) Pause Young (Normal) (G1 Evacuation Pause)
[2022-02-11T19:25:00.684+0530][gc,task       ] GC(5) Using 10 workers of 10 for evacuation
[2022-02-11T19:25:00.690+0530][gc,phases     ] GC(5)   Pre Evacuate Collection Set: 0.0ms
[2022-02-11T19:25:00.690+0530][gc,phases     ] GC(5)   Evacuate Collection Set: 5.3ms
[2022-02-11T19:25:00.690+0530][gc,phases     ] GC(5)   Post Evacuate Collection Set: 0.8ms
[2022-02-11T19:25:00.690+0530][gc,phases     ] GC(5)   Other: 0.6ms
[2022-02-11T19:25:00.690+0530][gc,heap       ] GC(5) Eden regions: 48->0(44)
[2022-02-11T19:25:00.690+0530][gc,heap       ] GC(5) Survivor regions: 3->7(7)
[2022-02-11T19:25:00.690+0530][gc,heap       ] GC(5) Old regions: 7->7
[2022-02-11T19:25:00.690+0530][gc,heap       ] GC(5) Humongous regions: 129->129
[2022-02-11T19:25:00.690+0530][gc,metaspace  ] GC(5) Metaspace: 42804K->42804K(1087488K)
[2022-02-11T19:25:00.690+0530][gc            ] GC(5) Pause Young (Normal) (G1 Evacuation Pause) 186M->141M(1024M) 7.031ms
[2022-02-11T19:25:00.690+0530][gc,cpu        ] GC(5) User=0.05s Sys=0.00s Real=0.01s
[2022-02-11T19:30:04.500+0530][gc,start      ] GC(6) Pause Young (Normal) (G1 Evacuation Pause)
[2022-02-11T19:30:04.501+0530][gc,task       ] GC(6) Using 10 workers of 10 for evacuation
[2022-02-11T19:30:04.515+0530][gc,phases     ] GC(6)   Pre Evacuate Collection Set: 0.0ms
[2022-02-11T19:30:04.515+0530][gc,phases     ] GC(6)   Evacuate Collection Set: 12.7ms
[2022-02-11T19:30:04.515+0530][gc,phases     ] GC(6)   Post Evacuate Collection Set: 1.1ms
[2022-02-11T19:30:04.515+0530][gc,phases     ] GC(6)   Other: 1.1ms
[2022-02-11T19:30:04.516+0530][gc,heap       ] GC(6) Eden regions: 44->0(48)
[2022-02-11T19:30:04.516+0530][gc,heap       ] GC(6) Survivor regions: 7->3(7)
[2022-02-11T19:30:04.516+0530][gc,heap       ] GC(6) Old regions: 7->13
[2022-02-11T19:30:04.516+0530][gc,heap       ] GC(6) Humongous regions: 129->129
[2022-02-11T19:30:04.516+0530][gc,metaspace  ] GC(6) Metaspace: 49453K->49453K(1093632K)
[2022-02-11T19:30:04.516+0530][gc            ] GC(6) Pause Young (Normal) (G1 Evacuation Pause) 185M->144M(1024M) 15.173ms
[2022-02-11T19:30:04.516+0530][gc,cpu        ] GC(6) User=0.09s Sys=0.02s Real=0.01s
[2022-02-11T19:35:37.616+0530][gc,start      ] GC(7) Pause Young (Normal) (G1 Evacuation Pause)
[2022-02-11T19:35:37.616+0530][gc,task       ] GC(7) Using 10 workers of 10 for evacuation
[2022-02-11T19:35:37.620+0530][gc,phases     ] GC(7)   Pre Evacuate Collection Set: 0.0ms
[2022-02-11T19:35:37.620+0530][gc,phases     ] GC(7)   Evacuate Collection Set: 3.2ms
[2022-02-11T19:35:37.620+0530][gc,phases     ] GC(7)   Post Evacuate Collection Set: 0.5ms
[2022-02-11T19:35:37.620+0530][gc,phases     ] GC(7)   Other: 0.6ms
[2022-02-11T19:35:37.620+0530][gc,heap       ] GC(7) Eden regions: 48->0(46)
[2022-02-11T19:35:37.620+0530][gc,heap       ] GC(7) Survivor regions: 3->5(7)
[2022-02-11T19:35:37.620+0530][gc,heap       ] GC(7) Old regions: 13->13
[2022-02-11T19:35:37.620+0530][gc,heap       ] GC(7) Humongous regions: 129->129
[2022-02-11T19:35:37.620+0530][gc,metaspace  ] GC(7) Metaspace: 49701K->49701K(1093632K)
[2022-02-11T19:35:37.620+0530][gc            ] GC(7) Pause Young (Normal) (G1 Evacuation Pause) 192M->146M(1024M) 4.380ms
[2022-02-11T19:35:37.620+0530][gc,cpu        ] GC(7) User=0.03s Sys=0.00s Real=0.01s
[2022-02-11T19:41:37.617+0530][gc,start      ] GC(8) Pause Young (Normal) (G1 Evacuation Pause)
[2022-02-11T19:41:37.617+0530][gc,task       ] GC(8) Using 10 workers of 10 for evacuation
[2022-02-11T19:41:37.622+0530][gc,phases     ] GC(8)   Pre Evacuate Collection Set: 0.1ms
[2022-02-11T19:41:37.622+0530][gc,phases     ] GC(8)   Evacuate Collection Set: 4.6ms
[2022-02-11T19:41:37.623+0530][gc,phases     ] GC(8)   Post Evacuate Collection Set: 0.5ms
[2022-02-11T19:41:37.623+0530][gc,phases     ] GC(8)   Other: 0.8ms
[2022-02-11T19:41:37.623+0530][gc,heap       ] GC(8) Eden regions: 46->0(47)
[2022-02-11T19:41:37.623+0530][gc,heap       ] GC(8) Survivor regions: 5->4(7)
[2022-02-11T19:41:37.623+0530][gc,heap       ] GC(8) Old regions: 13->15
[2022-02-11T19:41:37.623+0530][gc,heap       ] GC(8) Humongous regions: 129->129
[2022-02-11T19:41:37.623+0530][gc,metaspace  ] GC(8) Metaspace: 49752K->49752K(1093632K)
[2022-02-11T19:41:37.623+0530][gc            ] GC(8) Pause Young (Normal) (G1 Evacuation Pause) 192M->146M(1024M) 6.147ms
[2022-02-11T19:41:37.623+0530][gc,cpu        ] GC(8) User=0.05s Sys=0.01s Real=0.01s
[2022-02-11T19:47:28.586+0530][gc,start      ] GC(9) Pause Young (Normal) (G1 Evacuation Pause)
[2022-02-11T19:47:28.587+0530][gc,task       ] GC(9) Using 10 workers of 10 for evacuation
[2022-02-11T19:47:28.591+0530][gc,phases     ] GC(9)   Pre Evacuate Collection Set: 0.0ms
[2022-02-11T19:47:28.591+0530][gc,phases     ] GC(9)   Evacuate Collection Set: 3.1ms
[2022-02-11T19:47:28.591+0530][gc,phases     ] GC(9)   Post Evacuate Collection Set: 0.2ms
[2022-02-11T19:47:28.591+0530][gc,phases     ] GC(9)   Other: 1.7ms
[2022-02-11T19:47:28.591+0530][gc,heap       ] GC(9) Eden regions: 47->0(50)
[2022-02-11T19:47:28.591+0530][gc,heap       ] GC(9) Survivor regions: 4->5(7)
[2022-02-11T19:47:28.591+0530][gc,heap       ] GC(9) Old regions: 15->15
[2022-02-11T19:47:28.591+0530][gc,heap       ] GC(9) Humongous regions: 129->129
[2022-02-11T19:47:28.591+0530][gc,metaspace  ] GC(9) Metaspace: 50159K->50159K(1095680K)
[2022-02-11T19:47:28.592+0530][gc            ] GC(9) Pause Young (Normal) (G1 Evacuation Pause) 193M->147M(1024M) 5.744ms
[2022-02-11T19:47:28.592+0530][gc,cpu        ] GC(9) User=0.03s Sys=0.00s Real=0.01s
[2022-02-11T19:53:35.800+0530][gc,start      ] GC(10) Pause Young (Normal) (G1 Evacuation Pause)
[2022-02-11T19:53:35.801+0530][gc,task       ] GC(10) Using 10 workers of 10 for evacuation
[2022-02-11T19:53:35.804+0530][gc,phases     ] GC(10)   Pre Evacuate Collection Set: 0.0ms
[2022-02-11T19:53:35.804+0530][gc,phases     ] GC(10)   Evacuate Collection Set: 2.7ms
[2022-02-11T19:53:35.804+0530][gc,phases     ] GC(10)   Post Evacuate Collection Set: 0.2ms
[2022-02-11T19:53:35.804+0530][gc,phases     ] GC(10)   Other: 0.9ms
[2022-02-11T19:53:35.804+0530][gc,heap       ] GC(10) Eden regions: 50->0(414)
[2022-02-11T19:53:35.804+0530][gc,heap       ] GC(10) Survivor regions: 5->5(7)
[2022-02-11T19:53:35.804+0530][gc,heap       ] GC(10) Old regions: 15->15
[2022-02-11T19:53:35.804+0530][gc,heap       ] GC(10) Humongous regions: 129->129
[2022-02-11T19:53:35.804+0530][gc,metaspace  ] GC(10) Metaspace: 50448K->50448K(1095680K)
[2022-02-11T19:53:35.804+0530][gc            ] GC(10) Pause Young (Normal) (G1 Evacuation Pause) 197M->148M(1024M) 3.999ms
[2022-02-11T19:53:35.804+0530][gc,cpu        ] GC(10) User=0.02s Sys=0.00s Real=0.00s
[2022-02-11T21:13:45.333+0530][gc,start      ] GC(11) Pause Young (Normal) (G1 Evacuation Pause)
[2022-02-11T21:13:45.334+0530][gc,task       ] GC(11) Using 10 workers of 10 for evacuation
[2022-02-11T21:13:45.447+0530][gc,mmu        ] GC(11) MMU target violated: 21.0ms (20.0ms/21.0ms)
[2022-02-11T21:13:45.447+0530][gc,phases     ] GC(11)   Pre Evacuate Collection Set: 3.1ms
[2022-02-11T21:13:45.447+0530][gc,phases     ] GC(11)   Evacuate Collection Set: 101.2ms
[2022-02-11T21:13:45.447+0530][gc,phases     ] GC(11)   Post Evacuate Collection Set: 1.2ms
[2022-02-11T21:13:45.447+0530][gc,phases     ] GC(11)   Other: 9.4ms
[2022-02-11T21:13:45.447+0530][gc,heap       ] GC(11) Eden regions: 414->0(39)
[2022-02-11T21:13:45.447+0530][gc,heap       ] GC(11) Survivor regions: 5->12(53)
[2022-02-11T21:13:45.447+0530][gc,heap       ] GC(11) Old regions: 15->15
[2022-02-11T21:13:45.447+0530][gc,heap       ] GC(11) Humongous regions: 129->129
[2022-02-11T21:13:45.447+0530][gc,metaspace  ] GC(11) Metaspace: 50697K->50697K(1095680K)
[2022-02-11T21:13:45.447+0530][gc            ] GC(11) Pause Young (Normal) (G1 Evacuation Pause) 562M->154M(1024M) 113.781ms
[2022-02-11T21:13:45.447+0530][gc,cpu        ] GC(11) User=0.13s Sys=0.45s Real=0.11s
[2022-02-11T21:21:21.008+0530][gc,start      ] GC(12) Pause Young (Normal) (G1 Evacuation Pause)
[2022-02-11T21:21:21.008+0530][gc,task       ] GC(12) Using 10 workers of 10 for evacuation
[2022-02-11T21:21:21.019+0530][gc,phases     ] GC(12)   Pre Evacuate Collection Set: 0.0ms
[2022-02-11T21:21:21.019+0530][gc,phases     ] GC(12)   Evacuate Collection Set: 10.1ms
[2022-02-11T21:21:21.019+0530][gc,phases     ] GC(12)   Post Evacuate Collection Set: 0.4ms
[2022-02-11T21:21:21.019+0530][gc,phases     ] GC(12)   Other: 1.2ms
[2022-02-11T21:21:21.019+0530][gc,heap       ] GC(12) Eden regions: 39->0(47)
[2022-02-11T21:21:21.019+0530][gc,heap       ] GC(12) Survivor regions: 12->4(7)
[2022-02-11T21:21:21.019+0530][gc,heap       ] GC(12) Old regions: 15->23
[2022-02-11T21:21:21.019+0530][gc,heap       ] GC(12) Humongous regions: 129->129
[2022-02-11T21:21:21.019+0530][gc,metaspace  ] GC(12) Metaspace: 50703K->50703K(1095680K)
[2022-02-11T21:21:21.019+0530][gc            ] GC(12) Pause Young (Normal) (G1 Evacuation Pause) 193M->154M(1024M) 11.362ms
[2022-02-11T21:21:21.020+0530][gc,cpu        ] GC(12) User=0.06s Sys=0.02s Real=0.01s
[2022-02-11T21:49:57.511+0530][gc,start      ] GC(13) Pause Young (Normal) (G1 Evacuation Pause)
[2022-02-11T21:49:57.511+0530][gc,task       ] GC(13) Using 10 workers of 10 for evacuation
[2022-02-11T21:49:57.525+0530][gc,phases     ] GC(13)   Pre Evacuate Collection Set: 0.2ms
[2022-02-11T21:49:57.525+0530][gc,phases     ] GC(13)   Evacuate Collection Set: 12.6ms
[2022-02-11T21:49:57.525+0530][gc,phases     ] GC(13)   Post Evacuate Collection Set: 0.2ms
[2022-02-11T21:49:57.525+0530][gc,phases     ] GC(13)   Other: 0.5ms
[2022-02-11T21:49:57.525+0530][gc,heap       ] GC(13) Eden regions: 47->0(44)
[2022-02-11T21:49:57.525+0530][gc,heap       ] GC(13) Survivor regions: 4->7(7)
[2022-02-11T21:49:57.525+0530][gc,heap       ] GC(13) Old regions: 23->23
[2022-02-11T21:49:57.525+0530][gc,heap       ] GC(13) Humongous regions: 129->129
[2022-02-11T21:49:57.525+0530][gc,metaspace  ] GC(13) Metaspace: 50775K->50775K(1095680K)
[2022-02-11T21:49:57.525+0530][gc            ] GC(13) Pause Young (Normal) (G1 Evacuation Pause) 201M->158M(1024M) 13.680ms
[2022-02-11T21:49:57.525+0530][gc,cpu        ] GC(13) User=0.04s Sys=0.04s Real=0.01s
[2022-02-11T21:58:31.477+0530][gc,start      ] GC(14) Pause Young (Normal) (G1 Evacuation Pause)
[2022-02-11T21:58:31.477+0530][gc,task       ] GC(14) Using 10 workers of 10 for evacuation
[2022-02-11T21:58:31.481+0530][gc,phases     ] GC(14)   Pre Evacuate Collection Set: 0.0ms
[2022-02-11T21:58:31.481+0530][gc,phases     ] GC(14)   Evacuate Collection Set: 3.0ms
[2022-02-11T21:58:31.481+0530][gc,phases     ] GC(14)   Post Evacuate Collection Set: 0.2ms
[2022-02-11T21:58:31.481+0530][gc,phases     ] GC(14)   Other: 0.2ms
[2022-02-11T21:58:31.481+0530][gc,heap       ] GC(14) Eden regions: 44->0(47)
[2022-02-11T21:58:31.481+0530][gc,heap       ] GC(14) Survivor regions: 7->4(7)
[2022-02-11T21:58:31.481+0530][gc,heap       ] GC(14) Old regions: 23->26
[2022-02-11T21:58:31.481+0530][gc,heap       ] GC(14) Humongous regions: 129->129
[2022-02-11T21:58:31.481+0530][gc,metaspace  ] GC(14) Metaspace: 50801K->50801K(1095680K)
[2022-02-11T21:58:31.481+0530][gc            ] GC(14) Pause Young (Normal) (G1 Evacuation Pause) 202M->158M(1024M) 3.598ms
[2022-02-11T21:58:31.481+0530][gc,cpu        ] GC(14) User=0.02s Sys=0.00s Real=0.01s
[2022-02-12T08:50:10.742+0530][gc,start      ] GC(15) Pause Young (Normal) (G1 Evacuation Pause)
[2022-02-12T08:50:10.743+0530][gc,task       ] GC(15) Using 10 workers of 10 for evacuation
[2022-02-12T08:50:10.774+0530][gc,mmu        ] GC(15) MMU target violated: 21.0ms (20.0ms/21.0ms)
[2022-02-12T08:50:10.774+0530][gc,phases     ] GC(15)   Pre Evacuate Collection Set: 2.9ms
[2022-02-12T08:50:10.774+0530][gc,phases     ] GC(15)   Evacuate Collection Set: 22.6ms
[2022-02-12T08:50:10.774+0530][gc,phases     ] GC(15)   Post Evacuate Collection Set: 2.3ms
[2022-02-12T08:50:10.774+0530][gc,phases     ] GC(15)   Other: 5.5ms
[2022-02-12T08:50:10.774+0530][gc,heap       ] GC(15) Eden regions: 47->0(45)
[2022-02-12T08:50:10.774+0530][gc,heap       ] GC(15) Survivor regions: 4->6(7)
[2022-02-12T08:50:10.774+0530][gc,heap       ] GC(15) Old regions: 26->26
[2022-02-12T08:50:10.774+0530][gc,heap       ] GC(15) Humongous regions: 129->129
[2022-02-12T08:50:10.775+0530][gc,metaspace  ] GC(15) Metaspace: 52254K->52254K(1095680K)
[2022-02-12T08:50:10.775+0530][gc            ] GC(15) Pause Young (Normal) (G1 Evacuation Pause) 205M->160M(1024M) 32.528ms
[2022-02-12T08:50:10.775+0530][gc,cpu        ] GC(15) User=0.05s Sys=0.09s Real=0.03s
[2022-02-12T08:58:46.244+0530][gc,start      ] GC(16) Pause Young (Normal) (G1 Evacuation Pause)
[2022-02-12T08:58:46.245+0530][gc,task       ] GC(16) Using 10 workers of 10 for evacuation
[2022-02-12T08:58:46.253+0530][gc,phases     ] GC(16)   Pre Evacuate Collection Set: 0.0ms
[2022-02-12T08:58:46.253+0530][gc,phases     ] GC(16)   Evacuate Collection Set: 7.9ms
[2022-02-12T08:58:46.253+0530][gc,phases     ] GC(16)   Post Evacuate Collection Set: 0.2ms
[2022-02-12T08:58:46.253+0530][gc,phases     ] GC(16)   Other: 0.5ms
[2022-02-12T08:58:46.253+0530][gc,heap       ] GC(16) Eden regions: 45->0(46)
[2022-02-12T08:58:46.253+0530][gc,heap       ] GC(16) Survivor regions: 6->5(7)
[2022-02-12T08:58:46.253+0530][gc,heap       ] GC(16) Old regions: 26->31
[2022-02-12T08:58:46.253+0530][gc,heap       ] GC(16) Humongous regions: 129->129
[2022-02-12T08:58:46.253+0530][gc,metaspace  ] GC(16) Metaspace: 52274K->52274K(1095680K)
[2022-02-12T08:58:46.253+0530][gc            ] GC(16) Pause Young (Normal) (G1 Evacuation Pause) 205M->163M(1024M) 8.808ms
[2022-02-12T08:58:46.253+0530][gc,cpu        ] GC(16) User=0.04s Sys=0.02s Real=0.01s
[2022-02-12T10:29:58.303+0530][gc,start      ] GC(17) Pause Young (Normal) (G1 Evacuation Pause)
[2022-02-12T10:29:58.304+0530][gc,task       ] GC(17) Using 10 workers of 10 for evacuation
[2022-02-12T10:29:58.316+0530][gc,phases     ] GC(17)   Pre Evacuate Collection Set: 1.1ms
[2022-02-12T10:29:58.316+0530][gc,phases     ] GC(17)   Evacuate Collection Set: 10.4ms
[2022-02-12T10:29:58.316+0530][gc,phases     ] GC(17)   Post Evacuate Collection Set: 0.3ms
[2022-02-12T10:29:58.316+0530][gc,phases     ] GC(17)   Other: 0.8ms
[2022-02-12T10:29:58.316+0530][gc,heap       ] GC(17) Eden regions: 46->0(50)
[2022-02-12T10:29:58.316+0530][gc,heap       ] GC(17) Survivor regions: 5->5(7)
[2022-02-12T10:29:58.316+0530][gc,heap       ] GC(17) Old regions: 31->34
[2022-02-12T10:29:58.316+0530][gc,heap       ] GC(17) Humongous regions: 129->129
[2022-02-12T10:29:58.316+0530][gc,metaspace  ] GC(17) Metaspace: 52288K->52288K(1095680K)
[2022-02-12T10:29:58.316+0530][gc            ] GC(17) Pause Young (Normal) (G1 Evacuation Pause) 209M->166M(1024M) 12.698ms
[2022-02-12T10:29:58.316+0530][gc,cpu        ] GC(17) User=0.03s Sys=0.04s Real=0.01s
[2022-02-12T10:53:53.730+0530][gc,start      ] GC(18) Pause Young (Normal) (G1 Evacuation Pause)
[2022-02-12T10:53:53.730+0530][gc,task       ] GC(18) Using 10 workers of 10 for evacuation
[2022-02-12T10:53:53.740+0530][gc,phases     ] GC(18)   Pre Evacuate Collection Set: 0.1ms
[2022-02-12T10:53:53.740+0530][gc,phases     ] GC(18)   Evacuate Collection Set: 9.7ms
[2022-02-12T10:53:53.740+0530][gc,phases     ] GC(18)   Post Evacuate Collection Set: 0.2ms
[2022-02-12T10:53:53.740+0530][gc,phases     ] GC(18)   Other: 0.5ms
[2022-02-12T10:53:53.740+0530][gc,heap       ] GC(18) Eden regions: 50->0(64)
[2022-02-12T10:53:53.740+0530][gc,heap       ] GC(18) Survivor regions: 5->5(7)
[2022-02-12T10:53:53.740+0530][gc,heap       ] GC(18) Old regions: 34->37
[2022-02-12T10:53:53.740+0530][gc,heap       ] GC(18) Humongous regions: 129->129
[2022-02-12T10:53:53.740+0530][gc,metaspace  ] GC(18) Metaspace: 52300K->52300K(1095680K)
[2022-02-12T10:53:53.740+0530][gc            ] GC(18) Pause Young (Normal) (G1 Evacuation Pause) 216M->170M(1024M) 10.615ms
[2022-02-12T10:53:53.741+0530][gc,cpu        ] GC(18) User=0.03s Sys=0.03s Real=0.01s
[2022-02-12T11:10:58.108+0530][gc,start      ] GC(19) Pause Young (Normal) (G1 Evacuation Pause)
[2022-02-12T11:10:58.109+0530][gc,task       ] GC(19) Using 10 workers of 10 for evacuation
[2022-02-12T11:10:58.131+0530][gc,mmu        ] GC(19) MMU target violated: 21.0ms (20.0ms/21.0ms)
[2022-02-12T11:10:58.132+0530][gc,phases     ] GC(19)   Pre Evacuate Collection Set: 0.1ms
[2022-02-12T11:10:58.132+0530][gc,phases     ] GC(19)   Evacuate Collection Set: 22.4ms
[2022-02-12T11:10:58.132+0530][gc,phases     ] GC(19)   Post Evacuate Collection Set: 0.3ms
[2022-02-12T11:10:58.132+0530][gc,phases     ] GC(19)   Other: 1.1ms
[2022-02-12T11:10:58.132+0530][gc,heap       ] GC(19) Eden regions: 64->0(44)
[2022-02-12T11:10:58.132+0530][gc,heap       ] GC(19) Survivor regions: 5->7(9)
[2022-02-12T11:10:58.132+0530][gc,heap       ] GC(19) Old regions: 37->37
[2022-02-12T11:10:58.132+0530][gc,heap       ] GC(19) Humongous regions: 129->129
[2022-02-12T11:10:58.132+0530][gc,metaspace  ] GC(19) Metaspace: 52323K->52323K(1095680K)
[2022-02-12T11:10:58.132+0530][gc            ] GC(19) Pause Young (Normal) (G1 Evacuation Pause) 234M->172M(1024M) 23.963ms
[2022-02-12T11:10:58.132+0530][gc,cpu        ] GC(19) User=0.04s Sys=0.08s Real=0.03s
[2022-02-12T12:19:35.322+0530][gc,start      ] GC(20) Pause Young (Normal) (G1 Evacuation Pause)
[2022-02-12T12:19:35.323+0530][gc,task       ] GC(20) Using 10 workers of 10 for evacuation
[2022-02-12T12:19:35.328+0530][gc,phases     ] GC(20)   Pre Evacuate Collection Set: 0.0ms
[2022-02-12T12:19:35.328+0530][gc,phases     ] GC(20)   Evacuate Collection Set: 4.4ms
[2022-02-12T12:19:35.328+0530][gc,phases     ] GC(20)   Post Evacuate Collection Set: 0.3ms
[2022-02-12T12:19:35.328+0530][gc,phases     ] GC(20)   Other: 0.6ms
[2022-02-12T12:19:35.328+0530][gc,heap       ] GC(20) Eden regions: 44->0(76)
[2022-02-12T12:19:35.328+0530][gc,heap       ] GC(20) Survivor regions: 7->5(7)
[2022-02-12T12:19:35.328+0530][gc,heap       ] GC(20) Old regions: 37->40
[2022-02-12T12:19:35.328+0530][gc,heap       ] GC(20) Humongous regions: 129->129
[2022-02-12T12:19:35.328+0530][gc,metaspace  ] GC(20) Metaspace: 52331K->52331K(1095680K)
[2022-02-12T12:19:35.328+0530][gc            ] GC(20) Pause Young (Normal) (G1 Evacuation Pause) 216M->172M(1024M) 5.365ms
[2022-02-12T12:19:35.328+0530][gc,cpu        ] GC(20) User=0.03s Sys=0.01s Real=0.00s
[2022-02-12T12:34:19.691+0530][gc,start      ] GC(21) Pause Young (Normal) (G1 Evacuation Pause)
[2022-02-12T12:34:19.691+0530][gc,task       ] GC(21) Using 10 workers of 10 for evacuation
[2022-02-12T12:34:19.711+0530][gc,phases     ] GC(21)   Pre Evacuate Collection Set: 3.3ms
[2022-02-12T12:34:19.711+0530][gc,phases     ] GC(21)   Evacuate Collection Set: 12.9ms
[2022-02-12T12:34:19.711+0530][gc,phases     ] GC(21)   Post Evacuate Collection Set: 0.5ms
[2022-02-12T12:34:19.711+0530][gc,phases     ] GC(21)   Other: 3.5ms
[2022-02-12T12:34:19.711+0530][gc,heap       ] GC(21) Eden regions: 76->0(55)
[2022-02-12T12:34:19.711+0530][gc,heap       ] GC(21) Survivor regions: 5->4(11)
[2022-02-12T12:34:19.711+0530][gc,heap       ] GC(21) Old regions: 40->40
[2022-02-12T12:34:19.711+0530][gc,heap       ] GC(21) Humongous regions: 129->129
[2022-02-12T12:34:19.711+0530][gc,metaspace  ] GC(21) Metaspace: 52341K->52341K(1095680K)
[2022-02-12T12:34:19.711+0530][gc            ] GC(21) Pause Young (Normal) (G1 Evacuation Pause) 248M->171M(1024M) 20.259ms
[2022-02-12T12:34:19.711+0530][gc,cpu        ] GC(21) User=0.02s Sys=0.06s Real=0.02s
[2022-02-12T12:44:46.859+0530][gc,start      ] GC(22) Pause Young (Normal) (G1 Evacuation Pause)
[2022-02-12T12:44:46.860+0530][gc,task       ] GC(22) Using 10 workers of 10 for evacuation
[2022-02-12T12:44:46.871+0530][gc,phases     ] GC(22)   Pre Evacuate Collection Set: 0.0ms
[2022-02-12T12:44:46.871+0530][gc,phases     ] GC(22)   Evacuate Collection Set: 10.3ms
[2022-02-12T12:44:46.871+0530][gc,phases     ] GC(22)   Post Evacuate Collection Set: 0.3ms
[2022-02-12T12:44:46.871+0530][gc,phases     ] GC(22)   Other: 1.6ms
[2022-02-12T12:44:46.871+0530][gc,heap       ] GC(22) Eden regions: 54->0(66)
[2022-02-12T12:44:46.871+0530][gc,heap       ] GC(22) Survivor regions: 4->4(8)
[2022-02-12T12:44:46.871+0530][gc,heap       ] GC(22) Old regions: 40->40
[2022-02-12T12:44:46.871+0530][gc,heap       ] GC(22) Humongous regions: 129->129
[2022-02-12T12:44:46.871+0530][gc,metaspace  ] GC(22) Metaspace: 52345K->52345K(1095680K)
[2022-02-12T12:44:46.871+0530][gc            ] GC(22) Pause Young (Normal) (G1 Evacuation Pause) 225M->172M(1024M) 11.787ms
[2022-02-12T12:44:46.871+0530][gc,cpu        ] GC(22) User=0.02s Sys=0.04s Real=0.02s
[2022-02-12T12:57:22.311+0530][gc,start      ] GC(23) Pause Young (Normal) (G1 Evacuation Pause)
[2022-02-12T12:57:22.311+0530][gc,task       ] GC(23) Using 10 workers of 10 for evacuation
[2022-02-12T12:57:22.335+0530][gc,mmu        ] GC(23) MMU target violated: 21.0ms (20.0ms/21.0ms)
[2022-02-12T12:57:22.335+0530][gc,phases     ] GC(23)   Pre Evacuate Collection Set: 3.0ms
[2022-02-12T12:57:22.335+0530][gc,phases     ] GC(23)   Evacuate Collection Set: 18.1ms
[2022-02-12T12:57:22.335+0530][gc,phases     ] GC(23)   Post Evacuate Collection Set: 0.5ms
[2022-02-12T12:57:22.335+0530][gc,phases     ] GC(23)   Other: 2.7ms
[2022-02-12T12:57:22.335+0530][gc,heap       ] GC(23) Eden regions: 65->0(50)
[2022-02-12T12:57:22.335+0530][gc,heap       ] GC(23) Survivor regions: 4->5(9)
[2022-02-12T12:57:22.335+0530][gc,heap       ] GC(23) Old regions: 40->40
[2022-02-12T12:57:22.335+0530][gc,heap       ] GC(23) Humongous regions: 129->129
[2022-02-12T12:57:22.335+0530][gc,metaspace  ] GC(23) Metaspace: 52360K->52360K(1095680K)
[2022-02-12T12:57:22.336+0530][gc            ] GC(23) Pause Young (Normal) (G1 Evacuation Pause) 237M->172M(1024M) 24.994ms
[2022-02-12T12:57:22.336+0530][gc,cpu        ] GC(23) User=0.04s Sys=0.07s Real=0.02s
[2022-02-12T13:06:40.021+0530][gc,start      ] GC(24) Pause Young (Normal) (G1 Evacuation Pause)
[2022-02-12T13:06:40.022+0530][gc,task       ] GC(24) Using 10 workers of 10 for evacuation
[2022-02-12T13:06:40.030+0530][gc,phases     ] GC(24)   Pre Evacuate Collection Set: 0.1ms
[2022-02-12T13:06:40.030+0530][gc,phases     ] GC(24)   Evacuate Collection Set: 6.6ms
[2022-02-12T13:06:40.030+0530][gc,phases     ] GC(24)   Post Evacuate Collection Set: 0.3ms
[2022-02-12T13:06:40.030+0530][gc,phases     ] GC(24)   Other: 1.3ms
[2022-02-12T13:06:40.030+0530][gc,heap       ] GC(24) Eden regions: 48->0(160)
[2022-02-12T13:06:40.030+0530][gc,heap       ] GC(24) Survivor regions: 5->3(7)
[2022-02-12T13:06:40.030+0530][gc,heap       ] GC(24) Old regions: 40->40
[2022-02-12T13:06:40.030+0530][gc,heap       ] GC(24) Humongous regions: 129->129
[2022-02-12T13:06:40.030+0530][gc,metaspace  ] GC(24) Metaspace: 52367K->52367K(1095680K)
[2022-02-12T13:06:40.030+0530][gc            ] GC(24) Pause Young (Normal) (G1 Evacuation Pause) 220M->171M(1024M) 8.534ms
[2022-02-12T13:06:40.030+0530][gc,cpu        ] GC(24) User=0.03s Sys=0.01s Real=0.01s
[2022-02-12T13:37:23.523+0530][gc,start      ] GC(25) Pause Young (Normal) (G1 Evacuation Pause)
[2022-02-12T13:37:23.524+0530][gc,task       ] GC(25) Using 10 workers of 10 for evacuation
[2022-02-12T13:37:23.535+0530][gc,phases     ] GC(25)   Pre Evacuate Collection Set: 1.0ms
[2022-02-12T13:37:23.535+0530][gc,phases     ] GC(25)   Evacuate Collection Set: 8.5ms
[2022-02-12T13:37:23.535+0530][gc,phases     ] GC(25)   Post Evacuate Collection Set: 1.7ms
[2022-02-12T13:37:23.535+0530][gc,phases     ] GC(25)   Other: 1.3ms
[2022-02-12T13:37:23.535+0530][gc,heap       ] GC(25) Eden regions: 160->0(215)
[2022-02-12T13:37:23.535+0530][gc,heap       ] GC(25) Survivor regions: 3->3(21)
[2022-02-12T13:37:23.535+0530][gc,heap       ] GC(25) Old regions: 40->40
[2022-02-12T13:37:23.535+0530][gc,heap       ] GC(25) Humongous regions: 129->129
[2022-02-12T13:37:23.535+0530][gc,metaspace  ] GC(25) Metaspace: 52401K->52401K(1095680K)
[2022-02-12T13:37:23.536+0530][gc            ] GC(25) Pause Young (Normal) (G1 Evacuation Pause) 331M->171M(1024M) 13.174ms
[2022-02-12T13:37:23.536+0530][gc,cpu        ] GC(25) User=0.02s Sys=0.04s Real=0.01s
[2022-02-14T10:23:32.304+0530][gc,start      ] GC(26) Pause Young (Normal) (G1 Evacuation Pause)
[2022-02-14T10:23:32.305+0530][gc,task       ] GC(26) Using 10 workers of 10 for evacuation
[2022-02-14T10:23:32.394+0530][gc,mmu        ] GC(26) MMU target violated: 21.0ms (20.0ms/21.0ms)
[2022-02-14T10:23:32.394+0530][gc,phases     ] GC(26)   Pre Evacuate Collection Set: 7.5ms
[2022-02-14T10:23:32.394+0530][gc,phases     ] GC(26)   Evacuate Collection Set: 75.5ms
[2022-02-14T10:23:32.394+0530][gc,phases     ] GC(26)   Post Evacuate Collection Set: 4.4ms
[2022-02-14T10:23:32.394+0530][gc,phases     ] GC(26)   Other: 3.0ms
[2022-02-14T10:23:32.394+0530][gc,heap       ] GC(26) Eden regions: 215->0(49)
[2022-02-14T10:23:32.394+0530][gc,heap       ] GC(26) Survivor regions: 3->2(28)
[2022-02-14T10:23:32.394+0530][gc,heap       ] GC(26) Old regions: 40->40
[2022-02-14T10:23:32.394+0530][gc,heap       ] GC(26) Humongous regions: 129->129
[2022-02-14T10:23:32.394+0530][gc,metaspace  ] GC(26) Metaspace: 53396K->53396K(1097728K)
[2022-02-14T10:23:32.394+0530][gc            ] GC(26) Pause Young (Normal) (G1 Evacuation Pause) 386M->170M(1024M) 89.668ms
[2022-02-14T10:23:32.394+0530][gc,cpu        ] GC(26) User=0.09s Sys=0.21s Real=0.09s
[2022-02-14T10:34:31.751+0530][gc,start      ] GC(27) Pause Young (Normal) (G1 Evacuation Pause)
[2022-02-14T10:34:31.762+0530][gc,task       ] GC(27) Using 10 workers of 10 for evacuation
[2022-02-14T10:34:31.802+0530][gc,mmu        ] GC(27) MMU target violated: 21.0ms (20.0ms/21.0ms)
[2022-02-14T10:34:31.812+0530][gc,phases     ] GC(27)   Pre Evacuate Collection Set: 1.0ms
[2022-02-14T10:34:31.813+0530][gc,phases     ] GC(27)   Evacuate Collection Set: 36.2ms
[2022-02-14T10:34:31.813+0530][gc,phases     ] GC(27)   Post Evacuate Collection Set: 1.7ms
[2022-02-14T10:34:31.813+0530][gc,phases     ] GC(27)   Other: 22.6ms
[2022-02-14T10:34:31.813+0530][gc,heap       ] GC(27) Eden regions: 49->0(49)
[2022-02-14T10:34:31.813+0530][gc,heap       ] GC(27) Survivor regions: 2->2(7)
[2022-02-14T10:34:31.813+0530][gc,heap       ] GC(27) Old regions: 40->40
[2022-02-14T10:34:31.813+0530][gc,heap       ] GC(27) Humongous regions: 129->129
[2022-02-14T10:34:31.813+0530][gc,metaspace  ] GC(27) Metaspace: 53405K->53405K(1097728K)
[2022-02-14T10:34:31.815+0530][gc            ] GC(27) Pause Young (Normal) (G1 Evacuation Pause) 219M->170M(1024M) 64.028ms
[2022-02-14T10:34:31.815+0530][gc,cpu        ] GC(27) User=0.05s Sys=0.05s Real=0.06s
[2022-02-14T10:45:29.461+0530][gc,start      ] GC(28) Pause Young (Normal) (G1 Evacuation Pause)
[2022-02-14T10:45:29.462+0530][gc,task       ] GC(28) Using 10 workers of 10 for evacuation
[2022-02-14T10:45:29.482+0530][gc,mmu        ] GC(28) MMU target violated: 20.7ms (20.0ms/21.0ms)
[2022-02-14T10:45:29.483+0530][gc,phases     ] GC(28)   Pre Evacuate Collection Set: 2.1ms
[2022-02-14T10:45:29.483+0530][gc,phases     ] GC(28)   Evacuate Collection Set: 16.0ms
[2022-02-14T10:45:29.483+0530][gc,phases     ] GC(28)   Post Evacuate Collection Set: 2.3ms
[2022-02-14T10:45:29.483+0530][gc,phases     ] GC(28)   Other: 1.7ms
[2022-02-14T10:45:29.483+0530][gc,heap       ] GC(28) Eden regions: 49->0(50)
[2022-02-14T10:45:29.483+0530][gc,heap       ] GC(28) Survivor regions: 2->1(7)
[2022-02-14T10:45:29.483+0530][gc,heap       ] GC(28) Old regions: 40->40
[2022-02-14T10:45:29.483+0530][gc,heap       ] GC(28) Humongous regions: 129->129
[2022-02-14T10:45:29.483+0530][gc,metaspace  ] GC(28) Metaspace: 53406K->53406K(1097728K)
[2022-02-14T10:45:29.483+0530][gc            ] GC(28) Pause Young (Normal) (G1 Evacuation Pause) 219M->169M(1024M) 22.222ms
[2022-02-14T10:45:29.483+0530][gc,cpu        ] GC(28) User=0.04s Sys=0.07s Real=0.02s
[2022-02-14T10:56:41.113+0530][gc,start      ] GC(29) Pause Young (Normal) (G1 Evacuation Pause)
[2022-02-14T10:56:41.114+0530][gc,task       ] GC(29) Using 10 workers of 10 for evacuation
[2022-02-14T10:56:41.130+0530][gc,phases     ] GC(29)   Pre Evacuate Collection Set: 0.2ms
[2022-02-14T10:56:41.130+0530][gc,phases     ] GC(29)   Evacuate Collection Set: 12.5ms
[2022-02-14T10:56:41.130+0530][gc,phases     ] GC(29)   Post Evacuate Collection Set: 2.8ms
[2022-02-14T10:56:41.130+0530][gc,phases     ] GC(29)   Other: 1.6ms
[2022-02-14T10:56:41.130+0530][gc,heap       ] GC(29) Eden regions: 50->0(49)
[2022-02-14T10:56:41.130+0530][gc,heap       ] GC(29) Survivor regions: 1->2(7)
[2022-02-14T10:56:41.130+0530][gc,heap       ] GC(29) Old regions: 40->40
[2022-02-14T10:56:41.130+0530][gc,heap       ] GC(29) Humongous regions: 129->129
[2022-02-14T10:56:41.130+0530][gc,metaspace  ] GC(29) Metaspace: 53407K->53407K(1097728K)
[2022-02-14T10:56:41.130+0530][gc            ] GC(29) Pause Young (Normal) (G1 Evacuation Pause) 219M->170M(1024M) 17.630ms
[2022-02-14T10:56:41.130+0530][gc,cpu        ] GC(29) User=0.05s Sys=0.04s Real=0.02s
[2022-02-14T11:07:39.603+0530][gc,start      ] GC(30) Pause Young (Normal) (G1 Evacuation Pause)
[2022-02-14T11:07:39.603+0530][gc,task       ] GC(30) Using 10 workers of 10 for evacuation
[2022-02-14T11:07:39.614+0530][gc,phases     ] GC(30)   Pre Evacuate Collection Set: 0.1ms
[2022-02-14T11:07:39.614+0530][gc,phases     ] GC(30)   Evacuate Collection Set: 6.3ms
[2022-02-14T11:07:39.615+0530][gc,phases     ] GC(30)   Post Evacuate Collection Set: 4.9ms
[2022-02-14T11:07:39.615+0530][gc,phases     ] GC(30)   Other: 0.5ms
[2022-02-14T11:07:39.615+0530][gc,heap       ] GC(30) Eden regions: 49->0(50)
[2022-02-14T11:07:39.615+0530][gc,heap       ] GC(30) Survivor regions: 2->1(7)
[2022-02-14T11:07:39.615+0530][gc,heap       ] GC(30) Old regions: 40->40
[2022-02-14T11:07:39.615+0530][gc,heap       ] GC(30) Humongous regions: 129->129
[2022-02-14T11:07:39.615+0530][gc,metaspace  ] GC(30) Metaspace: 53407K->53407K(1097728K)
[2022-02-14T11:07:39.615+0530][gc            ] GC(30) Pause Young (Normal) (G1 Evacuation Pause) 219M->169M(1024M) 12.209ms
[2022-02-14T11:07:39.615+0530][gc,cpu        ] GC(30) User=0.04s Sys=0.01s Real=0.01s
[2022-02-14T11:18:44.001+0530][gc,start      ] GC(31) Pause Young (Normal) (G1 Evacuation Pause)
[2022-02-14T11:18:44.002+0530][gc,task       ] GC(31) Using 10 workers of 10 for evacuation
[2022-02-14T11:18:44.075+0530][gc,mmu        ] GC(31) MMU target violated: 21.0ms (20.0ms/21.0ms)
[2022-02-14T11:18:44.075+0530][gc,phases     ] GC(31)   Pre Evacuate Collection Set: 4.2ms
[2022-02-14T11:18:44.075+0530][gc,phases     ] GC(31)   Evacuate Collection Set: 59.2ms
[2022-02-14T11:18:44.075+0530][gc,phases     ] GC(31)   Post Evacuate Collection Set: 8.2ms
[2022-02-14T11:18:44.076+0530][gc,phases     ] GC(31)   Other: 3.0ms
[2022-02-14T11:18:44.076+0530][gc,heap       ] GC(31) Eden regions: 50->0(48)
[2022-02-14T11:18:44.076+0530][gc,heap       ] GC(31) Survivor regions: 1->3(7)
[2022-02-14T11:18:44.076+0530][gc,heap       ] GC(31) Old regions: 40->40
[2022-02-14T11:18:44.076+0530][gc,heap       ] GC(31) Humongous regions: 129->129
[2022-02-14T11:18:44.076+0530][gc,metaspace  ] GC(31) Metaspace: 53409K->53409K(1097728K)
[2022-02-14T11:18:44.076+0530][gc            ] GC(31) Pause Young (Normal) (G1 Evacuation Pause) 219M->171M(1024M) 75.494ms
[2022-02-14T11:18:44.076+0530][gc,cpu        ] GC(31) User=0.12s Sys=0.18s Real=0.07s
[2022-02-14T11:28:46.994+0530][gc,start      ] GC(32) Pause Young (Normal) (G1 Evacuation Pause)
[2022-02-14T11:28:46.995+0530][gc,task       ] GC(32) Using 10 workers of 10 for evacuation
[2022-02-14T11:28:47.019+0530][gc,mmu        ] GC(32) MMU target violated: 21.0ms (20.0ms/21.0ms)
[2022-02-14T11:28:47.019+0530][gc,phases     ] GC(32)   Pre Evacuate Collection Set: 0.1ms
[2022-02-14T11:28:47.019+0530][gc,phases     ] GC(32)   Evacuate Collection Set: 9.5ms
[2022-02-14T11:28:47.019+0530][gc,phases     ] GC(32)   Post Evacuate Collection Set: 13.5ms
[2022-02-14T11:28:47.019+0530][gc,phases     ] GC(32)   Other: 2.7ms
[2022-02-14T11:28:47.019+0530][gc,heap       ] GC(32) Eden regions: 48->0(48)
[2022-02-14T11:28:47.019+0530][gc,heap       ] GC(32) Survivor regions: 3->3(7)
[2022-02-14T11:28:47.019+0530][gc,heap       ] GC(32) Old regions: 40->40
[2022-02-14T11:28:47.019+0530][gc,heap       ] GC(32) Humongous regions: 129->129
[2022-02-14T11:28:47.019+0530][gc,metaspace  ] GC(32) Metaspace: 53419K->53419K(1097728K)
[2022-02-14T11:28:47.020+0530][gc            ] GC(32) Pause Young (Normal) (G1 Evacuation Pause) 219M->171M(1024M) 25.203ms
[2022-02-14T11:28:47.020+0530][gc,cpu        ] GC(32) User=0.06s Sys=0.02s Real=0.03s
[2022-02-14T11:39:03.995+0530][gc,start      ] GC(33) Pause Young (Normal) (G1 Evacuation Pause)
[2022-02-14T11:39:03.996+0530][gc,task       ] GC(33) Using 10 workers of 10 for evacuation
[2022-02-14T11:39:04.078+0530][gc,mmu        ] GC(33) MMU target violated: 21.0ms (20.0ms/21.0ms)
[2022-02-14T11:39:04.078+0530][gc,phases     ] GC(33)   Pre Evacuate Collection Set: 4.4ms
[2022-02-14T11:39:04.078+0530][gc,phases     ] GC(33)   Evacuate Collection Set: 74.1ms
[2022-02-14T11:39:04.078+0530][gc,phases     ] GC(33)   Post Evacuate Collection Set: 2.3ms
[2022-02-14T11:39:04.078+0530][gc,phases     ] GC(33)   Other: 2.6ms
[2022-02-14T11:39:04.078+0530][gc,heap       ] GC(33) Eden regions: 48->0(47)
[2022-02-14T11:39:04.078+0530][gc,heap       ] GC(33) Survivor regions: 3->4(7)
[2022-02-14T11:39:04.079+0530][gc,heap       ] GC(33) Old regions: 40->40
[2022-02-14T11:39:04.079+0530][gc,heap       ] GC(33) Humongous regions: 129->129
[2022-02-14T11:39:04.079+0530][gc,metaspace  ] GC(33) Metaspace: 53427K->53427K(1097728K)
[2022-02-14T11:39:04.079+0530][gc            ] GC(33) Pause Young (Normal) (G1 Evacuation Pause) 219M->172M(1024M) 83.512ms
[2022-02-14T11:39:04.079+0530][gc,cpu        ] GC(33) User=0.08s Sys=0.20s Real=0.08s
[2022-02-14T11:48:57.638+0530][gc,start      ] GC(34) Pause Young (Normal) (G1 Evacuation Pause)
[2022-02-14T11:48:57.639+0530][gc,task       ] GC(34) Using 10 workers of 10 for evacuation
[2022-02-14T11:48:57.654+0530][gc,phases     ] GC(34)   Pre Evacuate Collection Set: 0.2ms
[2022-02-14T11:48:57.655+0530][gc,phases     ] GC(34)   Evacuate Collection Set: 14.4ms
[2022-02-14T11:48:57.655+0530][gc,phases     ] GC(34)   Post Evacuate Collection Set: 0.8ms
[2022-02-14T11:48:57.655+0530][gc,phases     ] GC(34)   Other: 1.0ms
[2022-02-14T11:48:57.655+0530][gc,heap       ] GC(34) Eden regions: 47->0(48)
[2022-02-14T11:48:57.655+0530][gc,heap       ] GC(34) Survivor regions: 4->3(7)
[2022-02-14T11:48:57.655+0530][gc,heap       ] GC(34) Old regions: 40->40
[2022-02-14T11:48:57.655+0530][gc,heap       ] GC(34) Humongous regions: 129->129
[2022-02-14T11:48:57.655+0530][gc,metaspace  ] GC(34) Metaspace: 53428K->53428K(1097728K)
[2022-02-14T11:48:57.655+0530][gc            ] GC(34) Pause Young (Normal) (G1 Evacuation Pause) 219M->171M(1024M) 16.783ms
[2022-02-14T11:48:57.655+0530][gc,cpu        ] GC(34) User=0.04s Sys=0.05s Real=0.02s
