[2022-02-11T19:25:26.602+0530][gc,heap] Heap region size: 1M
[2022-02-11T19:25:26.618+0530][gc     ] Using G1
[2022-02-11T19:25:26.618+0530][gc,heap,coops] Heap address: 0x00000007c0000000, size: 1024 MB, Compressed Oops mode: Zero based, Oop shift amount: 3
[2022-02-11T19:25:28.571+0530][gc,start     ] GC(0) Pause Young (Concurrent Start) (Metadata GC Threshold)
[2022-02-11T19:25:28.600+0530][gc,task      ] GC(0) Using 10 workers of 10 for evacuation
[2022-02-11T19:25:28.637+0530][gc,phases    ] GC(0)   Pre Evacuate Collection Set: 0.0ms
[2022-02-11T19:25:28.637+0530][gc,phases    ] GC(0)   Evacuate Collection Set: 11.9ms
[2022-02-11T19:25:28.638+0530][gc,phases    ] GC(0)   Post Evacuate Collection Set: 0.7ms
[2022-02-11T19:25:28.638+0530][gc,phases    ] GC(0)   Other: 54.1ms
[2022-02-11T19:25:28.638+0530][gc,heap      ] GC(0) Eden regions: 41->0(44)
[2022-02-11T19:25:28.638+0530][gc,heap      ] GC(0) Survivor regions: 0->7(7)
[2022-02-11T19:25:28.638+0530][gc,heap      ] GC(0) Old regions: 0->0
[2022-02-11T19:25:28.638+0530][gc,heap      ] GC(0) Humongous regions: 0->0
[2022-02-11T19:25:28.638+0530][gc,metaspace ] GC(0) Metaspace: 20496K->20496K(1069056K)
[2022-02-11T19:25:28.638+0530][gc           ] GC(0) Pause Young (Concurrent Start) (Metadata GC Threshold) 41M->6M(1024M) 67.000ms
[2022-02-11T19:25:28.638+0530][gc,cpu       ] GC(0) User=0.03s Sys=0.01s Real=0.06s
[2022-02-11T19:25:28.638+0530][gc           ] GC(1) Concurrent Cycle
[2022-02-11T19:25:28.638+0530][gc,marking   ] GC(1) Concurrent Clear Claimed Marks
[2022-02-11T19:25:28.638+0530][gc,marking   ] GC(1) Concurrent Clear Claimed Marks 0.056ms
[2022-02-11T19:25:28.638+0530][gc,marking   ] GC(1) Concurrent Scan Root Regions
[2022-02-11T19:25:28.641+0530][gc,marking   ] GC(1) Concurrent Scan Root Regions 2.578ms
[2022-02-11T19:25:28.641+0530][gc,marking   ] GC(1) Concurrent Mark (2.057s)
[2022-02-11T19:25:28.641+0530][gc,marking   ] GC(1) Concurrent Mark From Roots
[2022-02-11T19:25:28.641+0530][gc,task      ] GC(1) Using 3 workers of 3 for marking
[2022-02-11T19:25:28.641+0530][gc,marking   ] GC(1) Concurrent Mark From Roots 0.333ms
[2022-02-11T19:25:28.641+0530][gc,marking   ] GC(1) Concurrent Preclean
[2022-02-11T19:25:28.641+0530][gc,marking   ] GC(1) Concurrent Preclean 0.059ms
[2022-02-11T19:25:28.641+0530][gc,marking   ] GC(1) Concurrent Mark (2.057s, 2.058s) 0.475ms
[2022-02-11T19:25:28.641+0530][gc,start     ] GC(1) Pause Remark
[2022-02-11T19:25:28.644+0530][gc,stringtable] GC(1) Cleaned string and symbol table, strings: 7212 processed, 0 removed, symbols: 63510 processed, 43 removed
[2022-02-11T19:25:28.644+0530][gc            ] GC(1) Pause Remark 7M->7M(1024M) 2.531ms
[2022-02-11T19:25:28.644+0530][gc,cpu        ] GC(1) User=0.01s Sys=0.00s Real=0.00s
[2022-02-11T19:25:28.644+0530][gc,marking    ] GC(1) Concurrent Rebuild Remembered Sets
[2022-02-11T19:25:28.644+0530][gc,marking    ] GC(1) Concurrent Rebuild Remembered Sets 0.121ms
[2022-02-11T19:25:28.644+0530][gc,start      ] GC(1) Pause Cleanup
[2022-02-11T19:25:28.645+0530][gc            ] GC(1) Pause Cleanup 7M->7M(1024M) 0.303ms
[2022-02-11T19:25:28.645+0530][gc,cpu        ] GC(1) User=0.00s Sys=0.00s Real=0.00s
[2022-02-11T19:25:28.645+0530][gc,marking    ] GC(1) Concurrent Cleanup for Next Mark
[2022-02-11T19:25:28.656+0530][gc,marking    ] GC(1) Concurrent Cleanup for Next Mark 10.779ms
[2022-02-11T19:25:28.656+0530][gc            ] GC(1) Concurrent Cycle 17.782ms
[2022-02-11T19:25:30.495+0530][gc,start      ] GC(2) Pause Young (Normal) (G1 Evacuation Pause)
[2022-02-11T19:25:30.495+0530][gc,task       ] GC(2) Using 10 workers of 10 for evacuation
[2022-02-11T19:25:30.510+0530][gc,phases     ] GC(2)   Pre Evacuate Collection Set: 0.1ms
[2022-02-11T19:25:30.510+0530][gc,phases     ] GC(2)   Evacuate Collection Set: 13.8ms
[2022-02-11T19:25:30.510+0530][gc,phases     ] GC(2)   Post Evacuate Collection Set: 1.0ms
[2022-02-11T19:25:30.511+0530][gc,phases     ] GC(2)   Other: 0.3ms
[2022-02-11T19:25:30.511+0530][gc,heap       ] GC(2) Eden regions: 44->0(48)
[2022-02-11T19:25:30.511+0530][gc,heap       ] GC(2) Survivor regions: 7->3(7)
[2022-02-11T19:25:30.511+0530][gc,heap       ] GC(2) Old regions: 0->7
[2022-02-11T19:25:30.511+0530][gc,heap       ] GC(2) Humongous regions: 129->129
[2022-02-11T19:25:30.511+0530][gc,metaspace  ] GC(2) Metaspace: 30211K->30211K(1077248K)
[2022-02-11T19:25:30.511+0530][gc            ] GC(2) Pause Young (Normal) (G1 Evacuation Pause) 179M->137M(1024M) 15.558ms
[2022-02-11T19:25:30.511+0530][gc,cpu        ] GC(2) User=0.07s Sys=0.02s Real=0.02s
[2022-02-11T19:25:30.899+0530][gc,start      ] GC(3) Pause Young (Concurrent Start) (Metadata GC Threshold)
[2022-02-11T19:25:30.899+0530][gc,task       ] GC(3) Using 10 workers of 10 for evacuation
[2022-02-11T19:25:30.904+0530][gc,phases     ] GC(3)   Pre Evacuate Collection Set: 0.1ms
[2022-02-11T19:25:30.904+0530][gc,phases     ] GC(3)   Evacuate Collection Set: 4.8ms
[2022-02-11T19:25:30.904+0530][gc,phases     ] GC(3)   Post Evacuate Collection Set: 0.5ms
[2022-02-11T19:25:30.904+0530][gc,phases     ] GC(3)   Other: 0.3ms
[2022-02-11T19:25:30.904+0530][gc,heap       ] GC(3) Eden regions: 20->0(48)
[2022-02-11T19:25:30.904+0530][gc,heap       ] GC(3) Survivor regions: 3->3(7)
[2022-02-11T19:25:30.904+0530][gc,heap       ] GC(3) Old regions: 7->7
[2022-02-11T19:25:30.904+0530][gc,heap       ] GC(3) Humongous regions: 129->129
[2022-02-11T19:25:30.904+0530][gc,metaspace  ] GC(3) Metaspace: 34515K->34515K(1081344K)
[2022-02-11T19:25:30.904+0530][gc            ] GC(3) Pause Young (Concurrent Start) (Metadata GC Threshold) 157M->138M(1024M) 5.870ms
[2022-02-11T19:25:30.904+0530][gc,cpu        ] GC(3) User=0.04s Sys=0.00s Real=0.01s
[2022-02-11T19:25:30.905+0530][gc            ] GC(4) Concurrent Cycle
[2022-02-11T19:25:30.905+0530][gc,marking    ] GC(4) Concurrent Clear Claimed Marks
[2022-02-11T19:25:30.905+0530][gc,marking    ] GC(4) Concurrent Clear Claimed Marks 0.101ms
[2022-02-11T19:25:30.905+0530][gc,marking    ] GC(4) Concurrent Scan Root Regions
[2022-02-11T19:25:30.907+0530][gc,marking    ] GC(4) Concurrent Scan Root Regions 2.314ms
[2022-02-11T19:25:30.907+0530][gc,marking    ] GC(4) Concurrent Mark (4.324s)
[2022-02-11T19:25:30.907+0530][gc,marking    ] GC(4) Concurrent Mark From Roots
[2022-02-11T19:25:30.907+0530][gc,task       ] GC(4) Using 3 workers of 3 for marking
[2022-02-11T19:25:30.915+0530][gc,marking    ] GC(4) Concurrent Mark From Roots 8.261ms
[2022-02-11T19:25:30.915+0530][gc,marking    ] GC(4) Concurrent Preclean
[2022-02-11T19:25:30.916+0530][gc,marking    ] GC(4) Concurrent Preclean 0.101ms
[2022-02-11T19:25:30.916+0530][gc,marking    ] GC(4) Concurrent Mark (4.324s, 4.332s) 8.472ms
[2022-02-11T19:25:30.916+0530][gc,start      ] GC(4) Pause Remark
[2022-02-11T19:25:30.919+0530][gc,stringtable] GC(4) Cleaned string and symbol table, strings: 10640 processed, 9 removed, symbols: 94939 processed, 31 removed
[2022-02-11T19:25:30.919+0530][gc            ] GC(4) Pause Remark 139M->139M(1024M) 3.572ms
[2022-02-11T19:25:30.919+0530][gc,cpu        ] GC(4) User=0.02s Sys=0.00s Real=0.00s
[2022-02-11T19:25:30.920+0530][gc,marking    ] GC(4) Concurrent Rebuild Remembered Sets
[2022-02-11T19:25:30.924+0530][gc,marking    ] GC(4) Concurrent Rebuild Remembered Sets 4.843ms
[2022-02-11T19:25:30.925+0530][gc,start      ] GC(4) Pause Cleanup
[2022-02-11T19:25:30.925+0530][gc            ] GC(4) Pause Cleanup 139M->139M(1024M) 0.399ms
[2022-02-11T19:25:30.925+0530][gc,cpu        ] GC(4) User=0.00s Sys=0.00s Real=0.00s
[2022-02-11T19:25:30.925+0530][gc,marking    ] GC(4) Concurrent Cleanup for Next Mark
[2022-02-11T19:25:30.938+0530][gc,marking    ] GC(4) Concurrent Cleanup for Next Mark 12.585ms
[2022-02-11T19:25:30.938+0530][gc            ] GC(4) Concurrent Cycle 33.300ms
[2022-02-11T19:25:32.199+0530][gc,start      ] GC(5) Pause Young (Normal) (G1 Evacuation Pause)
[2022-02-11T19:25:32.200+0530][gc,task       ] GC(5) Using 10 workers of 10 for evacuation
[2022-02-11T19:25:32.211+0530][gc,phases     ] GC(5)   Pre Evacuate Collection Set: 0.1ms
[2022-02-11T19:25:32.211+0530][gc,phases     ] GC(5)   Evacuate Collection Set: 10.2ms
[2022-02-11T19:25:32.211+0530][gc,phases     ] GC(5)   Post Evacuate Collection Set: 0.8ms
[2022-02-11T19:25:32.211+0530][gc,phases     ] GC(5)   Other: 0.7ms
[2022-02-11T19:25:32.211+0530][gc,heap       ] GC(5) Eden regions: 48->0(44)
[2022-02-11T19:25:32.211+0530][gc,heap       ] GC(5) Survivor regions: 3->7(7)
[2022-02-11T19:25:32.211+0530][gc,heap       ] GC(5) Old regions: 7->7
[2022-02-11T19:25:32.211+0530][gc,heap       ] GC(5) Humongous regions: 129->129
[2022-02-11T19:25:32.211+0530][gc,metaspace  ] GC(5) Metaspace: 42774K->42774K(1087488K)
[2022-02-11T19:25:32.211+0530][gc            ] GC(5) Pause Young (Normal) (G1 Evacuation Pause) 186M->141M(1024M) 11.990ms
[2022-02-11T19:25:32.211+0530][gc,cpu        ] GC(5) User=0.07s Sys=0.01s Real=0.02s
[2022-02-11T19:30:07.976+0530][gc,start      ] GC(6) Pause Young (Normal) (G1 Evacuation Pause)
[2022-02-11T19:30:07.977+0530][gc,task       ] GC(6) Using 10 workers of 10 for evacuation
[2022-02-11T19:30:07.991+0530][gc,phases     ] GC(6)   Pre Evacuate Collection Set: 0.0ms
[2022-02-11T19:30:07.991+0530][gc,phases     ] GC(6)   Evacuate Collection Set: 12.0ms
[2022-02-11T19:30:07.991+0530][gc,phases     ] GC(6)   Post Evacuate Collection Set: 1.0ms
[2022-02-11T19:30:07.991+0530][gc,phases     ] GC(6)   Other: 1.7ms
[2022-02-11T19:30:07.991+0530][gc,heap       ] GC(6) Eden regions: 44->0(48)
[2022-02-11T19:30:07.991+0530][gc,heap       ] GC(6) Survivor regions: 7->3(7)
[2022-02-11T19:30:07.991+0530][gc,heap       ] GC(6) Old regions: 7->13
[2022-02-11T19:30:07.991+0530][gc,heap       ] GC(6) Humongous regions: 129->129
[2022-02-11T19:30:07.991+0530][gc,metaspace  ] GC(6) Metaspace: 49311K->49311K(1093632K)
[2022-02-11T19:30:07.991+0530][gc            ] GC(6) Pause Young (Normal) (G1 Evacuation Pause) 185M->144M(1024M) 14.952ms
[2022-02-11T19:30:07.991+0530][gc,cpu        ] GC(6) User=0.07s Sys=0.03s Real=0.02s
[2022-02-11T19:35:50.129+0530][gc,start      ] GC(7) Pause Young (Normal) (G1 Evacuation Pause)
[2022-02-11T19:35:50.130+0530][gc,task       ] GC(7) Using 10 workers of 10 for evacuation
[2022-02-11T19:35:50.134+0530][gc,phases     ] GC(7)   Pre Evacuate Collection Set: 0.0ms
[2022-02-11T19:35:50.134+0530][gc,phases     ] GC(7)   Evacuate Collection Set: 3.4ms
[2022-02-11T19:35:50.134+0530][gc,phases     ] GC(7)   Post Evacuate Collection Set: 0.4ms
[2022-02-11T19:35:50.134+0530][gc,phases     ] GC(7)   Other: 1.3ms
[2022-02-11T19:35:50.134+0530][gc,heap       ] GC(7) Eden regions: 48->0(46)
[2022-02-11T19:35:50.134+0530][gc,heap       ] GC(7) Survivor regions: 3->5(7)
[2022-02-11T19:35:50.134+0530][gc,heap       ] GC(7) Old regions: 13->13
[2022-02-11T19:35:50.134+0530][gc,heap       ] GC(7) Humongous regions: 129->129
[2022-02-11T19:35:50.134+0530][gc,metaspace  ] GC(7) Metaspace: 49555K->49555K(1093632K)
[2022-02-11T19:35:50.134+0530][gc            ] GC(7) Pause Young (Normal) (G1 Evacuation Pause) 192M->146M(1024M) 5.290ms
[2022-02-11T19:35:50.135+0530][gc,cpu        ] GC(7) User=0.03s Sys=0.00s Real=0.01s
[2022-02-11T19:41:56.614+0530][gc,start      ] GC(8) Pause Young (Normal) (G1 Evacuation Pause)
[2022-02-11T19:41:56.615+0530][gc,task       ] GC(8) Using 10 workers of 10 for evacuation
[2022-02-11T19:41:56.621+0530][gc,phases     ] GC(8)   Pre Evacuate Collection Set: 0.0ms
[2022-02-11T19:41:56.621+0530][gc,phases     ] GC(8)   Evacuate Collection Set: 5.3ms
[2022-02-11T19:41:56.621+0530][gc,phases     ] GC(8)   Post Evacuate Collection Set: 0.5ms
[2022-02-11T19:41:56.621+0530][gc,phases     ] GC(8)   Other: 1.5ms
[2022-02-11T19:41:56.621+0530][gc,heap       ] GC(8) Eden regions: 46->0(47)
[2022-02-11T19:41:56.621+0530][gc,heap       ] GC(8) Survivor regions: 5->4(7)
[2022-02-11T19:41:56.621+0530][gc,heap       ] GC(8) Old regions: 13->15
[2022-02-11T19:41:56.622+0530][gc,heap       ] GC(8) Humongous regions: 129->129
[2022-02-11T19:41:56.622+0530][gc,metaspace  ] GC(8) Metaspace: 49607K->49607K(1093632K)
[2022-02-11T19:41:56.622+0530][gc            ] GC(8) Pause Young (Normal) (G1 Evacuation Pause) 192M->146M(1024M) 7.493ms
[2022-02-11T19:41:56.622+0530][gc,cpu        ] GC(8) User=0.05s Sys=0.00s Real=0.01s
[2022-02-11T19:46:33.665+0530][gc,start      ] GC(9) Pause Young (Normal) (G1 Evacuation Pause)
[2022-02-11T19:46:33.665+0530][gc,task       ] GC(9) Using 10 workers of 10 for evacuation
[2022-02-11T19:46:33.668+0530][gc,phases     ] GC(9)   Pre Evacuate Collection Set: 0.0ms
[2022-02-11T19:46:33.668+0530][gc,phases     ] GC(9)   Evacuate Collection Set: 2.3ms
[2022-02-11T19:46:33.668+0530][gc,phases     ] GC(9)   Post Evacuate Collection Set: 0.3ms
[2022-02-11T19:46:33.668+0530][gc,phases     ] GC(9)   Other: 0.2ms
[2022-02-11T19:46:33.668+0530][gc,heap       ] GC(9) Eden regions: 47->0(52)
[2022-02-11T19:46:33.668+0530][gc,heap       ] GC(9) Survivor regions: 4->3(7)
[2022-02-11T19:46:33.668+0530][gc,heap       ] GC(9) Old regions: 15->15
[2022-02-11T19:46:33.668+0530][gc,heap       ] GC(9) Humongous regions: 129->129
[2022-02-11T19:46:33.668+0530][gc,metaspace  ] GC(9) Metaspace: 50951K->50951K(1095680K)
[2022-02-11T19:46:33.668+0530][gc            ] GC(9) Pause Young (Normal) (G1 Evacuation Pause) 193M->145M(1024M) 2.981ms
[2022-02-11T19:46:33.668+0530][gc,cpu        ] GC(9) User=0.02s Sys=0.00s Real=0.00s
[2022-02-11T19:46:33.681+0530][gc,heap,exit  ] Heap
[2022-02-11T19:46:33.681+0530][gc,heap,exit  ]  garbage-first heap   total 1048576K, used 150288K [0x00000007c0000000, 0x0000000800000000)
[2022-02-11T19:46:33.681+0530][gc,heap,exit  ]   region size 1024K, 5 young (5120K), 3 survivors (3072K)
[2022-02-11T19:46:33.681+0530][gc,heap,exit  ]  Metaspace       used 50984K, capacity 53383K, committed 53420K, reserved 1095680K
[2022-02-11T19:46:33.681+0530][gc,heap,exit  ]   class space    used 6496K, capacity 7645K, committed 7680K, reserved 1048576K
