[2022-02-10T20:38:58.569+0530][gc,heap] Heap region size: 1M
[2022-02-10T20:38:58.580+0530][gc     ] Using G1
[2022-02-10T20:38:58.580+0530][gc,heap,coops] Heap address: 0x00000007c0000000, size: 1024 MB, Compressed Oops mode: Zero based, Oop shift amount: 3
[2022-02-10T20:38:59.548+0530][gc,start     ] GC(0) Pause Young (Concurrent Start) (Metadata GC Threshold)
[2022-02-10T20:38:59.549+0530][gc,task      ] GC(0) Using 10 workers of 10 for evacuation
[2022-02-10T20:38:59.557+0530][gc,phases    ] GC(0)   Pre Evacuate Collection Set: 0.0ms
[2022-02-10T20:38:59.557+0530][gc,phases    ] GC(0)   Evacuate Collection Set: 6.9ms
[2022-02-10T20:38:59.557+0530][gc,phases    ] GC(0)   Post Evacuate Collection Set: 0.4ms
[2022-02-10T20:38:59.557+0530][gc,phases    ] GC(0)   Other: 0.8ms
[2022-02-10T20:38:59.557+0530][gc,heap      ] GC(0) Eden regions: 42->0(44)
[2022-02-10T20:38:59.557+0530][gc,heap      ] GC(0) Survivor regions: 0->7(7)
[2022-02-10T20:38:59.557+0530][gc,heap      ] GC(0) Old regions: 0->1
[2022-02-10T20:38:59.557+0530][gc,heap      ] GC(0) Humongous regions: 0->0
[2022-02-10T20:38:59.557+0530][gc,metaspace ] GC(0) Metaspace: 20723K->20723K(1069056K)
[2022-02-10T20:38:59.557+0530][gc           ] GC(0) Pause Young (Concurrent Start) (Metadata GC Threshold) 42M->7M(1024M) 8.211ms
[2022-02-10T20:38:59.557+0530][gc,cpu       ] GC(0) User=0.02s Sys=0.01s Real=0.01s
[2022-02-10T20:38:59.557+0530][gc           ] GC(1) Concurrent Cycle
[2022-02-10T20:38:59.557+0530][gc,marking   ] GC(1) Concurrent Clear Claimed Marks
[2022-02-10T20:38:59.557+0530][gc,marking   ] GC(1) Concurrent Clear Claimed Marks 0.019ms
[2022-02-10T20:38:59.557+0530][gc,marking   ] GC(1) Concurrent Scan Root Regions
[2022-02-10T20:38:59.558+0530][gc,marking   ] GC(1) Concurrent Scan Root Regions 1.381ms
[2022-02-10T20:38:59.558+0530][gc,marking   ] GC(1) Concurrent Mark (0.999s)
[2022-02-10T20:38:59.558+0530][gc,marking   ] GC(1) Concurrent Mark From Roots
[2022-02-10T20:38:59.558+0530][gc,task      ] GC(1) Using 3 workers of 3 for marking
[2022-02-10T20:38:59.558+0530][gc,marking   ] GC(1) Concurrent Mark From Roots 0.184ms
[2022-02-10T20:38:59.558+0530][gc,marking   ] GC(1) Concurrent Preclean
[2022-02-10T20:38:59.558+0530][gc,marking   ] GC(1) Concurrent Preclean 0.034ms
[2022-02-10T20:38:59.558+0530][gc,marking   ] GC(1) Concurrent Mark (0.999s, 0.999s) 0.274ms
[2022-02-10T20:38:59.559+0530][gc,start     ] GC(1) Pause Remark
[2022-02-10T20:38:59.560+0530][gc,stringtable] GC(1) Cleaned string and symbol table, strings: 7253 processed, 0 removed, symbols: 63689 processed, 42 removed
[2022-02-10T20:38:59.560+0530][gc            ] GC(1) Pause Remark 7M->7M(1024M) 1.314ms
[2022-02-10T20:38:59.560+0530][gc,cpu        ] GC(1) User=0.01s Sys=0.00s Real=0.01s
[2022-02-10T20:38:59.560+0530][gc,marking    ] GC(1) Concurrent Rebuild Remembered Sets
[2022-02-10T20:38:59.560+0530][gc,marking    ] GC(1) Concurrent Rebuild Remembered Sets 0.081ms
[2022-02-10T20:38:59.560+0530][gc,start      ] GC(1) Pause Cleanup
[2022-02-10T20:38:59.560+0530][gc            ] GC(1) Pause Cleanup 7M->7M(1024M) 0.142ms
[2022-02-10T20:38:59.560+0530][gc,cpu        ] GC(1) User=0.00s Sys=0.00s Real=0.00s
[2022-02-10T20:38:59.560+0530][gc,marking    ] GC(1) Concurrent Cleanup for Next Mark
[2022-02-10T20:38:59.568+0530][gc,marking    ] GC(1) Concurrent Cleanup for Next Mark 7.193ms
[2022-02-10T20:38:59.568+0530][gc            ] GC(1) Concurrent Cycle 10.883ms
[2022-02-10T20:39:00.616+0530][gc,start      ] GC(2) Pause Young (Normal) (G1 Evacuation Pause)
[2022-02-10T20:39:00.616+0530][gc,task       ] GC(2) Using 10 workers of 10 for evacuation
[2022-02-10T20:39:00.622+0530][gc,phases     ] GC(2)   Pre Evacuate Collection Set: 0.0ms
[2022-02-10T20:39:00.622+0530][gc,phases     ] GC(2)   Evacuate Collection Set: 5.6ms
[2022-02-10T20:39:00.622+0530][gc,phases     ] GC(2)   Post Evacuate Collection Set: 0.4ms
[2022-02-10T20:39:00.622+0530][gc,phases     ] GC(2)   Other: 0.2ms
[2022-02-10T20:39:00.622+0530][gc,heap       ] GC(2) Eden regions: 44->0(48)
[2022-02-10T20:39:00.622+0530][gc,heap       ] GC(2) Survivor regions: 7->3(7)
[2022-02-10T20:39:00.622+0530][gc,heap       ] GC(2) Old regions: 1->7
[2022-02-10T20:39:00.622+0530][gc,heap       ] GC(2) Humongous regions: 129->129
[2022-02-10T20:39:00.622+0530][gc,metaspace  ] GC(2) Metaspace: 30446K->30446K(1077248K)
[2022-02-10T20:39:00.622+0530][gc            ] GC(2) Pause Young (Normal) (G1 Evacuation Pause) 180M->138M(1024M) 6.315ms
[2022-02-10T20:39:00.622+0530][gc,cpu        ] GC(2) User=0.04s Sys=0.01s Real=0.01s
[2022-02-10T20:39:00.806+0530][gc,start      ] GC(3) Pause Young (Concurrent Start) (Metadata GC Threshold)
[2022-02-10T20:39:00.806+0530][gc,task       ] GC(3) Using 10 workers of 10 for evacuation
[2022-02-10T20:39:00.808+0530][gc,phases     ] GC(3)   Pre Evacuate Collection Set: 0.1ms
[2022-02-10T20:39:00.808+0530][gc,phases     ] GC(3)   Evacuate Collection Set: 1.7ms
[2022-02-10T20:39:00.808+0530][gc,phases     ] GC(3)   Post Evacuate Collection Set: 0.2ms
[2022-02-10T20:39:00.808+0530][gc,phases     ] GC(3)   Other: 0.2ms
[2022-02-10T20:39:00.808+0530][gc,heap       ] GC(3) Eden regions: 21->0(48)
[2022-02-10T20:39:00.808+0530][gc,heap       ] GC(3) Survivor regions: 3->3(7)
[2022-02-10T20:39:00.808+0530][gc,heap       ] GC(3) Old regions: 7->7
[2022-02-10T20:39:00.808+0530][gc,heap       ] GC(3) Humongous regions: 129->129
[2022-02-10T20:39:00.808+0530][gc,metaspace  ] GC(3) Metaspace: 34756K->34756K(1081344K)
[2022-02-10T20:39:00.808+0530][gc            ] GC(3) Pause Young (Concurrent Start) (Metadata GC Threshold) 158M->138M(1024M) 2.216ms
[2022-02-10T20:39:00.808+0530][gc,cpu        ] GC(3) User=0.01s Sys=0.00s Real=0.00s
[2022-02-10T20:39:00.808+0530][gc            ] GC(4) Concurrent Cycle
[2022-02-10T20:39:00.808+0530][gc,marking    ] GC(4) Concurrent Clear Claimed Marks
[2022-02-10T20:39:00.808+0530][gc,marking    ] GC(4) Concurrent Clear Claimed Marks 0.025ms
[2022-02-10T20:39:00.808+0530][gc,marking    ] GC(4) Concurrent Scan Root Regions
[2022-02-10T20:39:00.809+0530][gc,marking    ] GC(4) Concurrent Scan Root Regions 0.937ms
[2022-02-10T20:39:00.809+0530][gc,marking    ] GC(4) Concurrent Mark (2.250s)
[2022-02-10T20:39:00.809+0530][gc,marking    ] GC(4) Concurrent Mark From Roots
[2022-02-10T20:39:00.809+0530][gc,task       ] GC(4) Using 3 workers of 3 for marking
[2022-02-10T20:39:00.813+0530][gc,marking    ] GC(4) Concurrent Mark From Roots 3.622ms
[2022-02-10T20:39:00.813+0530][gc,marking    ] GC(4) Concurrent Preclean
[2022-02-10T20:39:00.813+0530][gc,marking    ] GC(4) Concurrent Preclean 0.102ms
[2022-02-10T20:39:00.813+0530][gc,marking    ] GC(4) Concurrent Mark (2.250s, 2.254s) 3.829ms
[2022-02-10T20:39:00.813+0530][gc,start      ] GC(4) Pause Remark
[2022-02-10T20:39:00.814+0530][gc,stringtable] GC(4) Cleaned string and symbol table, strings: 10671 processed, 9 removed, symbols: 95663 processed, 33 removed
[2022-02-10T20:39:00.814+0530][gc            ] GC(4) Pause Remark 138M->138M(1024M) 1.403ms
[2022-02-10T20:39:00.814+0530][gc,cpu        ] GC(4) User=0.01s Sys=0.00s Real=0.00s
[2022-02-10T20:39:00.814+0530][gc,marking    ] GC(4) Concurrent Rebuild Remembered Sets
[2022-02-10T20:39:00.817+0530][gc,marking    ] GC(4) Concurrent Rebuild Remembered Sets 2.669ms
[2022-02-10T20:39:00.817+0530][gc,start      ] GC(4) Pause Cleanup
[2022-02-10T20:39:00.817+0530][gc            ] GC(4) Pause Cleanup 139M->139M(1024M) 0.120ms
[2022-02-10T20:39:00.817+0530][gc,cpu        ] GC(4) User=0.00s Sys=0.00s Real=0.00s
[2022-02-10T20:39:00.817+0530][gc,marking    ] GC(4) Concurrent Cleanup for Next Mark
[2022-02-10T20:39:00.823+0530][gc,marking    ] GC(4) Concurrent Cleanup for Next Mark 5.811ms
[2022-02-10T20:39:00.823+0530][gc            ] GC(4) Concurrent Cycle 15.317ms
[2022-02-10T20:39:01.444+0530][gc,start      ] GC(5) Pause Young (Normal) (G1 Evacuation Pause)
[2022-02-10T20:39:01.444+0530][gc,task       ] GC(5) Using 10 workers of 10 for evacuation
[2022-02-10T20:39:01.450+0530][gc,phases     ] GC(5)   Pre Evacuate Collection Set: 0.0ms
[2022-02-10T20:39:01.450+0530][gc,phases     ] GC(5)   Evacuate Collection Set: 5.2ms
[2022-02-10T20:39:01.450+0530][gc,phases     ] GC(5)   Post Evacuate Collection Set: 0.5ms
[2022-02-10T20:39:01.450+0530][gc,phases     ] GC(5)   Other: 0.3ms
[2022-02-10T20:39:01.450+0530][gc,heap       ] GC(5) Eden regions: 48->0(44)
[2022-02-10T20:39:01.450+0530][gc,heap       ] GC(5) Survivor regions: 3->7(7)
[2022-02-10T20:39:01.450+0530][gc,heap       ] GC(5) Old regions: 7->7
[2022-02-10T20:39:01.450+0530][gc,heap       ] GC(5) Humongous regions: 129->129
[2022-02-10T20:39:01.450+0530][gc,metaspace  ] GC(5) Metaspace: 43047K->43047K(1087488K)
[2022-02-10T20:39:01.450+0530][gc            ] GC(5) Pause Young (Normal) (G1 Evacuation Pause) 186M->142M(1024M) 6.164ms
[2022-02-10T20:39:01.450+0530][gc,cpu        ] GC(5) User=0.03s Sys=0.00s Real=0.01s
[2022-02-10T20:48:50.935+0530][gc,start      ] GC(6) Pause Young (Normal) (G1 Evacuation Pause)
[2022-02-10T20:48:50.935+0530][gc,task       ] GC(6) Using 10 workers of 10 for evacuation
[2022-02-10T20:48:50.943+0530][gc,phases     ] GC(6)   Pre Evacuate Collection Set: 0.1ms
[2022-02-10T20:48:50.943+0530][gc,phases     ] GC(6)   Evacuate Collection Set: 6.4ms
[2022-02-10T20:48:50.943+0530][gc,phases     ] GC(6)   Post Evacuate Collection Set: 0.6ms
[2022-02-10T20:48:50.943+0530][gc,phases     ] GC(6)   Other: 0.5ms
[2022-02-10T20:48:50.943+0530][gc,heap       ] GC(6) Eden regions: 44->0(48)
[2022-02-10T20:48:50.943+0530][gc,heap       ] GC(6) Survivor regions: 7->3(7)
[2022-02-10T20:48:50.943+0530][gc,heap       ] GC(6) Old regions: 7->13
[2022-02-10T20:48:50.943+0530][gc,heap       ] GC(6) Humongous regions: 129->129
[2022-02-10T20:48:50.943+0530][gc,metaspace  ] GC(6) Metaspace: 49029K->49029K(1093632K)
[2022-02-10T20:48:50.943+0530][gc            ] GC(6) Pause Young (Normal) (G1 Evacuation Pause) 186M->144M(1024M) 7.715ms
[2022-02-10T20:48:50.943+0530][gc,cpu        ] GC(6) User=0.05s Sys=0.01s Real=0.01s
[2022-02-10T20:56:55.231+0530][gc,start      ] GC(7) Pause Young (Normal) (G1 Evacuation Pause)
[2022-02-10T20:56:55.231+0530][gc,task       ] GC(7) Using 10 workers of 10 for evacuation
[2022-02-10T20:56:55.237+0530][gc,phases     ] GC(7)   Pre Evacuate Collection Set: 0.0ms
[2022-02-10T20:56:55.237+0530][gc,phases     ] GC(7)   Evacuate Collection Set: 4.8ms
[2022-02-10T20:56:55.237+0530][gc,phases     ] GC(7)   Post Evacuate Collection Set: 0.7ms
[2022-02-10T20:56:55.237+0530][gc,phases     ] GC(7)   Other: 1.0ms
[2022-02-10T20:56:55.237+0530][gc,heap       ] GC(7) Eden regions: 48->0(45)
[2022-02-10T20:56:55.237+0530][gc,heap       ] GC(7) Survivor regions: 3->6(7)
[2022-02-10T20:56:55.237+0530][gc,heap       ] GC(7) Old regions: 13->13
[2022-02-10T20:56:55.237+0530][gc,heap       ] GC(7) Humongous regions: 129->129
[2022-02-10T20:56:55.237+0530][gc,metaspace  ] GC(7) Metaspace: 52211K->52211K(1095680K)
[2022-02-10T20:56:55.237+0530][gc            ] GC(7) Pause Young (Normal) (G1 Evacuation Pause) 192M->147M(1024M) 6.736ms
[2022-02-10T20:56:55.237+0530][gc,cpu        ] GC(7) User=0.03s Sys=0.01s Real=0.00s
[2022-02-10T21:08:28.020+0530][gc,start      ] GC(8) Pause Young (Normal) (G1 Evacuation Pause)
[2022-02-10T21:08:28.021+0530][gc,task       ] GC(8) Using 10 workers of 10 for evacuation
[2022-02-10T21:08:28.027+0530][gc,phases     ] GC(8)   Pre Evacuate Collection Set: 0.0ms
[2022-02-10T21:08:28.027+0530][gc,phases     ] GC(8)   Evacuate Collection Set: 4.5ms
[2022-02-10T21:08:28.027+0530][gc,phases     ] GC(8)   Post Evacuate Collection Set: 1.2ms
[2022-02-10T21:08:28.027+0530][gc,phases     ] GC(8)   Other: 1.1ms
[2022-02-10T21:08:28.027+0530][gc,heap       ] GC(8) Eden regions: 45->0(48)
[2022-02-10T21:08:28.027+0530][gc,heap       ] GC(8) Survivor regions: 6->3(7)
[2022-02-10T21:08:28.027+0530][gc,heap       ] GC(8) Old regions: 13->16
[2022-02-10T21:08:28.027+0530][gc,heap       ] GC(8) Humongous regions: 129->129
[2022-02-10T21:08:28.027+0530][gc,metaspace  ] GC(8) Metaspace: 52358K->52358K(1095680K)
[2022-02-10T21:08:28.027+0530][gc            ] GC(8) Pause Young (Normal) (G1 Evacuation Pause) 192M->147M(1024M) 7.048ms
[2022-02-10T21:08:28.027+0530][gc,cpu        ] GC(8) User=0.04s Sys=0.00s Real=0.00s
[2022-02-10T21:21:37.929+0530][gc,start      ] GC(9) Pause Young (Normal) (G1 Evacuation Pause)
[2022-02-10T21:21:37.930+0530][gc,task       ] GC(9) Using 10 workers of 10 for evacuation
[2022-02-10T21:21:37.964+0530][gc,mmu        ] GC(9) MMU target violated: 21.0ms (20.0ms/21.0ms)
[2022-02-10T21:21:37.974+0530][gc,phases     ] GC(9)   Pre Evacuate Collection Set: 0.3ms
[2022-02-10T21:21:37.974+0530][gc,phases     ] GC(9)   Evacuate Collection Set: 32.6ms
[2022-02-10T21:21:37.975+0530][gc,phases     ] GC(9)   Post Evacuate Collection Set: 0.8ms
[2022-02-10T21:21:37.975+0530][gc,phases     ] GC(9)   Other: 12.0ms
[2022-02-10T21:21:37.975+0530][gc,heap       ] GC(9) Eden regions: 48->0(45)
[2022-02-10T21:21:37.975+0530][gc,heap       ] GC(9) Survivor regions: 3->6(7)
[2022-02-10T21:21:37.975+0530][gc,heap       ] GC(9) Old regions: 16->16
[2022-02-10T21:21:37.975+0530][gc,heap       ] GC(9) Humongous regions: 129->129
[2022-02-10T21:21:37.975+0530][gc,metaspace  ] GC(9) Metaspace: 52457K->52457K(1095680K)
[2022-02-10T21:21:37.975+0530][gc            ] GC(9) Pause Young (Normal) (G1 Evacuation Pause) 195M->150M(1024M) 46.561ms
[2022-02-10T21:21:37.975+0530][gc,cpu        ] GC(9) User=0.10s Sys=0.01s Real=0.05s
[2022-02-10T21:34:23.804+0530][gc,start      ] GC(10) Pause Young (Normal) (G1 Evacuation Pause)
[2022-02-10T21:34:23.805+0530][gc,task       ] GC(10) Using 10 workers of 10 for evacuation
[2022-02-10T21:34:23.811+0530][gc,phases     ] GC(10)   Pre Evacuate Collection Set: 0.0ms
[2022-02-10T21:34:23.811+0530][gc,phases     ] GC(10)   Evacuate Collection Set: 5.7ms
[2022-02-10T21:34:23.811+0530][gc,phases     ] GC(10)   Post Evacuate Collection Set: 0.2ms
[2022-02-10T21:34:23.811+0530][gc,phases     ] GC(10)   Other: 1.0ms
[2022-02-10T21:34:23.811+0530][gc,heap       ] GC(10) Eden regions: 45->0(47)
[2022-02-10T21:34:23.811+0530][gc,heap       ] GC(10) Survivor regions: 6->4(7)
[2022-02-10T21:34:23.811+0530][gc,heap       ] GC(10) Old regions: 16->19
[2022-02-10T21:34:23.811+0530][gc,heap       ] GC(10) Humongous regions: 129->129
[2022-02-10T21:34:23.811+0530][gc,metaspace  ] GC(10) Metaspace: 52517K->52517K(1095680K)
[2022-02-10T21:34:23.811+0530][gc            ] GC(10) Pause Young (Normal) (G1 Evacuation Pause) 195M->151M(1024M) 7.049ms
[2022-02-10T21:34:23.811+0530][gc,cpu        ] GC(10) User=0.04s Sys=0.01s Real=0.01s
[2022-02-11T01:24:19.037+0530][gc,start      ] GC(11) Pause Young (Normal) (G1 Evacuation Pause)
[2022-02-11T01:24:19.038+0530][gc,task       ] GC(11) Using 10 workers of 10 for evacuation
[2022-02-11T01:24:19.099+0530][gc,mmu        ] GC(11) MMU target violated: 21.0ms (20.0ms/21.0ms)
[2022-02-11T01:24:19.099+0530][gc,phases     ] GC(11)   Pre Evacuate Collection Set: 0.9ms
[2022-02-11T01:24:19.099+0530][gc,phases     ] GC(11)   Evacuate Collection Set: 59.5ms
[2022-02-11T01:24:19.099+0530][gc,phases     ] GC(11)   Post Evacuate Collection Set: 0.3ms
[2022-02-11T01:24:19.099+0530][gc,phases     ] GC(11)   Other: 1.6ms
[2022-02-11T01:24:19.099+0530][gc,heap       ] GC(11) Eden regions: 47->0(44)
[2022-02-11T01:24:19.100+0530][gc,heap       ] GC(11) Survivor regions: 4->7(7)
[2022-02-11T01:24:19.100+0530][gc,heap       ] GC(11) Old regions: 19->20
[2022-02-11T01:24:19.100+0530][gc,heap       ] GC(11) Humongous regions: 129->129
[2022-02-11T01:24:19.100+0530][gc,metaspace  ] GC(11) Metaspace: 52951K->52951K(1097728K)
[2022-02-11T01:24:19.100+0530][gc            ] GC(11) Pause Young (Normal) (G1 Evacuation Pause) 198M->155M(1024M) 62.139ms
[2022-02-11T01:24:19.100+0530][gc,cpu        ] GC(11) User=0.07s Sys=0.29s Real=0.07s
[2022-02-11T11:24:44.323+0530][gc,start      ] GC(12) Pause Young (Normal) (G1 Evacuation Pause)
[2022-02-11T11:24:44.324+0530][gc,task       ] GC(12) Using 10 workers of 10 for evacuation
[2022-02-11T11:24:44.349+0530][gc,mmu        ] GC(12) MMU target violated: 21.0ms (20.0ms/21.0ms)
[2022-02-11T11:24:44.350+0530][gc,phases     ] GC(12)   Pre Evacuate Collection Set: 1.0ms
[2022-02-11T11:24:44.350+0530][gc,phases     ] GC(12)   Evacuate Collection Set: 20.8ms
[2022-02-11T11:24:44.350+0530][gc,phases     ] GC(12)   Post Evacuate Collection Set: 0.8ms
[2022-02-11T11:24:44.350+0530][gc,phases     ] GC(12)   Other: 4.3ms
[2022-02-11T11:24:44.351+0530][gc,heap       ] GC(12) Eden regions: 44->0(49)
[2022-02-11T11:24:44.351+0530][gc,heap       ] GC(12) Survivor regions: 7->2(7)
[2022-02-11T11:24:44.351+0530][gc,heap       ] GC(12) Old regions: 20->25
[2022-02-11T11:24:44.351+0530][gc,heap       ] GC(12) Humongous regions: 129->129
[2022-02-11T11:24:44.351+0530][gc,metaspace  ] GC(12) Metaspace: 53140K->53140K(1097728K)
[2022-02-11T11:24:44.351+0530][gc            ] GC(12) Pause Young (Normal) (G1 Evacuation Pause) 199M->154M(1024M) 27.299ms
[2022-02-11T11:24:44.351+0530][gc,cpu        ] GC(12) User=0.04s Sys=0.08s Real=0.03s
[2022-02-11T11:39:23.463+0530][gc,start      ] GC(13) Pause Young (Normal) (G1 Evacuation Pause)
[2022-02-11T11:39:23.464+0530][gc,task       ] GC(13) Using 10 workers of 10 for evacuation
[2022-02-11T11:39:23.472+0530][gc,phases     ] GC(13)   Pre Evacuate Collection Set: 0.0ms
[2022-02-11T11:39:23.472+0530][gc,phases     ] GC(13)   Evacuate Collection Set: 7.2ms
[2022-02-11T11:39:23.472+0530][gc,phases     ] GC(13)   Post Evacuate Collection Set: 0.4ms
[2022-02-11T11:39:23.472+0530][gc,phases     ] GC(13)   Other: 1.2ms
[2022-02-11T11:39:23.472+0530][gc,heap       ] GC(13) Eden regions: 49->0(48)
[2022-02-11T11:39:23.472+0530][gc,heap       ] GC(13) Survivor regions: 2->3(7)
[2022-02-11T11:39:23.472+0530][gc,heap       ] GC(13) Old regions: 25->25
[2022-02-11T11:39:23.472+0530][gc,heap       ] GC(13) Humongous regions: 129->129
[2022-02-11T11:39:23.472+0530][gc,metaspace  ] GC(13) Metaspace: 53153K->53153K(1097728K)
[2022-02-11T11:39:23.472+0530][gc            ] GC(13) Pause Young (Normal) (G1 Evacuation Pause) 203M->155M(1024M) 9.172ms
[2022-02-11T11:39:23.472+0530][gc,cpu        ] GC(13) User=0.03s Sys=0.02s Real=0.01s
[2022-02-11T11:53:52.464+0530][gc,start      ] GC(14) Pause Young (Normal) (G1 Evacuation Pause)
[2022-02-11T11:53:52.465+0530][gc,task       ] GC(14) Using 10 workers of 10 for evacuation
[2022-02-11T11:53:52.466+0530][gc,phases     ] GC(14)   Pre Evacuate Collection Set: 0.0ms
[2022-02-11T11:53:52.466+0530][gc,phases     ] GC(14)   Evacuate Collection Set: 1.2ms
[2022-02-11T11:53:52.466+0530][gc,phases     ] GC(14)   Post Evacuate Collection Set: 0.2ms
[2022-02-11T11:53:52.466+0530][gc,phases     ] GC(14)   Other: 1.0ms
[2022-02-11T11:53:52.466+0530][gc,heap       ] GC(14) Eden regions: 48->0(75)
[2022-02-11T11:53:52.466+0530][gc,heap       ] GC(14) Survivor regions: 3->2(7)
[2022-02-11T11:53:52.466+0530][gc,heap       ] GC(14) Old regions: 25->25
[2022-02-11T11:53:52.466+0530][gc,heap       ] GC(14) Humongous regions: 129->129
[2022-02-11T11:53:52.466+0530][gc,metaspace  ] GC(14) Metaspace: 53185K->53185K(1097728K)
[2022-02-11T11:53:52.466+0530][gc            ] GC(14) Pause Young (Normal) (G1 Evacuation Pause) 203M->154M(1024M) 2.471ms
[2022-02-11T11:53:52.466+0530][gc,cpu        ] GC(14) User=0.01s Sys=0.00s Real=0.00s
[2022-02-11T12:14:15.619+0530][gc,start      ] GC(15) Pause Young (Normal) (G1 Evacuation Pause)
[2022-02-11T12:14:15.619+0530][gc,task       ] GC(15) Using 10 workers of 10 for evacuation
[2022-02-11T12:14:15.625+0530][gc,phases     ] GC(15)   Pre Evacuate Collection Set: 1.1ms
[2022-02-11T12:14:15.625+0530][gc,phases     ] GC(15)   Evacuate Collection Set: 4.6ms
[2022-02-11T12:14:15.626+0530][gc,phases     ] GC(15)   Post Evacuate Collection Set: 0.3ms
[2022-02-11T12:14:15.626+0530][gc,phases     ] GC(15)   Other: 0.8ms
[2022-02-11T12:14:15.626+0530][gc,heap       ] GC(15) Eden regions: 70->0(159)
[2022-02-11T12:14:15.626+0530][gc,heap       ] GC(15) Survivor regions: 2->3(9)
[2022-02-11T12:14:15.626+0530][gc,heap       ] GC(15) Old regions: 25->25
[2022-02-11T12:14:15.626+0530][gc,heap       ] GC(15) Humongous regions: 129->129
[2022-02-11T12:14:15.626+0530][gc,metaspace  ] GC(15) Metaspace: 53215K->53215K(1097728K)
[2022-02-11T12:14:15.626+0530][gc            ] GC(15) Pause Young (Normal) (G1 Evacuation Pause) 224M->155M(1024M) 7.093ms
[2022-02-11T12:14:15.626+0530][gc,cpu        ] GC(15) User=0.02s Sys=0.02s Real=0.01s
[2022-02-11T12:51:20.071+0530][gc,start      ] GC(16) Pause Young (Normal) (G1 Evacuation Pause)
[2022-02-11T12:51:20.072+0530][gc,task       ] GC(16) Using 10 workers of 10 for evacuation
[2022-02-11T12:51:20.078+0530][gc,phases     ] GC(16)   Pre Evacuate Collection Set: 0.0ms
[2022-02-11T12:51:20.078+0530][gc,phases     ] GC(16)   Evacuate Collection Set: 5.7ms
[2022-02-11T12:51:20.078+0530][gc,phases     ] GC(16)   Post Evacuate Collection Set: 0.4ms
[2022-02-11T12:51:20.078+0530][gc,phases     ] GC(16)   Other: 0.7ms
[2022-02-11T12:51:20.078+0530][gc,heap       ] GC(16) Eden regions: 126->0(130)
[2022-02-11T12:51:20.078+0530][gc,heap       ] GC(16) Survivor regions: 3->4(17)
[2022-02-11T12:51:20.078+0530][gc,heap       ] GC(16) Old regions: 25->25
[2022-02-11T12:51:20.078+0530][gc,heap       ] GC(16) Humongous regions: 129->129
[2022-02-11T12:51:20.078+0530][gc,metaspace  ] GC(16) Metaspace: 53230K->53230K(1097728K)
[2022-02-11T12:51:20.078+0530][gc            ] GC(16) Pause Young (Normal) (G1 Evacuation Pause) 281M->156M(1024M) 7.076ms
[2022-02-11T12:51:20.078+0530][gc,cpu        ] GC(16) User=0.04s Sys=0.02s Real=0.00s
[2022-02-11T13:28:57.625+0530][gc,start      ] GC(17) Pause Young (Normal) (G1 Evacuation Pause)
[2022-02-11T13:28:57.627+0530][gc,task       ] GC(17) Using 10 workers of 10 for evacuation
[2022-02-11T13:28:57.770+0530][gc,mmu        ] GC(17) MMU target violated: 21.0ms (20.0ms/21.0ms)
[2022-02-11T13:28:57.771+0530][gc,phases     ] GC(17)   Pre Evacuate Collection Set: 18.2ms
[2022-02-11T13:28:57.771+0530][gc,phases     ] GC(17)   Evacuate Collection Set: 108.7ms
[2022-02-11T13:28:57.771+0530][gc,phases     ] GC(17)   Post Evacuate Collection Set: 2.6ms
[2022-02-11T13:28:57.771+0530][gc,phases     ] GC(17)   Other: 15.8ms
[2022-02-11T13:28:57.771+0530][gc,heap       ] GC(17) Eden regions: 129->0(46)
[2022-02-11T13:28:57.771+0530][gc,heap       ] GC(17) Survivor regions: 4->5(17)
[2022-02-11T13:28:57.771+0530][gc,heap       ] GC(17) Old regions: 25->25
[2022-02-11T13:28:57.771+0530][gc,heap       ] GC(17) Humongous regions: 129->129
[2022-02-11T13:28:57.772+0530][gc,metaspace  ] GC(17) Metaspace: 53238K->53238K(1097728K)
[2022-02-11T13:28:57.772+0530][gc            ] GC(17) Pause Young (Normal) (G1 Evacuation Pause) 285M->157M(1024M) 146.244ms
[2022-02-11T13:28:57.772+0530][gc,cpu        ] GC(17) User=0.14s Sys=0.11s Real=0.15s
[2022-02-11T17:06:59.009+0530][gc,start      ] GC(18) Pause Young (Normal) (G1 Evacuation Pause)
[2022-02-11T17:06:59.010+0530][gc,task       ] GC(18) Using 10 workers of 10 for evacuation
[2022-02-11T17:06:59.041+0530][gc,mmu        ] GC(18) MMU target violated: 21.0ms (20.0ms/21.0ms)
[2022-02-11T17:06:59.042+0530][gc,phases     ] GC(18)   Pre Evacuate Collection Set: 7.4ms
[2022-02-11T17:06:59.042+0530][gc,phases     ] GC(18)   Evacuate Collection Set: 19.8ms
[2022-02-11T17:06:59.042+0530][gc,phases     ] GC(18)   Post Evacuate Collection Set: 1.2ms
[2022-02-11T17:06:59.042+0530][gc,phases     ] GC(18)   Other: 4.5ms
[2022-02-11T17:06:59.042+0530][gc,heap       ] GC(18) Eden regions: 46->0(48)
[2022-02-11T17:06:59.042+0530][gc,heap       ] GC(18) Survivor regions: 5->3(7)
[2022-02-11T17:06:59.042+0530][gc,heap       ] GC(18) Old regions: 25->26
[2022-02-11T17:06:59.042+0530][gc,heap       ] GC(18) Humongous regions: 129->129
[2022-02-11T17:06:59.042+0530][gc,metaspace  ] GC(18) Metaspace: 53245K->53245K(1097728K)
[2022-02-11T17:06:59.042+0530][gc            ] GC(18) Pause Young (Normal) (G1 Evacuation Pause) 203M->157M(1024M) 32.443ms
[2022-02-11T17:06:59.042+0530][gc,cpu        ] GC(18) User=0.04s Sys=0.06s Real=0.04s
[2022-02-11T17:20:53.595+0530][gc,start      ] GC(19) Pause Young (Normal) (G1 Evacuation Pause)
[2022-02-11T17:20:53.596+0530][gc,task       ] GC(19) Using 10 workers of 10 for evacuation
[2022-02-11T17:20:53.601+0530][gc,phases     ] GC(19)   Pre Evacuate Collection Set: 0.0ms
[2022-02-11T17:20:53.601+0530][gc,phases     ] GC(19)   Evacuate Collection Set: 3.7ms
[2022-02-11T17:20:53.601+0530][gc,phases     ] GC(19)   Post Evacuate Collection Set: 0.8ms
[2022-02-11T17:20:53.601+0530][gc,phases     ] GC(19)   Other: 0.9ms
[2022-02-11T17:20:53.601+0530][gc,heap       ] GC(19) Eden regions: 48->0(48)
[2022-02-11T17:20:53.601+0530][gc,heap       ] GC(19) Survivor regions: 3->3(7)
[2022-02-11T17:20:53.601+0530][gc,heap       ] GC(19) Old regions: 26->26
[2022-02-11T17:20:53.601+0530][gc,heap       ] GC(19) Humongous regions: 129->129
[2022-02-11T17:20:53.601+0530][gc,metaspace  ] GC(19) Metaspace: 53245K->53245K(1097728K)
[2022-02-11T17:20:53.601+0530][gc            ] GC(19) Pause Young (Normal) (G1 Evacuation Pause) 205M->156M(1024M) 6.077ms
[2022-02-11T17:20:53.602+0530][gc,cpu        ] GC(19) User=0.01s Sys=0.02s Real=0.01s
[2022-02-11T17:34:02.420+0530][gc,start      ] GC(20) Pause Young (Normal) (G1 Evacuation Pause)
[2022-02-11T17:34:02.420+0530][gc,task       ] GC(20) Using 10 workers of 10 for evacuation
[2022-02-11T17:34:02.425+0530][gc,phases     ] GC(20)   Pre Evacuate Collection Set: 0.1ms
[2022-02-11T17:34:02.425+0530][gc,phases     ] GC(20)   Evacuate Collection Set: 4.7ms
[2022-02-11T17:34:02.425+0530][gc,phases     ] GC(20)   Post Evacuate Collection Set: 0.2ms
[2022-02-11T17:34:02.425+0530][gc,phases     ] GC(20)   Other: 0.5ms
[2022-02-11T17:34:02.425+0530][gc,heap       ] GC(20) Eden regions: 48->0(47)
[2022-02-11T17:34:02.425+0530][gc,heap       ] GC(20) Survivor regions: 3->4(7)
[2022-02-11T17:34:02.425+0530][gc,heap       ] GC(20) Old regions: 26->26
[2022-02-11T17:34:02.425+0530][gc,heap       ] GC(20) Humongous regions: 129->129
[2022-02-11T17:34:02.425+0530][gc,metaspace  ] GC(20) Metaspace: 53247K->53247K(1097728K)
[2022-02-11T17:34:02.425+0530][gc            ] GC(20) Pause Young (Normal) (G1 Evacuation Pause) 204M->157M(1024M) 5.569ms
[2022-02-11T17:34:02.425+0530][gc,cpu        ] GC(20) User=0.01s Sys=0.01s Real=0.00s
[2022-02-11T18:06:21.970+0530][gc,start      ] GC(21) Pause Young (Normal) (G1 Evacuation Pause)
[2022-02-11T18:06:21.971+0530][gc,task       ] GC(21) Using 10 workers of 10 for evacuation
[2022-02-11T18:06:21.972+0530][gc,phases     ] GC(21)   Pre Evacuate Collection Set: 0.1ms
[2022-02-11T18:06:21.972+0530][gc,phases     ] GC(21)   Evacuate Collection Set: 1.1ms
[2022-02-11T18:06:21.972+0530][gc,phases     ] GC(21)   Post Evacuate Collection Set: 0.2ms
[2022-02-11T18:06:21.972+0530][gc,phases     ] GC(21)   Other: 0.7ms
[2022-02-11T18:06:21.972+0530][gc,heap       ] GC(21) Eden regions: 47->0(48)
[2022-02-11T18:06:21.972+0530][gc,heap       ] GC(21) Survivor regions: 4->3(7)
[2022-02-11T18:06:21.972+0530][gc,heap       ] GC(21) Old regions: 26->26
[2022-02-11T18:06:21.972+0530][gc,heap       ] GC(21) Humongous regions: 129->129
[2022-02-11T18:06:21.972+0530][gc,metaspace  ] GC(21) Metaspace: 53263K->53263K(1097728K)
[2022-02-11T18:06:21.972+0530][gc            ] GC(21) Pause Young (Normal) (G1 Evacuation Pause) 204M->156M(1024M) 2.224ms
[2022-02-11T18:06:21.972+0530][gc,cpu        ] GC(21) User=0.02s Sys=0.00s Real=0.00s
[2022-02-11T18:20:14.887+0530][gc,start      ] GC(22) Pause Young (Normal) (G1 Evacuation Pause)
[2022-02-11T18:20:14.887+0530][gc,task       ] GC(22) Using 10 workers of 10 for evacuation
[2022-02-11T18:20:14.897+0530][gc,phases     ] GC(22)   Pre Evacuate Collection Set: 0.0ms
[2022-02-11T18:20:14.897+0530][gc,phases     ] GC(22)   Evacuate Collection Set: 9.4ms
[2022-02-11T18:20:14.897+0530][gc,phases     ] GC(22)   Post Evacuate Collection Set: 0.2ms
[2022-02-11T18:20:14.897+0530][gc,phases     ] GC(22)   Other: 1.5ms
[2022-02-11T18:20:14.897+0530][gc,heap       ] GC(22) Eden regions: 48->0(47)
[2022-02-11T18:20:14.897+0530][gc,heap       ] GC(22) Survivor regions: 3->4(7)
[2022-02-11T18:20:14.897+0530][gc,heap       ] GC(22) Old regions: 26->26
[2022-02-11T18:20:14.897+0530][gc,heap       ] GC(22) Humongous regions: 129->129
[2022-02-11T18:20:14.897+0530][gc,metaspace  ] GC(22) Metaspace: 53263K->53263K(1097728K)
[2022-02-11T18:20:14.897+0530][gc            ] GC(22) Pause Young (Normal) (G1 Evacuation Pause) 204M->157M(1024M) 10.376ms
[2022-02-11T18:20:14.897+0530][gc,cpu        ] GC(22) User=0.02s Sys=0.03s Real=0.01s
[2022-02-11T18:33:52.546+0530][gc,start      ] GC(23) Pause Young (Normal) (G1 Evacuation Pause)
[2022-02-11T18:33:52.547+0530][gc,task       ] GC(23) Using 10 workers of 10 for evacuation
[2022-02-11T18:33:52.550+0530][gc,phases     ] GC(23)   Pre Evacuate Collection Set: 0.0ms
[2022-02-11T18:33:52.550+0530][gc,phases     ] GC(23)   Evacuate Collection Set: 2.3ms
[2022-02-11T18:33:52.550+0530][gc,phases     ] GC(23)   Post Evacuate Collection Set: 0.2ms
[2022-02-11T18:33:52.550+0530][gc,phases     ] GC(23)   Other: 1.0ms
[2022-02-11T18:33:52.550+0530][gc,heap       ] GC(23) Eden regions: 47->0(103)
[2022-02-11T18:33:52.550+0530][gc,heap       ] GC(23) Survivor regions: 4->4(7)
[2022-02-11T18:33:52.550+0530][gc,heap       ] GC(23) Old regions: 26->26
[2022-02-11T18:33:52.550+0530][gc,heap       ] GC(23) Humongous regions: 129->129
[2022-02-11T18:33:52.550+0530][gc,metaspace  ] GC(23) Metaspace: 53267K->53267K(1097728K)
[2022-02-11T18:33:52.550+0530][gc            ] GC(23) Pause Young (Normal) (G1 Evacuation Pause) 204M->157M(1024M) 3.590ms
[2022-02-11T18:33:52.550+0530][gc,cpu        ] GC(23) User=0.01s Sys=0.00s Real=0.01s
[2022-02-11T19:05:48.669+0530][gc,start      ] GC(24) Pause Young (Normal) (G1 Evacuation Pause)
[2022-02-11T19:05:48.670+0530][gc,task       ] GC(24) Using 10 workers of 10 for evacuation
[2022-02-11T19:05:48.681+0530][gc,phases     ] GC(24)   Pre Evacuate Collection Set: 0.9ms
[2022-02-11T19:05:48.681+0530][gc,phases     ] GC(24)   Evacuate Collection Set: 9.0ms
[2022-02-11T19:05:48.681+0530][gc,phases     ] GC(24)   Post Evacuate Collection Set: 0.4ms
[2022-02-11T19:05:48.681+0530][gc,phases     ] GC(24)   Other: 1.4ms
[2022-02-11T19:05:48.681+0530][gc,heap       ] GC(24) Eden regions: 103->0(127)
[2022-02-11T19:05:48.681+0530][gc,heap       ] GC(24) Survivor regions: 4->4(14)
[2022-02-11T19:05:48.681+0530][gc,heap       ] GC(24) Old regions: 26->26
[2022-02-11T19:05:48.681+0530][gc,heap       ] GC(24) Humongous regions: 129->129
[2022-02-11T19:05:48.681+0530][gc,metaspace  ] GC(24) Metaspace: 53722K->53722K(1097728K)
[2022-02-11T19:05:48.681+0530][gc            ] GC(24) Pause Young (Normal) (G1 Evacuation Pause) 260M->157M(1024M) 11.879ms
[2022-02-11T19:05:48.681+0530][gc,cpu        ] GC(24) User=0.02s Sys=0.04s Real=0.02s
[2022-02-11T19:27:46.608+0530][gc,start      ] GC(25) Pause Young (Normal) (G1 Evacuation Pause)
[2022-02-11T19:27:46.609+0530][gc,task       ] GC(25) Using 10 workers of 10 for evacuation
[2022-02-11T19:27:46.621+0530][gc,phases     ] GC(25)   Pre Evacuate Collection Set: 0.0ms
[2022-02-11T19:27:46.622+0530][gc,phases     ] GC(25)   Evacuate Collection Set: 10.6ms
[2022-02-11T19:27:46.622+0530][gc,phases     ] GC(25)   Post Evacuate Collection Set: 1.6ms
[2022-02-11T19:27:46.622+0530][gc,phases     ] GC(25)   Other: 0.8ms
[2022-02-11T19:27:46.622+0530][gc,heap       ] GC(25) Eden regions: 127->0(143)
[2022-02-11T19:27:46.622+0530][gc,heap       ] GC(25) Survivor regions: 4->4(17)
[2022-02-11T19:27:46.622+0530][gc,heap       ] GC(25) Old regions: 26->26
[2022-02-11T19:27:46.622+0530][gc,heap       ] GC(25) Humongous regions: 129->129
[2022-02-11T19:27:46.622+0530][gc,metaspace  ] GC(25) Metaspace: 54943K->54943K(1099776K)
[2022-02-11T19:27:46.622+0530][gc            ] GC(25) Pause Young (Normal) (G1 Evacuation Pause) 284M->157M(1024M) 13.274ms
[2022-02-11T19:27:46.622+0530][gc,cpu        ] GC(25) User=0.04s Sys=0.04s Real=0.02s
[2022-02-11T19:40:29.849+0530][gc,start      ] GC(26) Pause Young (Normal) (G1 Evacuation Pause)
[2022-02-11T19:40:29.850+0530][gc,task       ] GC(26) Using 10 workers of 10 for evacuation
[2022-02-11T19:40:29.857+0530][gc,phases     ] GC(26)   Pre Evacuate Collection Set: 1.3ms
[2022-02-11T19:40:29.857+0530][gc,phases     ] GC(26)   Evacuate Collection Set: 5.0ms
[2022-02-11T19:40:29.857+0530][gc,phases     ] GC(26)   Post Evacuate Collection Set: 0.7ms
[2022-02-11T19:40:29.857+0530][gc,phases     ] GC(26)   Other: 1.3ms
[2022-02-11T19:40:29.857+0530][gc,heap       ] GC(26) Eden regions: 143->0(170)
[2022-02-11T19:40:29.857+0530][gc,heap       ] GC(26) Survivor regions: 4->4(19)
[2022-02-11T19:40:29.857+0530][gc,heap       ] GC(26) Old regions: 26->26
[2022-02-11T19:40:29.857+0530][gc,heap       ] GC(26) Humongous regions: 129->129
[2022-02-11T19:40:29.857+0530][gc,metaspace  ] GC(26) Metaspace: 55342K->55342K(1099776K)
[2022-02-11T19:40:29.857+0530][gc            ] GC(26) Pause Young (Normal) (G1 Evacuation Pause) 300M->157M(1024M) 8.433ms
[2022-02-11T19:40:29.857+0530][gc,cpu        ] GC(26) User=0.03s Sys=0.02s Real=0.01s
[2022-02-11T19:56:09.732+0530][gc,start      ] GC(27) Pause Young (Normal) (G1 Evacuation Pause)
[2022-02-11T19:56:09.732+0530][gc,task       ] GC(27) Using 10 workers of 10 for evacuation
[2022-02-11T19:56:09.737+0530][gc,phases     ] GC(27)   Pre Evacuate Collection Set: 0.0ms
[2022-02-11T19:56:09.737+0530][gc,phases     ] GC(27)   Evacuate Collection Set: 4.1ms
[2022-02-11T19:56:09.737+0530][gc,phases     ] GC(27)   Post Evacuate Collection Set: 0.5ms
[2022-02-11T19:56:09.737+0530][gc,phases     ] GC(27)   Other: 1.0ms
[2022-02-11T19:56:09.737+0530][gc,heap       ] GC(27) Eden regions: 170->0(218)
[2022-02-11T19:56:09.737+0530][gc,heap       ] GC(27) Survivor regions: 4->6(22)
[2022-02-11T19:56:09.737+0530][gc,heap       ] GC(27) Old regions: 26->26
[2022-02-11T19:56:09.737+0530][gc,heap       ] GC(27) Humongous regions: 129->129
[2022-02-11T19:56:09.737+0530][gc,metaspace  ] GC(27) Metaspace: 56293K->56293K(1099776K)
[2022-02-11T19:56:09.737+0530][gc            ] GC(27) Pause Young (Normal) (G1 Evacuation Pause) 327M->159M(1024M) 5.700ms
[2022-02-11T19:56:09.737+0530][gc,cpu        ] GC(27) User=0.02s Sys=0.01s Real=0.00s
[2022-02-11T20:22:04.085+0530][gc,start      ] GC(28) Pause Young (Normal) (G1 Evacuation Pause)
[2022-02-11T20:22:04.086+0530][gc,task       ] GC(28) Using 10 workers of 10 for evacuation
[2022-02-11T20:22:04.106+0530][gc,phases     ] GC(28)   Pre Evacuate Collection Set: 1.2ms
[2022-02-11T20:22:04.106+0530][gc,phases     ] GC(28)   Evacuate Collection Set: 15.7ms
[2022-02-11T20:22:04.106+0530][gc,phases     ] GC(28)   Post Evacuate Collection Set: 1.9ms
[2022-02-11T20:22:04.106+0530][gc,phases     ] GC(28)   Other: 2.3ms
[2022-02-11T20:22:04.106+0530][gc,heap       ] GC(28) Eden regions: 218->0(512)
[2022-02-11T20:22:04.106+0530][gc,heap       ] GC(28) Survivor regions: 6->5(28)
[2022-02-11T20:22:04.106+0530][gc,heap       ] GC(28) Old regions: 26->26
[2022-02-11T20:22:04.106+0530][gc,heap       ] GC(28) Humongous regions: 129->129
[2022-02-11T20:22:04.106+0530][gc,metaspace  ] GC(28) Metaspace: 56314K->56314K(1099776K)
[2022-02-11T20:22:04.106+0530][gc            ] GC(28) Pause Young (Normal) (G1 Evacuation Pause) 377M->158M(1024M) 21.279ms
[2022-02-11T20:22:04.106+0530][gc,cpu        ] GC(28) User=0.06s Sys=0.06s Real=0.02s
[2022-02-11T21:43:04.521+0530][gc,start      ] GC(29) Pause Young (Normal) (G1 Evacuation Pause)
[2022-02-11T21:43:04.521+0530][gc,task       ] GC(29) Using 10 workers of 10 for evacuation
[2022-02-11T21:43:04.541+0530][gc,phases     ] GC(29)   Pre Evacuate Collection Set: 0.5ms
[2022-02-11T21:43:04.541+0530][gc,phases     ] GC(29)   Evacuate Collection Set: 17.0ms
[2022-02-11T21:43:04.541+0530][gc,phases     ] GC(29)   Post Evacuate Collection Set: 1.2ms
[2022-02-11T21:43:04.541+0530][gc,phases     ] GC(29)   Other: 1.3ms
[2022-02-11T21:43:04.541+0530][gc,heap       ] GC(29) Eden regions: 512->0(608)
[2022-02-11T21:43:04.541+0530][gc,heap       ] GC(29) Survivor regions: 5->6(65)
[2022-02-11T21:43:04.541+0530][gc,heap       ] GC(29) Old regions: 26->26
[2022-02-11T21:43:04.541+0530][gc,heap       ] GC(29) Humongous regions: 129->129
[2022-02-11T21:43:04.541+0530][gc,metaspace  ] GC(29) Metaspace: 56350K->56350K(1099776K)
[2022-02-11T21:43:04.541+0530][gc            ] GC(29) Pause Young (Normal) (G1 Evacuation Pause) 670M->159M(1024M) 20.168ms
[2022-02-11T21:43:04.541+0530][gc,cpu        ] GC(29) User=0.06s Sys=0.07s Real=0.02s
[2022-02-12T00:00:36.433+0530][gc,start      ] GC(30) Pause Young (Concurrent Start) (Metadata GC Threshold)
[2022-02-12T00:00:36.434+0530][gc,task       ] GC(30) Using 10 workers of 10 for evacuation
[2022-02-12T00:00:36.472+0530][gc,mmu        ] GC(30) MMU target violated: 21.0ms (20.0ms/21.0ms)
[2022-02-12T00:00:36.472+0530][gc,phases     ] GC(30)   Pre Evacuate Collection Set: 1.3ms
[2022-02-12T00:00:36.472+0530][gc,phases     ] GC(30)   Evacuate Collection Set: 33.1ms
[2022-02-12T00:00:36.472+0530][gc,phases     ] GC(30)   Post Evacuate Collection Set: 0.9ms
[2022-02-12T00:00:36.472+0530][gc,phases     ] GC(30)   Other: 3.5ms
[2022-02-12T00:00:36.472+0530][gc,heap       ] GC(30) Eden regions: 153->0(569)
[2022-02-12T00:00:36.472+0530][gc,heap       ] GC(30) Survivor regions: 6->5(77)
[2022-02-12T00:00:36.472+0530][gc,heap       ] GC(30) Old regions: 26->26
[2022-02-12T00:00:36.472+0530][gc,heap       ] GC(30) Humongous regions: 129->129
[2022-02-12T00:00:36.472+0530][gc,metaspace  ] GC(30) Metaspace: 56362K->56362K(1099776K)
[2022-02-12T00:00:36.472+0530][gc            ] GC(30) Pause Young (Concurrent Start) (Metadata GC Threshold) 311M->158M(1024M) 38.369ms
[2022-02-12T00:00:36.472+0530][gc,cpu        ] GC(30) User=0.04s Sys=0.05s Real=0.04s
[2022-02-12T00:00:36.472+0530][gc            ] GC(31) Concurrent Cycle
[2022-02-12T00:00:36.472+0530][gc,marking    ] GC(31) Concurrent Clear Claimed Marks
[2022-02-12T00:00:36.473+0530][gc,marking    ] GC(31) Concurrent Clear Claimed Marks 1.226ms
[2022-02-12T00:00:36.473+0530][gc,marking    ] GC(31) Concurrent Scan Root Regions
[2022-02-12T00:00:36.488+0530][gc,marking    ] GC(31) Concurrent Scan Root Regions 15.047ms
[2022-02-12T00:00:36.488+0530][gc,marking    ] GC(31) Concurrent Mark (28337.894s)
[2022-02-12T00:00:36.488+0530][gc,marking    ] GC(31) Concurrent Mark From Roots
[2022-02-12T00:00:36.488+0530][gc,task       ] GC(31) Using 3 workers of 3 for marking
[2022-02-12T00:00:36.564+0530][gc,marking    ] GC(31) Concurrent Mark From Roots 76.228ms
[2022-02-12T00:00:36.564+0530][gc,marking    ] GC(31) Concurrent Preclean
[2022-02-12T00:00:36.565+0530][gc,marking    ] GC(31) Concurrent Preclean 0.278ms
[2022-02-12T00:00:36.565+0530][gc,marking    ] GC(31) Concurrent Mark (28337.894s, 28337.970s) 76.564ms
[2022-02-12T00:00:36.565+0530][gc,start      ] GC(31) Pause Remark
[2022-02-12T00:00:36.728+0530][gc,stringtable] GC(31) Cleaned string and symbol table, strings: 19418 processed, 376 removed, symbols: 127708 processed, 10 removed
[2022-02-12T00:00:36.729+0530][gc,mmu        ] GC(31) MMU target violated: 21.0ms (20.0ms/21.0ms)
[2022-02-12T00:00:36.729+0530][gc            ] GC(31) Pause Remark 158M->158M(1024M) 164.250ms
[2022-02-12T00:00:36.729+0530][gc,cpu        ] GC(31) User=0.07s Sys=0.38s Real=0.16s
[2022-02-12T00:00:36.729+0530][gc,marking    ] GC(31) Concurrent Rebuild Remembered Sets
[2022-02-12T00:00:36.738+0530][gc,marking    ] GC(31) Concurrent Rebuild Remembered Sets 8.609ms
[2022-02-12T00:00:36.738+0530][gc,start      ] GC(31) Pause Cleanup
[2022-02-12T00:00:36.738+0530][gc            ] GC(31) Pause Cleanup 160M->160M(1024M) 0.135ms
[2022-02-12T00:00:36.738+0530][gc,cpu        ] GC(31) User=0.00s Sys=0.00s Real=0.00s
[2022-02-12T00:00:36.738+0530][gc,marking    ] GC(31) Concurrent Cleanup for Next Mark
[2022-02-12T00:00:36.748+0530][gc,marking    ] GC(31) Concurrent Cleanup for Next Mark 10.162ms
[2022-02-12T00:00:36.748+0530][gc            ] GC(31) Concurrent Cycle 276.517ms
[2022-02-12T10:32:06.363+0530][gc,start      ] GC(32) Pause Young (Normal) (G1 Evacuation Pause)
[2022-02-12T10:32:06.365+0530][gc,task       ] GC(32) Using 10 workers of 10 for evacuation
[2022-02-12T10:32:06.492+0530][gc,mmu        ] GC(32) MMU target violated: 21.0ms (20.0ms/21.0ms)
[2022-02-12T10:32:06.492+0530][gc,phases     ] GC(32)   Pre Evacuate Collection Set: 21.4ms
[2022-02-12T10:32:06.492+0530][gc,phases     ] GC(32)   Evacuate Collection Set: 90.9ms
[2022-02-12T10:32:06.492+0530][gc,phases     ] GC(32)   Post Evacuate Collection Set: 3.4ms
[2022-02-12T10:32:06.492+0530][gc,phases     ] GC(32)   Other: 13.8ms
[2022-02-12T10:32:06.492+0530][gc,heap       ] GC(32) Eden regions: 216->0(45)
[2022-02-12T10:32:06.492+0530][gc,heap       ] GC(32) Survivor regions: 5->6(28)
[2022-02-12T10:32:06.492+0530][gc,heap       ] GC(32) Old regions: 26->26
[2022-02-12T10:32:06.492+0530][gc,heap       ] GC(32) Humongous regions: 129->129
[2022-02-12T10:32:06.492+0530][gc,metaspace  ] GC(32) Metaspace: 56233K->56233K(1099776K)
[2022-02-12T10:32:06.492+0530][gc            ] GC(32) Pause Young (Normal) (G1 Evacuation Pause) 374M->159M(1024M) 128.999ms
[2022-02-12T10:32:06.492+0530][gc,cpu        ] GC(32) User=0.23s Sys=0.19s Real=0.13s
[2022-02-12T10:51:38.381+0530][gc,start      ] GC(33) Pause Young (Normal) (G1 Evacuation Pause)
[2022-02-12T10:51:38.381+0530][gc,task       ] GC(33) Using 10 workers of 10 for evacuation
[2022-02-12T10:51:38.390+0530][gc,phases     ] GC(33)   Pre Evacuate Collection Set: 0.0ms
[2022-02-12T10:51:38.390+0530][gc,phases     ] GC(33)   Evacuate Collection Set: 7.7ms
[2022-02-12T10:51:38.390+0530][gc,phases     ] GC(33)   Post Evacuate Collection Set: 0.3ms
[2022-02-12T10:51:38.390+0530][gc,phases     ] GC(33)   Other: 0.9ms
[2022-02-12T10:51:38.390+0530][gc,heap       ] GC(33) Eden regions: 45->0(47)
[2022-02-12T10:51:38.390+0530][gc,heap       ] GC(33) Survivor regions: 6->4(7)
[2022-02-12T10:51:38.390+0530][gc,heap       ] GC(33) Old regions: 26->28
[2022-02-12T10:51:38.390+0530][gc,heap       ] GC(33) Humongous regions: 129->129
[2022-02-12T10:51:38.390+0530][gc,metaspace  ] GC(33) Metaspace: 56235K->56235K(1099776K)
[2022-02-12T10:51:38.390+0530][gc            ] GC(33) Pause Young (Normal) (G1 Evacuation Pause) 204M->159M(1024M) 8.592ms
[2022-02-12T10:51:38.390+0530][gc,cpu        ] GC(33) User=0.03s Sys=0.02s Real=0.01s
[2022-02-12T10:57:12.275+0530][gc,start      ] GC(34) Pause Young (Normal) (G1 Evacuation Pause)
[2022-02-12T10:57:12.275+0530][gc,task       ] GC(34) Using 10 workers of 10 for evacuation
[2022-02-12T10:57:12.297+0530][gc,mmu        ] GC(34) MMU target violated: 21.0ms (20.0ms/21.0ms)
[2022-02-12T10:57:12.298+0530][gc,phases     ] GC(34)   Pre Evacuate Collection Set: 1.0ms
[2022-02-12T10:57:12.298+0530][gc,phases     ] GC(34)   Evacuate Collection Set: 20.1ms
[2022-02-12T10:57:12.298+0530][gc,phases     ] GC(34)   Post Evacuate Collection Set: 0.5ms
[2022-02-12T10:57:12.298+0530][gc,phases     ] GC(34)   Other: 0.9ms
[2022-02-12T10:57:12.298+0530][gc,heap       ] GC(34) Eden regions: 47->0(44)
[2022-02-12T10:57:12.298+0530][gc,heap       ] GC(34) Survivor regions: 4->7(7)
[2022-02-12T10:57:12.298+0530][gc,heap       ] GC(34) Old regions: 28->28
[2022-02-12T10:57:12.298+0530][gc,heap       ] GC(34) Humongous regions: 129->129
[2022-02-12T10:57:12.298+0530][gc,metaspace  ] GC(34) Metaspace: 56235K->56235K(1099776K)
[2022-02-12T10:57:12.298+0530][gc            ] GC(34) Pause Young (Normal) (G1 Evacuation Pause) 206M->162M(1024M) 22.676ms
[2022-02-12T10:57:12.298+0530][gc,cpu        ] GC(34) User=0.04s Sys=0.07s Real=0.02s
[2022-02-12T11:07:12.320+0530][gc,start      ] GC(35) Pause Young (Normal) (G1 Evacuation Pause)
[2022-02-12T11:07:12.320+0530][gc,task       ] GC(35) Using 10 workers of 10 for evacuation
[2022-02-12T11:07:12.328+0530][gc,phases     ] GC(35)   Pre Evacuate Collection Set: 0.1ms
[2022-02-12T11:07:12.328+0530][gc,phases     ] GC(35)   Evacuate Collection Set: 7.7ms
[2022-02-12T11:07:12.328+0530][gc,phases     ] GC(35)   Post Evacuate Collection Set: 0.3ms
[2022-02-12T11:07:12.328+0530][gc,phases     ] GC(35)   Other: 0.6ms
[2022-02-12T11:07:12.328+0530][gc,heap       ] GC(35) Eden regions: 44->0(46)
[2022-02-12T11:07:12.328+0530][gc,heap       ] GC(35) Survivor regions: 7->5(7)
[2022-02-12T11:07:12.328+0530][gc,heap       ] GC(35) Old regions: 28->32
[2022-02-12T11:07:12.328+0530][gc,heap       ] GC(35) Humongous regions: 129->129
[2022-02-12T11:07:12.328+0530][gc,metaspace  ] GC(35) Metaspace: 56243K->56243K(1099776K)
[2022-02-12T11:07:12.328+0530][gc            ] GC(35) Pause Young (Normal) (G1 Evacuation Pause) 206M->164M(1024M) 8.719ms
[2022-02-12T11:07:12.328+0530][gc,cpu        ] GC(35) User=0.05s Sys=0.02s Real=0.00s
[2022-02-12T11:12:34.409+0530][gc,start      ] GC(36) Pause Young (Normal) (G1 Evacuation Pause)
[2022-02-12T11:12:34.409+0530][gc,task       ] GC(36) Using 10 workers of 10 for evacuation
[2022-02-12T11:12:34.417+0530][gc,phases     ] GC(36)   Pre Evacuate Collection Set: 0.1ms
[2022-02-12T11:12:34.417+0530][gc,phases     ] GC(36)   Evacuate Collection Set: 7.3ms
[2022-02-12T11:12:34.417+0530][gc,phases     ] GC(36)   Post Evacuate Collection Set: 0.3ms
[2022-02-12T11:12:34.417+0530][gc,phases     ] GC(36)   Other: 1.0ms
[2022-02-12T11:12:34.417+0530][gc,heap       ] GC(36) Eden regions: 46->0(46)
[2022-02-12T11:12:34.417+0530][gc,heap       ] GC(36) Survivor regions: 5->5(7)
[2022-02-12T11:12:34.417+0530][gc,heap       ] GC(36) Old regions: 32->35
[2022-02-12T11:12:34.417+0530][gc,heap       ] GC(36) Humongous regions: 129->129
[2022-02-12T11:12:34.417+0530][gc,metaspace  ] GC(36) Metaspace: 56243K->56243K(1099776K)
[2022-02-12T11:12:34.417+0530][gc            ] GC(36) Pause Young (Normal) (G1 Evacuation Pause) 210M->168M(1024M) 8.766ms
[2022-02-12T11:12:34.417+0530][gc,cpu        ] GC(36) User=0.04s Sys=0.02s Real=0.01s
[2022-02-12T12:18:07.851+0530][gc,start      ] GC(37) Pause Young (Normal) (G1 Evacuation Pause)
[2022-02-12T12:18:07.852+0530][gc,task       ] GC(37) Using 10 workers of 10 for evacuation
[2022-02-12T12:18:07.861+0530][gc,phases     ] GC(37)   Pre Evacuate Collection Set: 0.0ms
[2022-02-12T12:18:07.861+0530][gc,phases     ] GC(37)   Evacuate Collection Set: 9.1ms
[2022-02-12T12:18:07.861+0530][gc,phases     ] GC(37)   Post Evacuate Collection Set: 0.2ms
[2022-02-12T12:18:07.861+0530][gc,phases     ] GC(37)   Other: 0.4ms
[2022-02-12T12:18:07.861+0530][gc,heap       ] GC(37) Eden regions: 46->0(46)
[2022-02-12T12:18:07.861+0530][gc,heap       ] GC(37) Survivor regions: 5->5(7)
[2022-02-12T12:18:07.861+0530][gc,heap       ] GC(37) Old regions: 35->38
[2022-02-12T12:18:07.861+0530][gc,heap       ] GC(37) Humongous regions: 129->129
[2022-02-12T12:18:07.861+0530][gc,metaspace  ] GC(37) Metaspace: 56245K->56245K(1099776K)
[2022-02-12T12:18:07.861+0530][gc            ] GC(37) Pause Young (Normal) (G1 Evacuation Pause) 214M->171M(1024M) 9.748ms
[2022-02-12T12:18:07.861+0530][gc,cpu        ] GC(37) User=0.03s Sys=0.02s Real=0.01s
[2022-02-12T12:23:35.165+0530][gc,start      ] GC(38) Pause Young (Normal) (G1 Evacuation Pause)
[2022-02-12T12:23:35.166+0530][gc,task       ] GC(38) Using 10 workers of 10 for evacuation
[2022-02-12T12:23:35.175+0530][gc,phases     ] GC(38)   Pre Evacuate Collection Set: 0.1ms
[2022-02-12T12:23:35.175+0530][gc,phases     ] GC(38)   Evacuate Collection Set: 8.9ms
[2022-02-12T12:23:35.175+0530][gc,phases     ] GC(38)   Post Evacuate Collection Set: 0.3ms
[2022-02-12T12:23:35.175+0530][gc,phases     ] GC(38)   Other: 0.5ms
[2022-02-12T12:23:35.175+0530][gc,heap       ] GC(38) Eden regions: 46->0(54)
[2022-02-12T12:23:35.175+0530][gc,heap       ] GC(38) Survivor regions: 5->5(7)
[2022-02-12T12:23:35.175+0530][gc,heap       ] GC(38) Old regions: 38->41
[2022-02-12T12:23:35.175+0530][gc,heap       ] GC(38) Humongous regions: 129->129
[2022-02-12T12:23:35.175+0530][gc,metaspace  ] GC(38) Metaspace: 56245K->56245K(1099776K)
[2022-02-12T12:23:35.176+0530][gc            ] GC(38) Pause Young (Normal) (G1 Evacuation Pause) 217M->174M(1024M) 10.557ms
[2022-02-12T12:23:35.176+0530][gc,cpu        ] GC(38) User=0.04s Sys=0.02s Real=0.01s
[2022-02-12T12:29:59.877+0530][gc,start      ] GC(39) Pause Young (Normal) (G1 Evacuation Pause)
[2022-02-12T12:29:59.877+0530][gc,task       ] GC(39) Using 10 workers of 10 for evacuation
[2022-02-12T12:29:59.904+0530][gc,mmu        ] GC(39) MMU target violated: 21.0ms (20.0ms/21.0ms)
[2022-02-12T12:29:59.904+0530][gc,phases     ] GC(39)   Pre Evacuate Collection Set: 0.0ms
[2022-02-12T12:29:59.904+0530][gc,phases     ] GC(39)   Evacuate Collection Set: 26.2ms
[2022-02-12T12:29:59.904+0530][gc,phases     ] GC(39)   Post Evacuate Collection Set: 0.3ms
[2022-02-12T12:29:59.904+0530][gc,phases     ] GC(39)   Other: 0.6ms
[2022-02-12T12:29:59.904+0530][gc,heap       ] GC(39) Eden regions: 54->0(43)
[2022-02-12T12:29:59.904+0530][gc,heap       ] GC(39) Survivor regions: 5->8(8)
[2022-02-12T12:29:59.904+0530][gc,heap       ] GC(39) Old regions: 41->41
[2022-02-12T12:29:59.904+0530][gc,heap       ] GC(39) Humongous regions: 129->129
[2022-02-12T12:29:59.904+0530][gc,metaspace  ] GC(39) Metaspace: 56245K->56245K(1099776K)
[2022-02-12T12:29:59.904+0530][gc            ] GC(39) Pause Young (Normal) (G1 Evacuation Pause) 228M->177M(1024M) 27.206ms
[2022-02-12T12:29:59.904+0530][gc,cpu        ] GC(39) User=0.06s Sys=0.10s Real=0.03s
[2022-02-12T12:35:02.858+0530][gc,start      ] GC(40) Pause Young (Normal) (G1 Evacuation Pause)
[2022-02-12T12:35:02.859+0530][gc,task       ] GC(40) Using 10 workers of 10 for evacuation
[2022-02-12T12:35:02.868+0530][gc,phases     ] GC(40)   Pre Evacuate Collection Set: 0.1ms
[2022-02-12T12:35:02.868+0530][gc,phases     ] GC(40)   Evacuate Collection Set: 8.5ms
[2022-02-12T12:35:02.868+0530][gc,phases     ] GC(40)   Post Evacuate Collection Set: 0.3ms
[2022-02-12T12:35:02.868+0530][gc,phases     ] GC(40)   Other: 0.5ms
[2022-02-12T12:35:02.868+0530][gc,heap       ] GC(40) Eden regions: 43->0(46)
[2022-02-12T12:35:02.868+0530][gc,heap       ] GC(40) Survivor regions: 8->5(7)
[2022-02-12T12:35:02.868+0530][gc,heap       ] GC(40) Old regions: 41->48
[2022-02-12T12:35:02.868+0530][gc,heap       ] GC(40) Humongous regions: 129->129
[2022-02-12T12:35:02.868+0530][gc,metaspace  ] GC(40) Metaspace: 56245K->56245K(1099776K)
[2022-02-12T12:35:02.869+0530][gc            ] GC(40) Pause Young (Normal) (G1 Evacuation Pause) 220M->181M(1024M) 10.056ms
[2022-02-12T12:35:02.869+0530][gc,cpu        ] GC(40) User=0.05s Sys=0.02s Real=0.01s
[2022-02-12T12:40:10.254+0530][gc,start      ] GC(41) Pause Young (Normal) (G1 Evacuation Pause)
[2022-02-12T12:40:10.254+0530][gc,task       ] GC(41) Using 10 workers of 10 for evacuation
[2022-02-12T12:40:10.269+0530][gc,phases     ] GC(41)   Pre Evacuate Collection Set: 0.0ms
[2022-02-12T12:40:10.269+0530][gc,phases     ] GC(41)   Evacuate Collection Set: 13.7ms
[2022-02-12T12:40:10.269+0530][gc,phases     ] GC(41)   Post Evacuate Collection Set: 0.3ms
[2022-02-12T12:40:10.269+0530][gc,phases     ] GC(41)   Other: 1.0ms
[2022-02-12T12:40:10.269+0530][gc,heap       ] GC(41) Eden regions: 46->0(47)
[2022-02-12T12:40:10.269+0530][gc,heap       ] GC(41) Survivor regions: 5->5(7)
[2022-02-12T12:40:10.269+0530][gc,heap       ] GC(41) Old regions: 48->51
[2022-02-12T12:40:10.269+0530][gc,heap       ] GC(41) Humongous regions: 129->129
[2022-02-12T12:40:10.269+0530][gc,metaspace  ] GC(41) Metaspace: 56260K->56260K(1099776K)
[2022-02-12T12:40:10.269+0530][gc            ] GC(41) Pause Young (Normal) (G1 Evacuation Pause) 227M->184M(1024M) 15.173ms
[2022-02-12T12:40:10.269+0530][gc,cpu        ] GC(41) User=0.05s Sys=0.05s Real=0.01s
[2022-02-12T12:45:32.660+0530][gc,start      ] GC(42) Pause Young (Normal) (G1 Evacuation Pause)
[2022-02-12T12:45:32.660+0530][gc,task       ] GC(42) Using 10 workers of 10 for evacuation
[2022-02-12T12:45:32.670+0530][gc,phases     ] GC(42)   Pre Evacuate Collection Set: 0.0ms
[2022-02-12T12:45:32.670+0530][gc,phases     ] GC(42)   Evacuate Collection Set: 9.0ms
[2022-02-12T12:45:32.670+0530][gc,phases     ] GC(42)   Post Evacuate Collection Set: 0.3ms
[2022-02-12T12:45:32.670+0530][gc,phases     ] GC(42)   Other: 0.6ms
[2022-02-12T12:45:32.670+0530][gc,heap       ] GC(42) Eden regions: 46->0(66)
[2022-02-12T12:45:32.670+0530][gc,heap       ] GC(42) Survivor regions: 5->4(7)
[2022-02-12T12:45:32.670+0530][gc,heap       ] GC(42) Old regions: 51->54
[2022-02-12T12:45:32.670+0530][gc,heap       ] GC(42) Humongous regions: 129->129
[2022-02-12T12:45:32.670+0530][gc,metaspace  ] GC(42) Metaspace: 56260K->56260K(1099776K)
[2022-02-12T12:45:32.670+0530][gc            ] GC(42) Pause Young (Normal) (G1 Evacuation Pause) 230M->185M(1024M) 10.109ms
[2022-02-12T12:45:32.670+0530][gc,cpu        ] GC(42) User=0.04s Sys=0.02s Real=0.01s
[2022-02-12T12:53:22.022+0530][gc,start      ] GC(43) Pause Young (Normal) (G1 Evacuation Pause)
[2022-02-12T12:53:22.023+0530][gc,task       ] GC(43) Using 10 workers of 10 for evacuation
[2022-02-12T12:53:22.049+0530][gc,mmu        ] GC(43) MMU target violated: 21.0ms (20.0ms/21.0ms)
[2022-02-12T12:53:22.049+0530][gc,phases     ] GC(43)   Pre Evacuate Collection Set: 1.4ms
[2022-02-12T12:53:22.049+0530][gc,phases     ] GC(43)   Evacuate Collection Set: 23.9ms
[2022-02-12T12:53:22.049+0530][gc,phases     ] GC(43)   Post Evacuate Collection Set: 0.5ms
[2022-02-12T12:53:22.049+0530][gc,phases     ] GC(43)   Other: 1.4ms
[2022-02-12T12:53:22.049+0530][gc,heap       ] GC(43) Eden regions: 66->0(44)
[2022-02-12T12:53:22.049+0530][gc,heap       ] GC(43) Survivor regions: 4->8(9)
[2022-02-12T12:53:22.049+0530][gc,heap       ] GC(43) Old regions: 54->54
[2022-02-12T12:53:22.050+0530][gc,heap       ] GC(43) Humongous regions: 129->129
[2022-02-12T12:53:22.050+0530][gc,metaspace  ] GC(43) Metaspace: 56267K->56267K(1099776K)
[2022-02-12T12:53:22.050+0530][gc            ] GC(43) Pause Young (Normal) (G1 Evacuation Pause) 251M->189M(1024M) 27.342ms
[2022-02-12T12:53:22.050+0530][gc,cpu        ] GC(43) User=0.06s Sys=0.10s Real=0.03s
[2022-02-12T12:58:34.733+0530][gc,start      ] GC(44) Pause Young (Normal) (G1 Evacuation Pause)
[2022-02-12T12:58:34.734+0530][gc,task       ] GC(44) Using 10 workers of 10 for evacuation
[2022-02-12T12:58:34.744+0530][gc,phases     ] GC(44)   Pre Evacuate Collection Set: 0.1ms
[2022-02-12T12:58:34.744+0530][gc,phases     ] GC(44)   Evacuate Collection Set: 9.8ms
[2022-02-12T12:58:34.744+0530][gc,phases     ] GC(44)   Post Evacuate Collection Set: 0.4ms
[2022-02-12T12:58:34.744+0530][gc,phases     ] GC(44)   Other: 1.1ms
[2022-02-12T12:58:34.744+0530][gc,heap       ] GC(44) Eden regions: 44->0(63)
[2022-02-12T12:58:34.744+0530][gc,heap       ] GC(44) Survivor regions: 8->4(7)
[2022-02-12T12:58:34.744+0530][gc,heap       ] GC(44) Old regions: 54->60
[2022-02-12T12:58:34.744+0530][gc,heap       ] GC(44) Humongous regions: 129->129
[2022-02-12T12:58:34.744+0530][gc,metaspace  ] GC(44) Metaspace: 56267K->56267K(1099776K)
[2022-02-12T12:58:34.744+0530][gc            ] GC(44) Pause Young (Normal) (G1 Evacuation Pause) 233M->192M(1024M) 11.548ms
[2022-02-12T12:58:34.744+0530][gc,cpu        ] GC(44) User=0.07s Sys=0.02s Real=0.01s
[2022-02-12T13:06:03.839+0530][gc,start      ] GC(45) Pause Young (Normal) (G1 Evacuation Pause)
[2022-02-12T13:06:03.840+0530][gc,task       ] GC(45) Using 10 workers of 10 for evacuation
[2022-02-12T13:06:03.909+0530][gc,mmu        ] GC(45) MMU target violated: 21.0ms (20.0ms/21.0ms)
[2022-02-12T13:06:03.909+0530][gc,phases     ] GC(45)   Pre Evacuate Collection Set: 1.5ms
[2022-02-12T13:06:03.909+0530][gc,phases     ] GC(45)   Evacuate Collection Set: 66.5ms
[2022-02-12T13:06:03.909+0530][gc,phases     ] GC(45)   Post Evacuate Collection Set: 0.8ms
[2022-02-12T13:06:03.909+0530][gc,phases     ] GC(45)   Other: 1.3ms
[2022-02-12T13:06:03.909+0530][gc,heap       ] GC(45) Eden regions: 63->0(42)
[2022-02-12T13:06:03.909+0530][gc,heap       ] GC(45) Survivor regions: 4->9(9)
[2022-02-12T13:06:03.910+0530][gc,heap       ] GC(45) Old regions: 60->60
[2022-02-12T13:06:03.910+0530][gc,heap       ] GC(45) Humongous regions: 129->129
[2022-02-12T13:06:03.910+0530][gc,metaspace  ] GC(45) Metaspace: 56267K->56267K(1099776K)
[2022-02-12T13:06:03.910+0530][gc            ] GC(45) Pause Young (Normal) (G1 Evacuation Pause) 255M->197M(1024M) 70.312ms
[2022-02-12T13:06:03.910+0530][gc,cpu        ] GC(45) User=0.12s Sys=0.24s Real=0.08s
[2022-02-12T13:11:02.442+0530][gc,start      ] GC(46) Pause Young (Normal) (G1 Evacuation Pause)
[2022-02-12T13:11:02.442+0530][gc,task       ] GC(46) Using 10 workers of 10 for evacuation
[2022-02-12T13:11:02.457+0530][gc,phases     ] GC(46)   Pre Evacuate Collection Set: 0.1ms
[2022-02-12T13:11:02.457+0530][gc,phases     ] GC(46)   Evacuate Collection Set: 13.8ms
[2022-02-12T13:11:02.457+0530][gc,phases     ] GC(46)   Post Evacuate Collection Set: 0.4ms
[2022-02-12T13:11:02.457+0530][gc,phases     ] GC(46)   Other: 0.7ms
[2022-02-12T13:11:02.457+0530][gc,heap       ] GC(46) Eden regions: 42->0(46)
[2022-02-12T13:11:02.457+0530][gc,heap       ] GC(46) Survivor regions: 9->5(7)
[2022-02-12T13:11:02.457+0530][gc,heap       ] GC(46) Old regions: 60->67
[2022-02-12T13:11:02.457+0530][gc,heap       ] GC(46) Humongous regions: 129->129
[2022-02-12T13:11:02.457+0530][gc,metaspace  ] GC(46) Metaspace: 56269K->56269K(1099776K)
[2022-02-12T13:11:02.458+0530][gc            ] GC(46) Pause Young (Normal) (G1 Evacuation Pause) 239M->200M(1024M) 15.840ms
[2022-02-12T13:11:02.458+0530][gc,cpu        ] GC(46) User=0.08s Sys=0.03s Real=0.01s
[2022-02-12T13:16:22.810+0530][gc,start      ] GC(47) Pause Young (Normal) (G1 Evacuation Pause)
[2022-02-12T13:16:22.810+0530][gc,task       ] GC(47) Using 10 workers of 10 for evacuation
[2022-02-12T13:16:22.829+0530][gc,phases     ] GC(47)   Pre Evacuate Collection Set: 0.0ms
[2022-02-12T13:16:22.829+0530][gc,phases     ] GC(47)   Evacuate Collection Set: 18.3ms
[2022-02-12T13:16:22.829+0530][gc,phases     ] GC(47)   Post Evacuate Collection Set: 0.3ms
[2022-02-12T13:16:22.829+0530][gc,phases     ] GC(47)   Other: 0.6ms
[2022-02-12T13:16:22.829+0530][gc,heap       ] GC(47) Eden regions: 46->0(46)
[2022-02-12T13:16:22.829+0530][gc,heap       ] GC(47) Survivor regions: 5->5(7)
[2022-02-12T13:16:22.829+0530][gc,heap       ] GC(47) Old regions: 67->71
[2022-02-12T13:16:22.829+0530][gc,heap       ] GC(47) Humongous regions: 129->129
[2022-02-12T13:16:22.829+0530][gc,metaspace  ] GC(47) Metaspace: 56269K->56269K(1099776K)
[2022-02-12T13:16:22.829+0530][gc            ] GC(47) Pause Young (Normal) (G1 Evacuation Pause) 246M->203M(1024M) 19.461ms
[2022-02-12T13:16:22.829+0530][gc,cpu        ] GC(47) User=0.06s Sys=0.04s Real=0.01s
[2022-02-12T13:21:49.368+0530][gc,start      ] GC(48) Pause Young (Normal) (G1 Evacuation Pause)
[2022-02-12T13:21:49.369+0530][gc,task       ] GC(48) Using 10 workers of 10 for evacuation
[2022-02-12T13:21:49.380+0530][gc,phases     ] GC(48)   Pre Evacuate Collection Set: 0.0ms
[2022-02-12T13:21:49.380+0530][gc,phases     ] GC(48)   Evacuate Collection Set: 10.3ms
[2022-02-12T13:21:49.380+0530][gc,phases     ] GC(48)   Post Evacuate Collection Set: 0.3ms
[2022-02-12T13:21:49.380+0530][gc,phases     ] GC(48)   Other: 0.6ms
[2022-02-12T13:21:49.380+0530][gc,heap       ] GC(48) Eden regions: 46->0(47)
[2022-02-12T13:21:49.380+0530][gc,heap       ] GC(48) Survivor regions: 5->4(7)
[2022-02-12T13:21:49.380+0530][gc,heap       ] GC(48) Old regions: 71->74
[2022-02-12T13:21:49.380+0530][gc,heap       ] GC(48) Humongous regions: 129->129
[2022-02-12T13:21:49.380+0530][gc,metaspace  ] GC(48) Metaspace: 56269K->56269K(1099776K)
[2022-02-12T13:21:49.380+0530][gc            ] GC(48) Pause Young (Normal) (G1 Evacuation Pause) 249M->206M(1024M) 11.458ms
[2022-02-12T13:21:49.380+0530][gc,cpu        ] GC(48) User=0.06s Sys=0.02s Real=0.02s
[2022-02-12T13:27:23.419+0530][gc,start      ] GC(49) Pause Young (Normal) (G1 Evacuation Pause)
[2022-02-12T13:27:23.419+0530][gc,task       ] GC(49) Using 10 workers of 10 for evacuation
[2022-02-12T13:27:23.440+0530][gc,mmu        ] GC(49) MMU target violated: 20.5ms (20.0ms/21.0ms)
[2022-02-12T13:27:23.440+0530][gc,phases     ] GC(49)   Pre Evacuate Collection Set: 2.6ms
[2022-02-12T13:27:23.440+0530][gc,phases     ] GC(49)   Evacuate Collection Set: 16.9ms
[2022-02-12T13:27:23.440+0530][gc,phases     ] GC(49)   Post Evacuate Collection Set: 0.7ms
[2022-02-12T13:27:23.440+0530][gc,phases     ] GC(49)   Other: 1.7ms
[2022-02-12T13:27:23.440+0530][gc,heap       ] GC(49) Eden regions: 47->0(46)
[2022-02-12T13:27:23.440+0530][gc,heap       ] GC(49) Survivor regions: 4->5(7)
[2022-02-12T13:27:23.440+0530][gc,heap       ] GC(49) Old regions: 74->77
[2022-02-12T13:27:23.440+0530][gc,heap       ] GC(49) Humongous regions: 129->129
[2022-02-12T13:27:23.440+0530][gc,metaspace  ] GC(49) Metaspace: 56269K->56269K(1099776K)
[2022-02-12T13:27:23.440+0530][gc            ] GC(49) Pause Young (Normal) (G1 Evacuation Pause) 253M->210M(1024M) 21.401ms
[2022-02-12T13:27:23.440+0530][gc,cpu        ] GC(49) User=0.07s Sys=0.06s Real=0.03s
[2022-02-12T13:32:50.073+0530][gc,start      ] GC(50) Pause Young (Normal) (G1 Evacuation Pause)
[2022-02-12T13:32:50.074+0530][gc,task       ] GC(50) Using 10 workers of 10 for evacuation
[2022-02-12T13:32:50.079+0530][gc,phases     ] GC(50)   Pre Evacuate Collection Set: 0.0ms
[2022-02-12T13:32:50.079+0530][gc,phases     ] GC(50)   Evacuate Collection Set: 4.8ms
[2022-02-12T13:32:50.079+0530][gc,phases     ] GC(50)   Post Evacuate Collection Set: 0.2ms
[2022-02-12T13:32:50.079+0530][gc,phases     ] GC(50)   Other: 1.0ms
[2022-02-12T13:32:50.079+0530][gc,heap       ] GC(50) Eden regions: 46->0(52)
[2022-02-12T13:32:50.079+0530][gc,heap       ] GC(50) Survivor regions: 5->4(7)
[2022-02-12T13:32:50.079+0530][gc,heap       ] GC(50) Old regions: 77->81
[2022-02-12T13:32:50.079+0530][gc,heap       ] GC(50) Humongous regions: 129->129
[2022-02-12T13:32:50.079+0530][gc,metaspace  ] GC(50) Metaspace: 56269K->56269K(1099776K)
[2022-02-12T13:32:50.079+0530][gc            ] GC(50) Pause Young (Normal) (G1 Evacuation Pause) 256M->213M(1024M) 6.197ms
[2022-02-12T13:32:50.079+0530][gc,cpu        ] GC(50) User=0.05s Sys=0.00s Real=0.00s
[2022-02-12T13:38:40.699+0530][gc,start      ] GC(51) Pause Young (Normal) (G1 Evacuation Pause)
[2022-02-12T13:38:40.700+0530][gc,task       ] GC(51) Using 10 workers of 10 for evacuation
[2022-02-12T13:38:40.720+0530][gc,phases     ] GC(51)   Pre Evacuate Collection Set: 0.0ms
[2022-02-12T13:38:40.720+0530][gc,phases     ] GC(51)   Evacuate Collection Set: 19.3ms
[2022-02-12T13:38:40.720+0530][gc,phases     ] GC(51)   Post Evacuate Collection Set: 0.3ms
[2022-02-12T13:38:40.720+0530][gc,phases     ] GC(51)   Other: 1.0ms
[2022-02-12T13:38:40.720+0530][gc,heap       ] GC(51) Eden regions: 52->0(47)
[2022-02-12T13:38:40.720+0530][gc,heap       ] GC(51) Survivor regions: 4->6(7)
[2022-02-12T13:38:40.720+0530][gc,heap       ] GC(51) Old regions: 81->84
[2022-02-12T13:38:40.720+0530][gc,heap       ] GC(51) Humongous regions: 129->129
[2022-02-12T13:38:40.720+0530][gc,metaspace  ] GC(51) Metaspace: 56277K->56277K(1099776K)
[2022-02-12T13:38:40.720+0530][gc            ] GC(51) Pause Young (Normal) (G1 Evacuation Pause) 265M->218M(1024M) 20.773ms
[2022-02-12T13:38:40.720+0530][gc,cpu        ] GC(51) User=0.06s Sys=0.06s Real=0.03s
[2022-02-12T13:43:54.999+0530][gc,start      ] GC(52) Pause Young (Normal) (G1 Evacuation Pause)
[2022-02-12T13:43:54.999+0530][gc,task       ] GC(52) Using 10 workers of 10 for evacuation
[2022-02-12T13:43:55.007+0530][gc,phases     ] GC(52)   Pre Evacuate Collection Set: 0.1ms
[2022-02-12T13:43:55.007+0530][gc,phases     ] GC(52)   Evacuate Collection Set: 7.2ms
[2022-02-12T13:43:55.007+0530][gc,phases     ] GC(52)   Post Evacuate Collection Set: 0.3ms
[2022-02-12T13:43:55.007+0530][gc,phases     ] GC(52)   Other: 0.6ms
[2022-02-12T13:43:55.007+0530][gc,heap       ] GC(52) Eden regions: 45->0(59)
[2022-02-12T13:43:55.007+0530][gc,heap       ] GC(52) Survivor regions: 6->4(7)
[2022-02-12T13:43:55.007+0530][gc,heap       ] GC(52) Old regions: 84->88
[2022-02-12T13:43:55.007+0530][gc,heap       ] GC(52) Humongous regions: 129->129
[2022-02-12T13:43:55.007+0530][gc,metaspace  ] GC(52) Metaspace: 56280K->56280K(1099776K)
[2022-02-12T13:43:55.007+0530][gc            ] GC(52) Pause Young (Normal) (G1 Evacuation Pause) 263M->219M(1024M) 8.293ms
[2022-02-12T13:43:55.007+0530][gc,cpu        ] GC(52) User=0.04s Sys=0.03s Real=0.01s
[2022-02-12T13:50:56.323+0530][gc,start      ] GC(53) Pause Young (Normal) (G1 Evacuation Pause)
[2022-02-12T13:50:56.323+0530][gc,task       ] GC(53) Using 10 workers of 10 for evacuation
[2022-02-12T13:50:56.344+0530][gc,mmu        ] GC(53) MMU target violated: 20.1ms (20.0ms/21.0ms)
[2022-02-12T13:50:56.344+0530][gc,phases     ] GC(53)   Pre Evacuate Collection Set: 0.0ms
[2022-02-12T13:50:56.344+0530][gc,phases     ] GC(53)   Evacuate Collection Set: 19.8ms
[2022-02-12T13:50:56.344+0530][gc,phases     ] GC(53)   Post Evacuate Collection Set: 0.3ms
[2022-02-12T13:50:56.344+0530][gc,phases     ] GC(53)   Other: 0.3ms
[2022-02-12T13:50:56.344+0530][gc,heap       ] GC(53) Eden regions: 59->0(51)
[2022-02-12T13:50:56.344+0530][gc,heap       ] GC(53) Survivor regions: 4->8(8)
[2022-02-12T13:50:56.344+0530][gc,heap       ] GC(53) Old regions: 88->88
[2022-02-12T13:50:56.344+0530][gc,heap       ] GC(53) Humongous regions: 129->129
[2022-02-12T13:50:56.344+0530][gc,metaspace  ] GC(53) Metaspace: 56281K->56281K(1099776K)
[2022-02-12T13:50:56.344+0530][gc            ] GC(53) Pause Young (Normal) (G1 Evacuation Pause) 278M->224M(1024M) 20.383ms
[2022-02-12T13:50:56.344+0530][gc,cpu        ] GC(53) User=0.04s Sys=0.06s Real=0.02s
[2022-02-12T13:56:57.785+0530][gc,start      ] GC(54) Pause Young (Normal) (G1 Evacuation Pause)
[2022-02-12T13:56:57.785+0530][gc,task       ] GC(54) Using 10 workers of 10 for evacuation
[2022-02-12T13:56:57.792+0530][gc,phases     ] GC(54)   Pre Evacuate Collection Set: 0.0ms
[2022-02-12T13:56:57.792+0530][gc,phases     ] GC(54)   Evacuate Collection Set: 6.4ms
[2022-02-12T13:56:57.792+0530][gc,phases     ] GC(54)   Post Evacuate Collection Set: 0.3ms
[2022-02-12T13:56:57.792+0530][gc,phases     ] GC(54)   Other: 0.2ms
[2022-02-12T13:56:57.792+0530][gc,heap       ] GC(54) Eden regions: 51->0(60)
[2022-02-12T13:56:57.792+0530][gc,heap       ] GC(54) Survivor regions: 8->6(8)
[2022-02-12T13:56:57.792+0530][gc,heap       ] GC(54) Old regions: 88->94
[2022-02-12T13:56:57.792+0530][gc,heap       ] GC(54) Humongous regions: 129->129
[2022-02-12T13:56:57.792+0530][gc,metaspace  ] GC(54) Metaspace: 56281K->56281K(1099776K)
[2022-02-12T13:56:57.792+0530][gc            ] GC(54) Pause Young (Normal) (G1 Evacuation Pause) 275M->227M(1024M) 7.033ms
[2022-02-12T13:56:57.792+0530][gc,cpu        ] GC(54) User=0.05s Sys=0.01s Real=0.01s
[2022-02-13T07:51:50.835+0530][gc,start      ] GC(55) Pause Young (Normal) (G1 Evacuation Pause)
[2022-02-13T07:51:50.835+0530][gc,task       ] GC(55) Using 10 workers of 10 for evacuation
[2022-02-13T07:51:50.881+0530][gc,mmu        ] GC(55) MMU target violated: 21.0ms (20.0ms/21.0ms)
[2022-02-13T07:51:50.881+0530][gc,phases     ] GC(55)   Pre Evacuate Collection Set: 3.2ms
[2022-02-13T07:51:50.881+0530][gc,phases     ] GC(55)   Evacuate Collection Set: 38.5ms
[2022-02-13T07:51:50.881+0530][gc,phases     ] GC(55)   Post Evacuate Collection Set: 1.3ms
[2022-02-13T07:51:50.881+0530][gc,phases     ] GC(55)   Other: 4.4ms
[2022-02-13T07:51:50.881+0530][gc,heap       ] GC(55) Eden regions: 59->0(47)
[2022-02-13T07:51:50.881+0530][gc,heap       ] GC(55) Survivor regions: 6->4(9)
[2022-02-13T07:51:50.881+0530][gc,heap       ] GC(55) Old regions: 94->98
[2022-02-13T07:51:50.881+0530][gc,heap       ] GC(55) Humongous regions: 129->129
[2022-02-13T07:51:50.882+0530][gc,metaspace  ] GC(55) Metaspace: 56536K->56536K(1099776K)
[2022-02-13T07:51:50.882+0530][gc            ] GC(55) Pause Young (Normal) (G1 Evacuation Pause) 286M->229M(1024M) 46.679ms
[2022-02-13T07:51:50.882+0530][gc,cpu        ] GC(55) User=0.05s Sys=0.16s Real=0.05s
[2022-02-14T10:17:19.535+0530][gc,start      ] GC(56) Pause Young (Normal) (G1 Evacuation Pause)
[2022-02-14T10:17:19.536+0530][gc,task       ] GC(56) Using 10 workers of 10 for evacuation
[2022-02-14T10:17:19.567+0530][gc,mmu        ] GC(56) MMU target violated: 21.0ms (20.0ms/21.0ms)
[2022-02-14T10:17:19.567+0530][gc,phases     ] GC(56)   Pre Evacuate Collection Set: 0.9ms
[2022-02-14T10:17:19.567+0530][gc,phases     ] GC(56)   Evacuate Collection Set: 28.2ms
[2022-02-14T10:17:19.567+0530][gc,phases     ] GC(56)   Post Evacuate Collection Set: 0.7ms
[2022-02-14T10:17:19.567+0530][gc,phases     ] GC(56)   Other: 2.2ms
[2022-02-14T10:17:19.567+0530][gc,heap       ] GC(56) Eden regions: 47->0(46)
[2022-02-14T10:17:19.567+0530][gc,heap       ] GC(56) Survivor regions: 4->5(7)
[2022-02-14T10:17:19.567+0530][gc,heap       ] GC(56) Old regions: 98->98
[2022-02-14T10:17:19.568+0530][gc,heap       ] GC(56) Humongous regions: 129->129
[2022-02-14T10:17:19.568+0530][gc,metaspace  ] GC(56) Metaspace: 56740K->56740K(1099776K)
[2022-02-14T10:17:19.568+0530][gc            ] GC(56) Pause Young (Normal) (G1 Evacuation Pause) 276M->230M(1024M) 33.080ms
[2022-02-14T10:17:19.568+0530][gc,cpu        ] GC(56) User=0.04s Sys=0.14s Real=0.03s
[2022-02-14T10:22:34.600+0530][gc,start      ] GC(57) Pause Young (Normal) (G1 Evacuation Pause)
[2022-02-14T10:22:34.601+0530][gc,task       ] GC(57) Using 10 workers of 10 for evacuation
[2022-02-14T10:22:34.629+0530][gc,mmu        ] GC(57) MMU target violated: 21.0ms (20.0ms/21.0ms)
[2022-02-14T10:22:34.630+0530][gc,phases     ] GC(57)   Pre Evacuate Collection Set: 0.0ms
[2022-02-14T10:22:34.630+0530][gc,phases     ] GC(57)   Evacuate Collection Set: 20.6ms
[2022-02-14T10:22:34.630+0530][gc,phases     ] GC(57)   Post Evacuate Collection Set: 7.7ms
[2022-02-14T10:22:34.630+0530][gc,phases     ] GC(57)   Other: 1.7ms
[2022-02-14T10:22:34.630+0530][gc,heap       ] GC(57) Eden regions: 46->0(48)
[2022-02-14T10:22:34.630+0530][gc,heap       ] GC(57) Survivor regions: 5->3(7)
[2022-02-14T10:22:34.630+0530][gc,heap       ] GC(57) Old regions: 98->100
[2022-02-14T10:22:34.630+0530][gc,heap       ] GC(57) Humongous regions: 129->129
[2022-02-14T10:22:34.630+0530][gc,metaspace  ] GC(57) Metaspace: 56740K->56740K(1099776K)
[2022-02-14T10:22:34.630+0530][gc            ] GC(57) Pause Young (Normal) (G1 Evacuation Pause) 276M->231M(1024M) 30.508ms
[2022-02-14T10:22:34.630+0530][gc,cpu        ] GC(57) User=0.09s Sys=0.05s Real=0.03s
[2022-02-14T10:28:12.255+0530][gc,start      ] GC(58) Pause Young (Normal) (G1 Evacuation Pause)
[2022-02-14T10:28:12.256+0530][gc,task       ] GC(58) Using 10 workers of 10 for evacuation
[2022-02-14T10:28:12.266+0530][gc,phases     ] GC(58)   Pre Evacuate Collection Set: 0.1ms
[2022-02-14T10:28:12.266+0530][gc,phases     ] GC(58)   Evacuate Collection Set: 8.1ms
[2022-02-14T10:28:12.266+0530][gc,phases     ] GC(58)   Post Evacuate Collection Set: 0.7ms
[2022-02-14T10:28:12.266+0530][gc,phases     ] GC(58)   Other: 1.7ms
[2022-02-14T10:28:12.266+0530][gc,heap       ] GC(58) Eden regions: 48->0(48)
[2022-02-14T10:28:12.266+0530][gc,heap       ] GC(58) Survivor regions: 3->3(7)
[2022-02-14T10:28:12.266+0530][gc,heap       ] GC(58) Old regions: 100->100
[2022-02-14T10:28:12.266+0530][gc,heap       ] GC(58) Humongous regions: 129->129
[2022-02-14T10:28:12.266+0530][gc,metaspace  ] GC(58) Metaspace: 56744K->56744K(1099776K)
[2022-02-14T10:28:12.266+0530][gc            ] GC(58) Pause Young (Normal) (G1 Evacuation Pause) 279M->231M(1024M) 10.908ms
[2022-02-14T10:28:12.266+0530][gc,cpu        ] GC(58) User=0.05s Sys=0.01s Real=0.01s
[2022-02-14T10:33:59.305+0530][gc,start      ] GC(59) Pause Young (Normal) (G1 Evacuation Pause)
[2022-02-14T10:33:59.306+0530][gc,task       ] GC(59) Using 10 workers of 10 for evacuation
[2022-02-14T10:33:59.356+0530][gc,mmu        ] GC(59) MMU target violated: 21.0ms (20.0ms/21.0ms)
[2022-02-14T10:33:59.357+0530][gc,phases     ] GC(59)   Pre Evacuate Collection Set: 0.4ms
[2022-02-14T10:33:59.357+0530][gc,phases     ] GC(59)   Evacuate Collection Set: 46.1ms
[2022-02-14T10:33:59.357+0530][gc,phases     ] GC(59)   Post Evacuate Collection Set: 3.3ms
[2022-02-14T10:33:59.357+0530][gc,phases     ] GC(59)   Other: 2.2ms
[2022-02-14T10:33:59.357+0530][gc,heap       ] GC(59) Eden regions: 48->0(48)
[2022-02-14T10:33:59.357+0530][gc,heap       ] GC(59) Survivor regions: 3->3(7)
[2022-02-14T10:33:59.357+0530][gc,heap       ] GC(59) Old regions: 100->100
[2022-02-14T10:33:59.357+0530][gc,heap       ] GC(59) Humongous regions: 129->129
[2022-02-14T10:33:59.357+0530][gc,metaspace  ] GC(59) Metaspace: 56755K->56755K(1099776K)
[2022-02-14T10:33:59.357+0530][gc            ] GC(59) Pause Young (Normal) (G1 Evacuation Pause) 279M->231M(1024M) 52.560ms
[2022-02-14T10:33:59.357+0530][gc,cpu        ] GC(59) User=0.09s Sys=0.01s Real=0.05s
[2022-02-14T10:39:34.160+0530][gc,start      ] GC(60) Pause Young (Normal) (G1 Evacuation Pause)
[2022-02-14T10:39:34.160+0530][gc,task       ] GC(60) Using 10 workers of 10 for evacuation
[2022-02-14T10:39:34.169+0530][gc,phases     ] GC(60)   Pre Evacuate Collection Set: 0.1ms
[2022-02-14T10:39:34.169+0530][gc,phases     ] GC(60)   Evacuate Collection Set: 7.4ms
[2022-02-14T10:39:34.169+0530][gc,phases     ] GC(60)   Post Evacuate Collection Set: 0.8ms
[2022-02-14T10:39:34.169+0530][gc,phases     ] GC(60)   Other: 1.0ms
[2022-02-14T10:39:34.169+0530][gc,heap       ] GC(60) Eden regions: 48->0(48)
[2022-02-14T10:39:34.169+0530][gc,heap       ] GC(60) Survivor regions: 3->3(7)
[2022-02-14T10:39:34.169+0530][gc,heap       ] GC(60) Old regions: 100->100
[2022-02-14T10:39:34.169+0530][gc,heap       ] GC(60) Humongous regions: 129->129
[2022-02-14T10:39:34.169+0530][gc,metaspace  ] GC(60) Metaspace: 56759K->56759K(1099776K)
[2022-02-14T10:39:34.169+0530][gc            ] GC(60) Pause Young (Normal) (G1 Evacuation Pause) 279M->231M(1024M) 9.747ms
[2022-02-14T10:39:34.169+0530][gc,cpu        ] GC(60) User=0.04s Sys=0.00s Real=0.00s
[2022-02-14T10:44:53.525+0530][gc,start      ] GC(61) Pause Young (Normal) (G1 Evacuation Pause)
[2022-02-14T10:44:53.526+0530][gc,task       ] GC(61) Using 10 workers of 10 for evacuation
[2022-02-14T10:44:53.539+0530][gc,phases     ] GC(61)   Pre Evacuate Collection Set: 0.1ms
[2022-02-14T10:44:53.539+0530][gc,phases     ] GC(61)   Evacuate Collection Set: 12.0ms
[2022-02-14T10:44:53.539+0530][gc,phases     ] GC(61)   Post Evacuate Collection Set: 0.6ms
[2022-02-14T10:44:53.539+0530][gc,phases     ] GC(61)   Other: 1.2ms
[2022-02-14T10:44:53.539+0530][gc,heap       ] GC(61) Eden regions: 48->0(47)
[2022-02-14T10:44:53.539+0530][gc,heap       ] GC(61) Survivor regions: 3->4(7)
[2022-02-14T10:44:53.539+0530][gc,heap       ] GC(61) Old regions: 100->100
[2022-02-14T10:44:53.539+0530][gc,heap       ] GC(61) Humongous regions: 129->129
[2022-02-14T10:44:53.539+0530][gc,metaspace  ] GC(61) Metaspace: 56760K->56760K(1099776K)
[2022-02-14T10:44:53.539+0530][gc            ] GC(61) Pause Young (Normal) (G1 Evacuation Pause) 279M->232M(1024M) 14.148ms
[2022-02-14T10:44:53.539+0530][gc,cpu        ] GC(61) User=0.04s Sys=0.03s Real=0.01s
[2022-02-14T10:50:07.254+0530][gc,start      ] GC(62) Pause Young (Normal) (G1 Evacuation Pause)
[2022-02-14T10:50:07.254+0530][gc,task       ] GC(62) Using 10 workers of 10 for evacuation
[2022-02-14T10:50:07.387+0530][gc,mmu        ] GC(62) MMU target violated: 21.0ms (20.0ms/21.0ms)
[2022-02-14T10:50:07.387+0530][gc,phases     ] GC(62)   Pre Evacuate Collection Set: 0.4ms
[2022-02-14T10:50:07.387+0530][gc,phases     ] GC(62)   Evacuate Collection Set: 130.0ms
[2022-02-14T10:50:07.388+0530][gc,phases     ] GC(62)   Post Evacuate Collection Set: 1.9ms
[2022-02-14T10:50:07.388+0530][gc,phases     ] GC(62)   Other: 1.6ms
[2022-02-14T10:50:07.388+0530][gc,heap       ] GC(62) Eden regions: 47->0(46)
[2022-02-14T10:50:07.388+0530][gc,heap       ] GC(62) Survivor regions: 4->5(7)
[2022-02-14T10:50:07.388+0530][gc,heap       ] GC(62) Old regions: 100->100
[2022-02-14T10:50:07.388+0530][gc,heap       ] GC(62) Humongous regions: 129->129
[2022-02-14T10:50:07.388+0530][gc,metaspace  ] GC(62) Metaspace: 56761K->56761K(1099776K)
[2022-02-14T10:50:07.388+0530][gc            ] GC(62) Pause Young (Normal) (G1 Evacuation Pause) 279M->233M(1024M) 134.332ms
[2022-02-14T10:50:07.388+0530][gc,cpu        ] GC(62) User=0.12s Sys=0.06s Real=0.13s
[2022-02-14T10:55:16.816+0530][gc,start      ] GC(63) Pause Young (Normal) (G1 Evacuation Pause)
[2022-02-14T10:55:16.817+0530][gc,task       ] GC(63) Using 10 workers of 10 for evacuation
[2022-02-14T10:55:16.841+0530][gc,mmu        ] GC(63) MMU target violated: 21.0ms (20.0ms/21.0ms)
[2022-02-14T10:55:16.841+0530][gc,phases     ] GC(63)   Pre Evacuate Collection Set: 0.3ms
[2022-02-14T10:55:16.841+0530][gc,phases     ] GC(63)   Evacuate Collection Set: 23.1ms
[2022-02-14T10:55:16.841+0530][gc,phases     ] GC(63)   Post Evacuate Collection Set: 0.6ms
[2022-02-14T10:55:16.841+0530][gc,phases     ] GC(63)   Other: 1.2ms
[2022-02-14T10:55:16.841+0530][gc,heap       ] GC(63) Eden regions: 46->0(47)
[2022-02-14T10:55:16.841+0530][gc,heap       ] GC(63) Survivor regions: 5->4(7)
[2022-02-14T10:55:16.841+0530][gc,heap       ] GC(63) Old regions: 100->101
[2022-02-14T10:55:16.842+0530][gc,heap       ] GC(63) Humongous regions: 129->129
[2022-02-14T10:55:16.842+0530][gc,metaspace  ] GC(63) Metaspace: 56761K->56761K(1099776K)
[2022-02-14T10:55:16.842+0530][gc            ] GC(63) Pause Young (Normal) (G1 Evacuation Pause) 279M->232M(1024M) 25.459ms
[2022-02-14T10:55:16.842+0530][gc,cpu        ] GC(63) User=0.08s Sys=0.05s Real=0.03s
[2022-02-14T11:00:33.775+0530][gc,start      ] GC(64) Pause Young (Normal) (G1 Evacuation Pause)
[2022-02-14T11:00:33.776+0530][gc,task       ] GC(64) Using 10 workers of 10 for evacuation
[2022-02-14T11:00:33.829+0530][gc,mmu        ] GC(64) MMU target violated: 21.0ms (20.0ms/21.0ms)
[2022-02-14T11:00:33.830+0530][gc,phases     ] GC(64)   Pre Evacuate Collection Set: 4.9ms
[2022-02-14T11:00:33.830+0530][gc,phases     ] GC(64)   Evacuate Collection Set: 44.7ms
[2022-02-14T11:00:33.830+0530][gc,phases     ] GC(64)   Post Evacuate Collection Set: 2.6ms
[2022-02-14T11:00:33.830+0530][gc,phases     ] GC(64)   Other: 2.9ms
[2022-02-14T11:00:33.830+0530][gc,heap       ] GC(64) Eden regions: 47->0(46)
[2022-02-14T11:00:33.830+0530][gc,heap       ] GC(64) Survivor regions: 4->5(7)
[2022-02-14T11:00:33.830+0530][gc,heap       ] GC(64) Old regions: 101->101
[2022-02-14T11:00:33.830+0530][gc,heap       ] GC(64) Humongous regions: 129->129
[2022-02-14T11:00:33.830+0530][gc,metaspace  ] GC(64) Metaspace: 56762K->56762K(1099776K)
[2022-02-14T11:00:33.831+0530][gc            ] GC(64) Pause Young (Normal) (G1 Evacuation Pause) 279M->234M(1024M) 56.017ms
[2022-02-14T11:00:33.831+0530][gc,cpu        ] GC(64) User=0.10s Sys=0.16s Real=0.06s
[2022-02-14T11:05:42.592+0530][gc,start      ] GC(65) Pause Young (Normal) (G1 Evacuation Pause)
[2022-02-14T11:05:42.593+0530][gc,task       ] GC(65) Using 10 workers of 10 for evacuation
[2022-02-14T11:05:42.621+0530][gc,mmu        ] GC(65) MMU target violated: 21.0ms (20.0ms/21.0ms)
[2022-02-14T11:05:42.621+0530][gc,phases     ] GC(65)   Pre Evacuate Collection Set: 0.0ms
[2022-02-14T11:05:42.621+0530][gc,phases     ] GC(65)   Evacuate Collection Set: 26.9ms
[2022-02-14T11:05:42.621+0530][gc,phases     ] GC(65)   Post Evacuate Collection Set: 0.7ms
[2022-02-14T11:05:42.621+0530][gc,phases     ] GC(65)   Other: 1.2ms
[2022-02-14T11:05:42.621+0530][gc,heap       ] GC(65) Eden regions: 46->0(46)
[2022-02-14T11:05:42.621+0530][gc,heap       ] GC(65) Survivor regions: 5->5(7)
[2022-02-14T11:05:42.621+0530][gc,heap       ] GC(65) Old regions: 101->102
[2022-02-14T11:05:42.621+0530][gc,heap       ] GC(65) Humongous regions: 129->129
[2022-02-14T11:05:42.621+0530][gc,metaspace  ] GC(65) Metaspace: 56762K->56762K(1099776K)
[2022-02-14T11:05:42.621+0530][gc            ] GC(65) Pause Young (Normal) (G1 Evacuation Pause) 280M->235M(1024M) 29.118ms
[2022-02-14T11:05:42.621+0530][gc,cpu        ] GC(65) User=0.11s Sys=0.03s Real=0.03s
[2022-02-14T11:10:53.074+0530][gc,start      ] GC(66) Pause Young (Normal) (G1 Evacuation Pause)
[2022-02-14T11:10:53.075+0530][gc,task       ] GC(66) Using 10 workers of 10 for evacuation
[2022-02-14T11:10:53.103+0530][gc,mmu        ] GC(66) MMU target violated: 21.0ms (20.0ms/21.0ms)
[2022-02-14T11:10:53.104+0530][gc,phases     ] GC(66)   Pre Evacuate Collection Set: 0.3ms
[2022-02-14T11:10:53.104+0530][gc,phases     ] GC(66)   Evacuate Collection Set: 26.9ms
[2022-02-14T11:10:53.104+0530][gc,phases     ] GC(66)   Post Evacuate Collection Set: 1.2ms
[2022-02-14T11:10:53.104+0530][gc,phases     ] GC(66)   Other: 1.1ms
[2022-02-14T11:10:53.104+0530][gc,heap       ] GC(66) Eden regions: 46->0(45)
[2022-02-14T11:10:53.104+0530][gc,heap       ] GC(66) Survivor regions: 5->6(7)
[2022-02-14T11:10:53.104+0530][gc,heap       ] GC(66) Old regions: 102->104
[2022-02-14T11:10:53.104+0530][gc,heap       ] GC(66) Humongous regions: 129->129
[2022-02-14T11:10:53.104+0530][gc,metaspace  ] GC(66) Metaspace: 56762K->56762K(1099776K)
[2022-02-14T11:10:53.105+0530][gc            ] GC(66) Pause Young (Normal) (G1 Evacuation Pause) 281M->238M(1024M) 30.783ms
[2022-02-14T11:10:53.105+0530][gc,cpu        ] GC(66) User=0.08s Sys=0.07s Real=0.03s
[2022-02-14T11:15:55.387+0530][gc,start      ] GC(67) Pause Young (Normal) (G1 Evacuation Pause)
[2022-02-14T11:15:55.388+0530][gc,task       ] GC(67) Using 10 workers of 10 for evacuation
[2022-02-14T11:15:55.424+0530][gc,mmu        ] GC(67) MMU target violated: 21.0ms (20.0ms/21.0ms)
[2022-02-14T11:15:55.424+0530][gc,phases     ] GC(67)   Pre Evacuate Collection Set: 0.0ms
[2022-02-14T11:15:55.424+0530][gc,phases     ] GC(67)   Evacuate Collection Set: 33.8ms
[2022-02-14T11:15:55.424+0530][gc,phases     ] GC(67)   Post Evacuate Collection Set: 0.9ms
[2022-02-14T11:15:55.424+0530][gc,phases     ] GC(67)   Other: 2.5ms
[2022-02-14T11:15:55.424+0530][gc,heap       ] GC(67) Eden regions: 45->0(47)
[2022-02-14T11:15:55.425+0530][gc,heap       ] GC(67) Survivor regions: 6->4(7)
[2022-02-14T11:15:55.425+0530][gc,heap       ] GC(67) Old regions: 104->107
[2022-02-14T11:15:55.425+0530][gc,heap       ] GC(67) Humongous regions: 129->129
[2022-02-14T11:15:55.425+0530][gc,metaspace  ] GC(67) Metaspace: 56768K->56768K(1099776K)
[2022-02-14T11:15:55.425+0530][gc            ] GC(67) Pause Young (Normal) (G1 Evacuation Pause) 283M->239M(1024M) 37.770ms
[2022-02-14T11:15:55.425+0530][gc,cpu        ] GC(67) User=0.11s Sys=0.05s Real=0.04s
[2022-02-14T11:21:05.514+0530][gc,start      ] GC(68) Pause Young (Normal) (G1 Evacuation Pause)
[2022-02-14T11:21:05.514+0530][gc,task       ] GC(68) Using 10 workers of 10 for evacuation
[2022-02-14T11:21:05.536+0530][gc,mmu        ] GC(68) MMU target violated: 21.0ms (20.0ms/21.0ms)
[2022-02-14T11:21:05.536+0530][gc,phases     ] GC(68)   Pre Evacuate Collection Set: 0.3ms
[2022-02-14T11:21:05.536+0530][gc,phases     ] GC(68)   Evacuate Collection Set: 19.6ms
[2022-02-14T11:21:05.536+0530][gc,phases     ] GC(68)   Post Evacuate Collection Set: 1.0ms
[2022-02-14T11:21:05.536+0530][gc,phases     ] GC(68)   Other: 1.4ms
[2022-02-14T11:21:05.536+0530][gc,heap       ] GC(68) Eden regions: 47->0(46)
[2022-02-14T11:21:05.536+0530][gc,heap       ] GC(68) Survivor regions: 4->5(7)
[2022-02-14T11:21:05.536+0530][gc,heap       ] GC(68) Old regions: 107->109
[2022-02-14T11:21:05.536+0530][gc,heap       ] GC(68) Humongous regions: 129->129
[2022-02-14T11:21:05.537+0530][gc,metaspace  ] GC(68) Metaspace: 56768K->56768K(1099776K)
[2022-02-14T11:21:05.537+0530][gc            ] GC(68) Pause Young (Normal) (G1 Evacuation Pause) 286M->242M(1024M) 22.873ms
[2022-02-14T11:21:05.537+0530][gc,cpu        ] GC(68) User=0.11s Sys=0.04s Real=0.02s
[2022-02-14T11:26:08.086+0530][gc,start      ] GC(69) Pause Young (Normal) (G1 Evacuation Pause)
[2022-02-14T11:26:08.086+0530][gc,task       ] GC(69) Using 10 workers of 10 for evacuation
[2022-02-14T11:26:08.151+0530][gc,mmu        ] GC(69) MMU target violated: 21.0ms (20.0ms/21.0ms)
[2022-02-14T11:26:08.153+0530][gc,phases     ] GC(69)   Pre Evacuate Collection Set: 0.1ms
[2022-02-14T11:26:08.153+0530][gc,phases     ] GC(69)   Evacuate Collection Set: 62.8ms
[2022-02-14T11:26:08.153+0530][gc,phases     ] GC(69)   Post Evacuate Collection Set: 1.1ms
[2022-02-14T11:26:08.153+0530][gc,phases     ] GC(69)   Other: 3.0ms
[2022-02-14T11:26:08.153+0530][gc,heap       ] GC(69) Eden regions: 46->0(47)
[2022-02-14T11:26:08.153+0530][gc,heap       ] GC(69) Survivor regions: 5->4(7)
[2022-02-14T11:26:08.153+0530][gc,heap       ] GC(69) Old regions: 109->112
[2022-02-14T11:26:08.153+0530][gc,heap       ] GC(69) Humongous regions: 129->129
[2022-02-14T11:26:08.153+0530][gc,metaspace  ] GC(69) Metaspace: 56774K->56774K(1099776K)
[2022-02-14T11:26:08.154+0530][gc            ] GC(69) Pause Young (Normal) (G1 Evacuation Pause) 288M->244M(1024M) 67.747ms
[2022-02-14T11:26:08.154+0530][gc,cpu        ] GC(69) User=0.13s Sys=0.09s Real=0.07s
[2022-02-14T11:31:28.584+0530][gc,start      ] GC(70) Pause Young (Normal) (G1 Evacuation Pause)
[2022-02-14T11:31:28.585+0530][gc,task       ] GC(70) Using 10 workers of 10 for evacuation
[2022-02-14T11:31:28.626+0530][gc,mmu        ] GC(70) MMU target violated: 21.0ms (20.0ms/21.0ms)
[2022-02-14T11:31:28.626+0530][gc,phases     ] GC(70)   Pre Evacuate Collection Set: 0.1ms
[2022-02-14T11:31:28.626+0530][gc,phases     ] GC(70)   Evacuate Collection Set: 27.1ms
[2022-02-14T11:31:28.626+0530][gc,phases     ] GC(70)   Post Evacuate Collection Set: 12.6ms
[2022-02-14T11:31:28.626+0530][gc,phases     ] GC(70)   Other: 2.2ms
[2022-02-14T11:31:28.627+0530][gc,heap       ] GC(70) Eden regions: 47->0(47)
[2022-02-14T11:31:28.627+0530][gc,heap       ] GC(70) Survivor regions: 4->4(7)
[2022-02-14T11:31:28.627+0530][gc,heap       ] GC(70) Old regions: 112->115
[2022-02-14T11:31:28.627+0530][gc,heap       ] GC(70) Humongous regions: 129->129
[2022-02-14T11:31:28.627+0530][gc,metaspace  ] GC(70) Metaspace: 56775K->56775K(1099776K)
[2022-02-14T11:31:28.627+0530][gc            ] GC(70) Pause Young (Normal) (G1 Evacuation Pause) 291M->247M(1024M) 42.566ms
[2022-02-14T11:31:28.627+0530][gc,cpu        ] GC(70) User=0.12s Sys=0.02s Real=0.04s
[2022-02-14T11:36:47.313+0530][gc,start      ] GC(71) Pause Young (Normal) (G1 Evacuation Pause)
[2022-02-14T11:36:47.314+0530][gc,task       ] GC(71) Using 10 workers of 10 for evacuation
[2022-02-14T11:36:47.377+0530][gc,mmu        ] GC(71) MMU target violated: 21.0ms (20.0ms/21.0ms)
[2022-02-14T11:36:47.378+0530][gc,phases     ] GC(71)   Pre Evacuate Collection Set: 3.9ms
[2022-02-14T11:36:47.378+0530][gc,phases     ] GC(71)   Evacuate Collection Set: 55.0ms
[2022-02-14T11:36:47.378+0530][gc,phases     ] GC(71)   Post Evacuate Collection Set: 1.6ms
[2022-02-14T11:36:47.378+0530][gc,phases     ] GC(71)   Other: 4.7ms
[2022-02-14T11:36:47.378+0530][gc,heap       ] GC(71) Eden regions: 47->0(47)
[2022-02-14T11:36:47.378+0530][gc,heap       ] GC(71) Survivor regions: 4->4(7)
[2022-02-14T11:36:47.378+0530][gc,heap       ] GC(71) Old regions: 115->119
[2022-02-14T11:36:47.378+0530][gc,heap       ] GC(71) Humongous regions: 129->129
[2022-02-14T11:36:47.381+0530][gc,metaspace  ] GC(71) Metaspace: 56782K->56782K(1099776K)
[2022-02-14T11:36:47.381+0530][gc            ] GC(71) Pause Young (Normal) (G1 Evacuation Pause) 294M->251M(1024M) 68.275ms
[2022-02-14T11:36:47.381+0530][gc,cpu        ] GC(71) User=0.13s Sys=0.14s Real=0.07s
[2022-02-14T11:42:03.641+0530][gc,start      ] GC(72) Pause Young (Normal) (G1 Evacuation Pause)
[2022-02-14T11:42:03.642+0530][gc,task       ] GC(72) Using 10 workers of 10 for evacuation
[2022-02-14T11:42:03.671+0530][gc,mmu        ] GC(72) MMU target violated: 21.0ms (20.0ms/21.0ms)
[2022-02-14T11:42:03.671+0530][gc,phases     ] GC(72)   Pre Evacuate Collection Set: 0.0ms
[2022-02-14T11:42:03.671+0530][gc,phases     ] GC(72)   Evacuate Collection Set: 28.5ms
[2022-02-14T11:42:03.672+0530][gc,phases     ] GC(72)   Post Evacuate Collection Set: 0.8ms
[2022-02-14T11:42:03.672+0530][gc,phases     ] GC(72)   Other: 1.0ms
[2022-02-14T11:42:03.672+0530][gc,heap       ] GC(72) Eden regions: 47->0(44)
[2022-02-14T11:42:03.672+0530][gc,heap       ] GC(72) Survivor regions: 4->7(7)
[2022-02-14T11:42:03.672+0530][gc,heap       ] GC(72) Old regions: 119->119
[2022-02-14T11:42:03.672+0530][gc,heap       ] GC(72) Humongous regions: 129->129
[2022-02-14T11:42:03.672+0530][gc,metaspace  ] GC(72) Metaspace: 56782K->56782K(1099776K)
[2022-02-14T11:42:03.672+0530][gc            ] GC(72) Pause Young (Normal) (G1 Evacuation Pause) 298M->253M(1024M) 30.762ms
[2022-02-14T11:42:03.672+0530][gc,cpu        ] GC(72) User=0.11s Sys=0.08s Real=0.03s
[2022-02-14T11:46:32.998+0530][gc,start      ] GC(73) Pause Young (Normal) (G1 Evacuation Pause)
[2022-02-14T11:46:32.999+0530][gc,task       ] GC(73) Using 10 workers of 10 for evacuation
[2022-02-14T11:46:33.016+0530][gc,phases     ] GC(73)   Pre Evacuate Collection Set: 0.1ms
[2022-02-14T11:46:33.016+0530][gc,phases     ] GC(73)   Evacuate Collection Set: 15.9ms
[2022-02-14T11:46:33.016+0530][gc,phases     ] GC(73)   Post Evacuate Collection Set: 0.7ms
[2022-02-14T11:46:33.016+0530][gc,phases     ] GC(73)   Other: 1.4ms
[2022-02-14T11:46:33.016+0530][gc,heap       ] GC(73) Eden regions: 44->0(44)
[2022-02-14T11:46:33.016+0530][gc,heap       ] GC(73) Survivor regions: 7->7(7)
[2022-02-14T11:46:33.016+0530][gc,heap       ] GC(73) Old regions: 119->122
[2022-02-14T11:46:33.016+0530][gc,heap       ] GC(73) Humongous regions: 129->129
[2022-02-14T11:46:33.016+0530][gc,metaspace  ] GC(73) Metaspace: 56784K->56784K(1099776K)
[2022-02-14T11:46:33.017+0530][gc            ] GC(73) Pause Young (Normal) (G1 Evacuation Pause) 297M->257M(1024M) 18.587ms
[2022-02-14T11:46:33.017+0530][gc,cpu        ] GC(73) User=0.12s Sys=0.03s Real=0.02s
[2022-02-14T11:51:28.040+0530][gc,start      ] GC(74) Pause Young (Normal) (G1 Evacuation Pause)
[2022-02-14T11:51:28.041+0530][gc,task       ] GC(74) Using 10 workers of 10 for evacuation
[2022-02-14T11:51:28.068+0530][gc,mmu        ] GC(74) MMU target violated: 21.0ms (20.0ms/21.0ms)
[2022-02-14T11:51:28.068+0530][gc,phases     ] GC(74)   Pre Evacuate Collection Set: 1.6ms
[2022-02-14T11:51:28.068+0530][gc,phases     ] GC(74)   Evacuate Collection Set: 24.6ms
[2022-02-14T11:51:28.068+0530][gc,phases     ] GC(74)   Post Evacuate Collection Set: 0.8ms
[2022-02-14T11:51:28.068+0530][gc,phases     ] GC(74)   Other: 1.2ms
[2022-02-14T11:51:28.068+0530][gc,heap       ] GC(74) Eden regions: 44->0(47)
[2022-02-14T11:51:28.068+0530][gc,heap       ] GC(74) Survivor regions: 7->4(7)
[2022-02-14T11:51:28.068+0530][gc,heap       ] GC(74) Old regions: 122->127
[2022-02-14T11:51:28.068+0530][gc,heap       ] GC(74) Humongous regions: 129->129
[2022-02-14T11:51:28.068+0530][gc,metaspace  ] GC(74) Metaspace: 56786K->56786K(1099776K)
[2022-02-14T11:51:28.068+0530][gc            ] GC(74) Pause Young (Normal) (G1 Evacuation Pause) 301M->259M(1024M) 28.351ms
[2022-02-14T11:51:28.068+0530][gc,cpu        ] GC(74) User=0.08s Sys=0.08s Real=0.02s
