[2022-02-10T20:37:03.085+0530][gc,heap] Heap region size: 1M
[2022-02-10T20:37:03.094+0530][gc     ] Using G1
[2022-02-10T20:37:03.094+0530][gc,heap,coops] Heap address: 0x00000007c0000000, size: 1024 MB, Compressed Oops mode: Zero based, Oop shift amount: 3
[2022-02-10T20:37:04.063+0530][gc,start     ] GC(0) Pause Young (Concurrent Start) (Metadata GC Threshold)
[2022-02-10T20:37:04.064+0530][gc,task      ] GC(0) Using 10 workers of 10 for evacuation
[2022-02-10T20:37:04.071+0530][gc,phases    ] GC(0)   Pre Evacuate Collection Set: 0.0ms
[2022-02-10T20:37:04.071+0530][gc,phases    ] GC(0)   Evacuate Collection Set: 6.9ms
[2022-02-10T20:37:04.071+0530][gc,phases    ] GC(0)   Post Evacuate Collection Set: 0.3ms
[2022-02-10T20:37:04.071+0530][gc,phases    ] GC(0)   Other: 0.8ms
[2022-02-10T20:37:04.071+0530][gc,heap      ] GC(0) Eden regions: 41->0(44)
[2022-02-10T20:37:04.071+0530][gc,heap      ] GC(0) Survivor regions: 0->7(7)
[2022-02-10T20:37:04.071+0530][gc,heap      ] GC(0) Old regions: 0->0
[2022-02-10T20:37:04.071+0530][gc,heap      ] GC(0) Humongous regions: 0->0
[2022-02-10T20:37:04.071+0530][gc,metaspace ] GC(0) Metaspace: 20516K->20516K(1069056K)
[2022-02-10T20:37:04.071+0530][gc           ] GC(0) Pause Young (Concurrent Start) (Metadata GC Threshold) 41M->6M(1024M) 8.197ms
[2022-02-10T20:37:04.071+0530][gc,cpu       ] GC(0) User=0.02s Sys=0.01s Real=0.01s
[2022-02-10T20:37:04.072+0530][gc           ] GC(1) Concurrent Cycle
[2022-02-10T20:37:04.072+0530][gc,marking   ] GC(1) Concurrent Clear Claimed Marks
[2022-02-10T20:37:04.072+0530][gc,marking   ] GC(1) Concurrent Clear Claimed Marks 0.018ms
[2022-02-10T20:37:04.072+0530][gc,marking   ] GC(1) Concurrent Scan Root Regions
[2022-02-10T20:37:04.073+0530][gc,marking   ] GC(1) Concurrent Scan Root Regions 1.263ms
[2022-02-10T20:37:04.073+0530][gc,marking   ] GC(1) Concurrent Mark (0.998s)
[2022-02-10T20:37:04.073+0530][gc,marking   ] GC(1) Concurrent Mark From Roots
[2022-02-10T20:37:04.073+0530][gc,task      ] GC(1) Using 3 workers of 3 for marking
[2022-02-10T20:37:04.073+0530][gc,marking   ] GC(1) Concurrent Mark From Roots 0.148ms
[2022-02-10T20:37:04.073+0530][gc,marking   ] GC(1) Concurrent Preclean
[2022-02-10T20:37:04.073+0530][gc,marking   ] GC(1) Concurrent Preclean 0.028ms
[2022-02-10T20:37:04.073+0530][gc,marking   ] GC(1) Concurrent Mark (0.998s, 0.998s) 0.212ms
[2022-02-10T20:37:04.073+0530][gc,start     ] GC(1) Pause Remark
[2022-02-10T20:37:04.074+0530][gc,stringtable] GC(1) Cleaned string and symbol table, strings: 7221 processed, 0 removed, symbols: 63513 processed, 43 removed
[2022-02-10T20:37:04.074+0530][gc            ] GC(1) Pause Remark 7M->7M(1024M) 1.263ms
[2022-02-10T20:37:04.074+0530][gc,cpu        ] GC(1) User=0.00s Sys=0.00s Real=0.00s
[2022-02-10T20:37:04.075+0530][gc,marking    ] GC(1) Concurrent Rebuild Remembered Sets
[2022-02-10T20:37:04.075+0530][gc,marking    ] GC(1) Concurrent Rebuild Remembered Sets 0.083ms
[2022-02-10T20:37:04.075+0530][gc,start      ] GC(1) Pause Cleanup
[2022-02-10T20:37:04.075+0530][gc            ] GC(1) Pause Cleanup 7M->7M(1024M) 0.126ms
[2022-02-10T20:37:04.075+0530][gc,cpu        ] GC(1) User=0.00s Sys=0.00s Real=0.00s
[2022-02-10T20:37:04.075+0530][gc,marking    ] GC(1) Concurrent Cleanup for Next Mark
[2022-02-10T20:37:04.081+0530][gc,marking    ] GC(1) Concurrent Cleanup for Next Mark 6.334ms
[2022-02-10T20:37:04.081+0530][gc            ] GC(1) Concurrent Cycle 9.767ms
[2022-02-10T20:37:05.503+0530][gc,start      ] GC(2) Pause Young (Normal) (G1 Evacuation Pause)
[2022-02-10T20:37:05.503+0530][gc,task       ] GC(2) Using 10 workers of 10 for evacuation
[2022-02-10T20:37:05.512+0530][gc,phases     ] GC(2)   Pre Evacuate Collection Set: 0.1ms
[2022-02-10T20:37:05.512+0530][gc,phases     ] GC(2)   Evacuate Collection Set: 7.4ms
[2022-02-10T20:37:05.512+0530][gc,phases     ] GC(2)   Post Evacuate Collection Set: 0.8ms
[2022-02-10T20:37:05.512+0530][gc,phases     ] GC(2)   Other: 0.2ms
[2022-02-10T20:37:05.512+0530][gc,heap       ] GC(2) Eden regions: 44->0(48)
[2022-02-10T20:37:05.512+0530][gc,heap       ] GC(2) Survivor regions: 7->3(7)
[2022-02-10T20:37:05.512+0530][gc,heap       ] GC(2) Old regions: 0->7
[2022-02-10T20:37:05.512+0530][gc,heap       ] GC(2) Humongous regions: 129->129
[2022-02-10T20:37:05.512+0530][gc,metaspace  ] GC(2) Metaspace: 30195K->30195K(1077248K)
[2022-02-10T20:37:05.512+0530][gc            ] GC(2) Pause Young (Normal) (G1 Evacuation Pause) 179M->137M(1024M) 8.763ms
[2022-02-10T20:37:05.512+0530][gc,cpu        ] GC(2) User=0.04s Sys=0.01s Real=0.01s
[2022-02-10T20:37:05.755+0530][gc,start      ] GC(3) Pause Young (Concurrent Start) (Metadata GC Threshold)
[2022-02-10T20:37:05.755+0530][gc,task       ] GC(3) Using 10 workers of 10 for evacuation
[2022-02-10T20:37:05.756+0530][gc,phases     ] GC(3)   Pre Evacuate Collection Set: 0.1ms
[2022-02-10T20:37:05.756+0530][gc,phases     ] GC(3)   Evacuate Collection Set: 1.4ms
[2022-02-10T20:37:05.756+0530][gc,phases     ] GC(3)   Post Evacuate Collection Set: 0.2ms
[2022-02-10T20:37:05.756+0530][gc,phases     ] GC(3)   Other: 0.2ms
[2022-02-10T20:37:05.756+0530][gc,heap       ] GC(3) Eden regions: 22->0(48)
[2022-02-10T20:37:05.756+0530][gc,heap       ] GC(3) Survivor regions: 3->3(7)
[2022-02-10T20:37:05.756+0530][gc,heap       ] GC(3) Old regions: 7->7
[2022-02-10T20:37:05.756+0530][gc,heap       ] GC(3) Humongous regions: 129->129
[2022-02-10T20:37:05.756+0530][gc,metaspace  ] GC(3) Metaspace: 34726K->34726K(1081344K)
[2022-02-10T20:37:05.756+0530][gc            ] GC(3) Pause Young (Concurrent Start) (Metadata GC Threshold) 159M->138M(1024M) 1.925ms
[2022-02-10T20:37:05.756+0530][gc,cpu        ] GC(3) User=0.01s Sys=0.00s Real=0.00s
[2022-02-10T20:37:05.757+0530][gc            ] GC(4) Concurrent Cycle
[2022-02-10T20:37:05.757+0530][gc,marking    ] GC(4) Concurrent Clear Claimed Marks
[2022-02-10T20:37:05.757+0530][gc,marking    ] GC(4) Concurrent Clear Claimed Marks 0.023ms
[2022-02-10T20:37:05.757+0530][gc,marking    ] GC(4) Concurrent Scan Root Regions
[2022-02-10T20:37:05.757+0530][gc,marking    ] GC(4) Concurrent Scan Root Regions 0.909ms
[2022-02-10T20:37:05.758+0530][gc,marking    ] GC(4) Concurrent Mark (2.682s)
[2022-02-10T20:37:05.758+0530][gc,marking    ] GC(4) Concurrent Mark From Roots
[2022-02-10T20:37:05.758+0530][gc,task       ] GC(4) Using 3 workers of 3 for marking
[2022-02-10T20:37:05.761+0530][gc,marking    ] GC(4) Concurrent Mark From Roots 3.360ms
[2022-02-10T20:37:05.761+0530][gc,marking    ] GC(4) Concurrent Preclean
[2022-02-10T20:37:05.761+0530][gc,marking    ] GC(4) Concurrent Preclean 0.053ms
[2022-02-10T20:37:05.761+0530][gc,marking    ] GC(4) Concurrent Mark (2.682s, 2.686s) 3.472ms
[2022-02-10T20:37:05.761+0530][gc,start      ] GC(4) Pause Remark
[2022-02-10T20:37:05.763+0530][gc,stringtable] GC(4) Cleaned string and symbol table, strings: 10744 processed, 9 removed, symbols: 95595 processed, 34 removed
[2022-02-10T20:37:05.763+0530][gc            ] GC(4) Pause Remark 138M->138M(1024M) 2.149ms
[2022-02-10T20:37:05.763+0530][gc,cpu        ] GC(4) User=0.01s Sys=0.00s Real=0.00s
[2022-02-10T20:37:05.763+0530][gc,marking    ] GC(4) Concurrent Rebuild Remembered Sets
[2022-02-10T20:37:05.765+0530][gc,marking    ] GC(4) Concurrent Rebuild Remembered Sets 1.979ms
[2022-02-10T20:37:05.765+0530][gc,start      ] GC(4) Pause Cleanup
[2022-02-10T20:37:05.766+0530][gc            ] GC(4) Pause Cleanup 138M->138M(1024M) 0.181ms
[2022-02-10T20:37:05.766+0530][gc,cpu        ] GC(4) User=0.00s Sys=0.00s Real=0.00s
[2022-02-10T20:37:05.766+0530][gc,marking    ] GC(4) Concurrent Cleanup for Next Mark
[2022-02-10T20:37:05.772+0530][gc,marking    ] GC(4) Concurrent Cleanup for Next Mark 6.398ms
[2022-02-10T20:37:05.772+0530][gc            ] GC(4) Concurrent Cycle 15.616ms
[2022-02-10T20:37:06.479+0530][gc,start      ] GC(5) Pause Young (Normal) (G1 Evacuation Pause)
[2022-02-10T20:37:06.479+0530][gc,task       ] GC(5) Using 10 workers of 10 for evacuation
[2022-02-10T20:37:06.484+0530][gc,phases     ] GC(5)   Pre Evacuate Collection Set: 0.0ms
[2022-02-10T20:37:06.484+0530][gc,phases     ] GC(5)   Evacuate Collection Set: 4.7ms
[2022-02-10T20:37:06.484+0530][gc,phases     ] GC(5)   Post Evacuate Collection Set: 0.5ms
[2022-02-10T20:37:06.484+0530][gc,phases     ] GC(5)   Other: 0.2ms
[2022-02-10T20:37:06.484+0530][gc,heap       ] GC(5) Eden regions: 48->0(44)
[2022-02-10T20:37:06.484+0530][gc,heap       ] GC(5) Survivor regions: 3->7(7)
[2022-02-10T20:37:06.484+0530][gc,heap       ] GC(5) Old regions: 7->7
[2022-02-10T20:37:06.484+0530][gc,heap       ] GC(5) Humongous regions: 129->129
[2022-02-10T20:37:06.484+0530][gc,metaspace  ] GC(5) Metaspace: 43164K->43164K(1087488K)
[2022-02-10T20:37:06.484+0530][gc            ] GC(5) Pause Young (Normal) (G1 Evacuation Pause) 186M->142M(1024M) 5.561ms
[2022-02-10T20:37:06.484+0530][gc,cpu        ] GC(5) User=0.03s Sys=0.00s Real=0.01s
[2022-02-10T20:38:07.490+0530][gc,heap,exit  ] Heap
[2022-02-10T20:38:07.491+0530][gc,heap,exit  ]  garbage-first heap   total 1048576K, used 162894K [0x00000007c0000000, 0x0000000800000000)
[2022-02-10T20:38:07.491+0530][gc,heap,exit  ]   region size 1024K, 25 young (25600K), 7 survivors (7168K)
[2022-02-10T20:38:07.491+0530][gc,heap,exit  ]  Metaspace       used 45358K, capacity 47046K, committed 47148K, reserved 1089536K
[2022-02-10T20:38:07.491+0530][gc,heap,exit  ]   class space    used 5696K, capacity 6482K, committed 6528K, reserved 1048576K
